[+1300 ms] Artifact Instance of 'MaterialFonts' is not required, skipping update.
[   +1 ms] Artifact Instance of 'GradleWrapper' is not required, skipping update.
[        ] Artifact Instance of 'AndroidGenSnapshotArtifacts' is not required, skipping update.
[        ] Artifact Instance of 'AndroidInternalBuildArtifacts' is not required, skipping update.
[        ] Artifact Instance of 'IOSEngineArtifacts' is not required, skipping update.
[        ] Artifact Instance of 'FlutterWebSdk' is not required, skipping update.
[   +1 ms] Artifact Instance of 'LegacyCanvasKitRemover' is not required, skipping update.
[        ] Artifact Instance of 'FlutterSdk' is not required, skipping update.
[        ] Artifact Instance of 'WindowsEngineArtifacts' is not required, skipping update.
[        ] Artifact Instance of 'MacOSEngineArtifacts' is not required, skipping update.
[        ] Artifact Instance of 'LinuxEngineArtifacts' is not required, skipping update.
[        ] Artifact Instance of 'LinuxFuchsiaSDKArtifacts' is not required, skipping update.
[        ] Artifact Instance of 'MacOSFuchsiaSDKArtifacts' is not required, skipping update.
[        ] Artifact Instance of 'FlutterRunnerSDKArtifacts' is not required, skipping update.
[        ] Artifact Instance of 'FlutterRunnerDebugSymbols' is not required, skipping update.
[        ] Artifact Instance of 'IosUsbArtifacts' is not required, skipping update.
[        ] Artifact Instance of 'IosUsbArtifacts' is not required, skipping update.
[        ] Artifact Instance of 'IosUsbArtifacts' is not required, skipping update.
[        ] Artifact Instance of 'IosUsbArtifacts' is not required, skipping update.
[        ] Artifact Instance of 'IosUsbArtifacts' is not required, skipping update.
[        ] Artifact Instance of 'IosUsbArtifacts' is not required, skipping update.
[        ] Artifact Instance of 'FontSubsetArtifacts' is not required, skipping update.
[        ] Artifact Instance of 'PubDependencies' is not required, skipping update.
[   +1 ms] executing: [E:\flutter/] git -c log.showSignature=false log HEAD -n 1 --pretty=format:%ad --date=iso
[+1348 ms] Exit code 0 from: git -c log.showSignature=false log HEAD -n 1 --pretty=format:%ad --date=iso
[        ] 2026-03-03 16:03:22 -0800
[  +29 ms] Artifact Instance of 'AndroidGenSnapshotArtifacts' is not required, skipping update.
[        ] Artifact Instance of 'AndroidInternalBuildArtifacts' is not required, skipping update.
[        ] Artifact Instance of 'IOSEngineArtifacts' is not required, skipping update.
[        ] Artifact Instance of 'FlutterWebSdk' is not required, skipping update.
[        ] Artifact Instance of 'FlutterEngineStamp' is not required, skipping update.
[        ] Artifact Instance of 'LegacyCanvasKitRemover' is not required, skipping update.
[   +7 ms] Artifact Instance of 'WindowsEngineArtifacts' is not required, skipping update.
[        ] Artifact Instance of 'MacOSEngineArtifacts' is not required, skipping update.
[        ] Artifact Instance of 'LinuxEngineArtifacts' is not required, skipping update.
[        ] Artifact Instance of 'LinuxFuchsiaSDKArtifacts' is not required, skipping update.
[        ] Artifact Instance of 'MacOSFuchsiaSDKArtifacts' is not required, skipping update.
[        ] Artifact Instance of 'FlutterRunnerSDKArtifacts' is not required, skipping update.
[        ] Artifact Instance of 'FlutterRunnerDebugSymbols' is not required, skipping update.
[ +197 ms] Artifact Instance of 'MaterialFonts' is not required, skipping update.
[        ] Artifact Instance of 'GradleWrapper' is not required, skipping update.
[   +9 ms] Artifact Instance of 'AndroidInternalBuildArtifacts' is not required, skipping update.
[   +2 ms] Artifact Instance of 'IOSEngineArtifacts' is not required, skipping update.
[        ] Artifact Instance of 'FlutterWebSdk' is not required, skipping update.
[        ] Artifact Instance of 'FlutterEngineStamp' is not required, skipping update.
[        ] Artifact Instance of 'LegacyCanvasKitRemover' is not required, skipping update.
[        ] Artifact Instance of 'FlutterSdk' is not required, skipping update.
[        ] Artifact Instance of 'WindowsEngineArtifacts' is not required, skipping update.
[        ] Artifact Instance of 'MacOSEngineArtifacts' is not required, skipping update.
[        ] Artifact Instance of 'LinuxEngineArtifacts' is not required, skipping update.
[        ] Artifact Instance of 'LinuxFuchsiaSDKArtifacts' is not required, skipping update.
[        ] Artifact Instance of 'MacOSFuchsiaSDKArtifacts' is not required, skipping update.
[        ] Artifact Instance of 'FlutterRunnerSDKArtifacts' is not required, skipping update.
[        ] Artifact Instance of 'FlutterRunnerDebugSymbols' is not required, skipping update.
[        ] Artifact Instance of 'IosUsbArtifacts' is not required, skipping update.
[        ] Artifact Instance of 'IosUsbArtifacts' is not required, skipping update.
[        ] Artifact Instance of 'IosUsbArtifacts' is not required, skipping update.
[        ] Artifact Instance of 'IosUsbArtifacts' is not required, skipping update.
[        ] Artifact Instance of 'IosUsbArtifacts' is not required, skipping update.
[        ] Artifact Instance of 'IosUsbArtifacts' is not required, skipping update.
[        ] Artifact Instance of 'FontSubsetArtifacts' is not required, skipping update.
[        ] Artifact Instance of 'PubDependencies' is not required, skipping update.
[ +160 ms] executing: [E:\projects\karan/] E:\flutter\bin\cache\dart-sdk\bin\dart pub --suppress-analytics --directory . get --example
Resolving dependencies...
Downloading packages...
  flutter_launcher_icons 0.13.1 (0.14.4 available)
  flutter_secure_storage 9.2.4 (10.0.0 available)
  flutter_secure_storage_linux 1.2.3 (3.0.0 available)
  flutter_secure_storage_macos 3.1.3 (4.0.0 available)
  flutter_secure_storage_platform_interface 1.1.2 (2.0.1 available)
  flutter_secure_storage_web 1.2.1 (2.1.0 available)
  flutter_secure_storage_windows 3.1.2 (4.1.0 available)
  js 0.6.7 (0.7.2 available)
  meta 1.17.0 (1.18.1 available)
  win32 5.15.0 (6.0.0 available)
Got dependencies!
10 packages have newer versions incompatible with dependency constraints.
Try `flutter pub outdated` for more information.
[+2444 ms] Found plugin shared_preferences at C:\Users\Karan Jain\AppData\Local\Pub\Cache\hosted\pub.dev\shared_preferences-2.5.4\
[  +10 ms] Found plugin shared_preferences_windows at C:\Users\Karan Jain\AppData\Local\Pub\Cache\hosted\pub.dev\shared_preferences_windows-2.4.1\
[  +11 ms] Found plugin path_provider_windows at C:\Users\Karan Jain\AppData\Local\Pub\Cache\hosted\pub.dev\path_provider_windows-2.3.0\
[  +44 ms] Found plugin shared_preferences_web at C:\Users\Karan Jain\AppData\Local\Pub\Cache\hosted\pub.dev\shared_preferences_web-2.4.3\
[  +12 ms] Found plugin shared_preferences_linux at C:\Users\Karan Jain\AppData\Local\Pub\Cache\hosted\pub.dev\shared_preferences_linux-2.4.1\
[   +8 ms] Found plugin path_provider_linux at C:\Users\Karan Jain\AppData\Local\Pub\Cache\hosted\pub.dev\path_provider_linux-2.2.1\
[   +7 ms] Found plugin shared_preferences_foundation at C:\Users\Karan Jain\AppData\Local\Pub\Cache\hosted\pub.dev\shared_preferences_foundation-2.5.6\
[  +19 ms] Found plugin shared_preferences_android at C:\Users\Karan Jain\AppData\Local\Pub\Cache\hosted\pub.dev\shared_preferences_android-2.4.21\
[  +19 ms] Found plugin image_picker at C:\Users\Karan Jain\AppData\Local\Pub\Cache\hosted\pub.dev\image_picker-1.2.1\
[   +3 ms] Found plugin image_picker_windows at C:\Users\Karan Jain\AppData\Local\Pub\Cache\hosted\pub.dev\image_picker_windows-0.2.2\
[   +9 ms] Found plugin file_selector_windows at C:\Users\Karan Jain\AppData\Local\Pub\Cache\hosted\pub.dev\file_selector_windows-0.9.3+5\
[  +41 ms] Found plugin image_picker_macos at C:\Users\Karan Jain\AppData\Local\Pub\Cache\hosted\pub.dev\image_picker_macos-0.2.2+1\
[   +3 ms] Found plugin file_selector_macos at C:\Users\Karan Jain\AppData\Local\Pub\Cache\hosted\pub.dev\file_selector_macos-0.9.5\
[   +2 ms] Found plugin image_picker_linux at C:\Users\Karan Jain\AppData\Local\Pub\Cache\hosted\pub.dev\image_picker_linux-0.2.2\
[   +3 ms] Found plugin file_selector_linux at C:\Users\Karan Jain\AppData\Local\Pub\Cache\hosted\pub.dev\file_selector_linux-0.9.4\
[   +3 ms] Found plugin image_picker_ios at C:\Users\Karan Jain\AppData\Local\Pub\Cache\hosted\pub.dev\image_picker_ios-0.8.13+6\
[   +3 ms] Found plugin image_picker_for_web at C:\Users\Karan Jain\AppData\Local\Pub\Cache\hosted\pub.dev\image_picker_for_web-3.1.1\
[   +3 ms] Found plugin image_picker_android at C:\Users\Karan Jain\AppData\Local\Pub\Cache\hosted\pub.dev\image_picker_android-0.8.13+14\
[   +3 ms] Found plugin flutter_plugin_android_lifecycle at C:\Users\Karan Jain\AppData\Local\Pub\Cache\hosted\pub.dev\flutter_plugin_android_lifecycle-2.0.33\
[   +6 ms] Found plugin fluttertoast at C:\Users\Karan Jain\AppData\Local\Pub\Cache\hosted\pub.dev\fluttertoast-9.0.0\
[  +60 ms] Found plugin flutter_secure_storage at C:\Users\Karan Jain\AppData\Local\Pub\Cache\hosted\pub.dev\flutter_secure_storage-9.2.4\
[   +5 ms] Found plugin flutter_secure_storage_windows at C:\Users\Karan Jain\AppData\Local\Pub\Cache\hosted\pub.dev\flutter_secure_storage_windows-3.1.2\
[  +30 ms] Found plugin path_provider at C:\Users\Karan Jain\AppData\Local\Pub\Cache\hosted\pub.dev\path_provider-2.1.5\
[   +5 ms] Found plugin path_provider_foundation at C:\Users\Karan Jain\AppData\Local\Pub\Cache\hosted\pub.dev\path_provider_foundation-2.6.0\
[  +40 ms] Found plugin path_provider_android at C:\Users\Karan Jain\AppData\Local\Pub\Cache\hosted\pub.dev\path_provider_android-2.2.22\
[   +7 ms] Found plugin flutter_secure_storage_web at C:\Users\Karan Jain\AppData\Local\Pub\Cache\hosted\pub.dev\flutter_secure_storage_web-1.2.1\
[   +4 ms] Found plugin flutter_secure_storage_macos at C:\Users\Karan Jain\AppData\Local\Pub\Cache\hosted\pub.dev\flutter_secure_storage_macos-3.1.3\
[   +2 ms] Found plugin flutter_secure_storage_linux at C:\Users\Karan Jain\AppData\Local\Pub\Cache\hosted\pub.dev\flutter_secure_storage_linux-1.2.3\
[ +211 ms] Found plugin shared_preferences at C:\Users\Karan Jain\AppData\Local\Pub\Cache\hosted\pub.dev\shared_preferences-2.5.4\
[   +4 ms] Found plugin shared_preferences_windows at C:\Users\Karan Jain\AppData\Local\Pub\Cache\hosted\pub.dev\shared_preferences_windows-2.4.1\
[   +8 ms] Found plugin path_provider_windows at C:\Users\Karan Jain\AppData\Local\Pub\Cache\hosted\pub.dev\path_provider_windows-2.3.0\
[  +19 ms] Found plugin shared_preferences_web at C:\Users\Karan Jain\AppData\Local\Pub\Cache\hosted\pub.dev\shared_preferences_web-2.4.3\
[   +6 ms] Found plugin shared_preferences_linux at C:\Users\Karan Jain\AppData\Local\Pub\Cache\hosted\pub.dev\shared_preferences_linux-2.4.1\
[   +3 ms] Found plugin path_provider_linux at C:\Users\Karan Jain\AppData\Local\Pub\Cache\hosted\pub.dev\path_provider_linux-2.2.1\
[   +5 ms] Found plugin shared_preferences_foundation at C:\Users\Karan Jain\AppData\Local\Pub\Cache\hosted\pub.dev\shared_preferences_foundation-2.5.6\
[   +2 ms] Found plugin shared_preferences_android at C:\Users\Karan Jain\AppData\Local\Pub\Cache\hosted\pub.dev\shared_preferences_android-2.4.21\
[  +45 ms] Found plugin image_picker at C:\Users\Karan Jain\AppData\Local\Pub\Cache\hosted\pub.dev\image_picker-1.2.1\
[   +2 ms] Found plugin image_picker_windows at C:\Users\Karan Jain\AppData\Local\Pub\Cache\hosted\pub.dev\image_picker_windows-0.2.2\
[   +8 ms] Found plugin file_selector_windows at C:\Users\Karan Jain\AppData\Local\Pub\Cache\hosted\pub.dev\file_selector_windows-0.9.3+5\
[   +4 ms] Found plugin image_picker_macos at C:\Users\Karan Jain\AppData\Local\Pub\Cache\hosted\pub.dev\image_picker_macos-0.2.2+1\
[   +4 ms] Found plugin file_selector_macos at C:\Users\Karan Jain\AppData\Local\Pub\Cache\hosted\pub.dev\file_selector_macos-0.9.5\
[   +3 ms] Found plugin image_picker_linux at C:\Users\Karan Jain\AppData\Local\Pub\Cache\hosted\pub.dev\image_picker_linux-0.2.2\
[   +2 ms] Found plugin file_selector_linux at C:\Users\Karan Jain\AppData\Local\Pub\Cache\hosted\pub.dev\file_selector_linux-0.9.4\
[  +10 ms] Found plugin image_picker_ios at C:\Users\Karan Jain\AppData\Local\Pub\Cache\hosted\pub.dev\image_picker_ios-0.8.13+6\
[   +3 ms] Found plugin image_picker_for_web at C:\Users\Karan Jain\AppData\Local\Pub\Cache\hosted\pub.dev\image_picker_for_web-3.1.1\
[   +3 ms] Found plugin image_picker_android at C:\Users\Karan Jain\AppData\Local\Pub\Cache\hosted\pub.dev\image_picker_android-0.8.13+14\
[   +3 ms] Found plugin flutter_plugin_android_lifecycle at C:\Users\Karan Jain\AppData\Local\Pub\Cache\hosted\pub.dev\flutter_plugin_android_lifecycle-2.0.33\
[   +4 ms] Found plugin fluttertoast at C:\Users\Karan Jain\AppData\Local\Pub\Cache\hosted\pub.dev\fluttertoast-9.0.0\
[   +3 ms] Found plugin flutter_secure_storage at C:\Users\Karan Jain\AppData\Local\Pub\Cache\hosted\pub.dev\flutter_secure_storage-9.2.4\
[   +2 ms] Found plugin flutter_secure_storage_windows at C:\Users\Karan Jain\AppData\Local\Pub\Cache\hosted\pub.dev\flutter_secure_storage_windows-3.1.2\
[   +6 ms] Found plugin path_provider at C:\Users\Karan Jain\AppData\Local\Pub\Cache\hosted\pub.dev\path_provider-2.1.5\
[   +2 ms] Found plugin path_provider_foundation at C:\Users\Karan Jain\AppData\Local\Pub\Cache\hosted\pub.dev\path_provider_foundation-2.6.0\
[  +25 ms] Found plugin path_provider_android at C:\Users\Karan Jain\AppData\Local\Pub\Cache\hosted\pub.dev\path_provider_android-2.2.22\
[   +3 ms] Found plugin flutter_secure_storage_web at C:\Users\Karan Jain\AppData\Local\Pub\Cache\hosted\pub.dev\flutter_secure_storage_web-1.2.1\
[   +3 ms] Found plugin flutter_secure_storage_macos at C:\Users\Karan Jain\AppData\Local\Pub\Cache\hosted\pub.dev\flutter_secure_storage_macos-3.1.3\
[   +2 ms] Found plugin flutter_secure_storage_linux at C:\Users\Karan Jain\AppData\Local\Pub\Cache\hosted\pub.dev\flutter_secure_storage_linux-1.2.3\
[  +35 ms] Generating E:\projects\karan\android\app\src\main\java\io\flutter\plugins\GeneratedPluginRegistrant.java
[  +18 ms] Skipping generating GeneratedPluginRegistrant.java because it is up-to-date.
[   +3 ms] Skipping generating GeneratedPluginRegistrant.h because it is up-to-date.
[   +4 ms] Skipping generating GeneratedPluginRegistrant.m because it is up-to-date.
[ +133 ms] executing: E:\Android\jbr\bin\java -version
[+1757 ms] Exit code 0 from: E:\Android\jbr\bin\java -version
[        ] openjdk version "21.0.9" 2025-10-21
           OpenJDK Runtime Environment (build 21.0.9+-14787801-b1163.94)
           OpenJDK 64-Bit Server VM (build 21.0.9+-14787801-b1163.94, mixed mode)
[ +264 ms] Top-level Gradle build file not found, skipping migration of task "clean".
[ +154 ms] executing: E:\Android\jbr\bin\java --version
[+3473 ms] Exit code 0 from: E:\Android\jbr\bin\java --version
[        ] openjdk 21.0.9 2025-10-21
           OpenJDK Runtime Environment (build 21.0.9+-14787801-b1163.94)
           OpenJDK 64-Bit Server VM (build 21.0.9+-14787801-b1163.94, mixed mode)
[   +3 ms] Version of Java is different than impacted version, no migration attempted.
[  +28 ms] CMake project not found, skipping support Android 15 16k page size migration.
[   +8 ms] Using gradle from E:\projects\karan\android\gradlew.bat.
[  +26 ms] LocalFile: 'E:\projects\karan\android\build.gradle.kts' doesn't provide an AGP version. Checking settings.
[   +3 ms] LocalFile: 'E:\projects\karan\android\settings.gradle.kts' provides AGP version: 8.11.1
[  +51 ms] Running Gradle task 'assembleDebug'...
[   +1 ms] executing: [E:\projects\karan\android/] E:\projects\karan\android\gradlew.bat --full-stacktrace --info -Pverbose=true -Ptarget-platform=android-arm,android-arm64,android-x64 -Ptarget=lib\main.dart -Pbase-application-name=android.app.Application -Pdart-defines=RkxVVFRFUl9WRVJTSU9OPTMuNDEuNA==,RkxVVFRFUl9DSEFOTkVMPXN0YWJsZQ==,RkxVVFRFUl9HSVRfVVJMPWh0dHBzOi8vZ2l0aHViLmNvbS9mbHV0dGVyL2ZsdXR0ZXIuZ2l0,RkxVVFRFUl9GUkFNRVdPUktfUkVWSVNJT049ZmYzN2JlZjYwMw==,RkxVVFRFUl9FTkdJTkVfUkVWSVNJT049ZTRiOGRjYTNmMQ==,RkxVVFRFUl9EQVJUX1ZFUlNJT049My4xMS4x -Pdart-obfuscation=false -Ptrack-widget-creation=true -Ptree-shake-icons=false assembleDebug
[+6614 ms] Initialized native services in: C:\Users\Karan Jain\.gradle\native
[   +1 ms] Initialized jansi services in: C:\Users\Karan Jain\.gradle\native
[+3396 ms] Found daemon DaemonInfo{pid=18468, address=[55feb2d7-e7c1-47c1-b040-c0d1298f54a9 port:62656, addresses:[/127.0.0.1]], state=Idle, lastBusy=1771226066213, context=DefaultDaemonContext[uid=751dbade-d52b-45be-8de1-c1e618551a4f,javaHome=C:\Program Files\Android\Android Studio\jbr,javaVersion=21,javaVendor=JetBrains s.r.o.,daemonRegistryDir=C:\Users\Karan Jain\.gradle\daemon,pid=18468,idleTimeout=10800000,priority=NORMAL,applyInstrumentationAgent=true,nativeServicesMode=ENABLED,daemonOpts=-XX:MaxMetaspaceSize=4G,-XX:ReservedCodeCacheSize=512m,-XX:+HeapDumpOnOutOfMemoryError,-Xmx8G,-Dfile.encoding=UTF-8,-Duser.country=US,-Duser.language=en,-Duser.variant]} however its context does not match the desired criteria.
[        ] JVM is incompatible.
[        ] Wanted: DaemonRequestContext{jvmCriteria=E:\Android\jbr (no JDK specified, using current Java home), daemonOpts=[-XX:MaxMetaspaceSize=4G, -XX:ReservedCodeCacheSize=512m, -XX:+HeapDumpOnOutOfMemoryError, -Xmx8G, -Dfile.encoding=UTF-8, -Duser.country=US, -Duser.language=en, -Duser.variant], applyInstrumentationAgent=true, nativeServicesMode=ENABLED, priority=NORMAL}
[        ] Actual: DefaultDaemonContext[uid=751dbade-d52b-45be-8de1-c1e618551a4f,javaHome=C:\Program Files\Android\Android Studio\jbr,javaVersion=21,javaVendor=JetBrains s.r.o.,daemonRegistryDir=C:\Users\Karan Jain\.gradle\daemon,pid=18468,idleTimeout=10800000,priority=NORMAL,applyInstrumentationAgent=true,nativeServicesMode=ENABLED,daemonOpts=-XX:MaxMetaspaceSize=4G,-XX:ReservedCodeCacheSize=512m,-XX:+HeapDumpOnOutOfMemoryError,-Xmx8G,-Dfile.encoding=UTF-8,-Duser.country=US,-Duser.language=en,-Duser.variant]
[        ]   Looking for a different daemon...
[ +401 ms] Removing 0 daemon stop events from registry
[ +399 ms] Previous Daemon (3020) stopped at Sun Mar 15 14:00:05 IST 2026 by user or operating system
[   +1 ms] Starting a Gradle Daemon, 2 busy and 1 incompatible and 1 stopped Daemons could not be reused, use --status for details
[+2522 ms] Starting process 'Gradle build daemon'. Working directory: C:\Users\Karan Jain\.gradle\daemon\8.14 Command: E:\Android\jbr\bin\java.exe --add-opens=java.base/java.lang=ALL-UNNAMED --add-opens=java.base/java.lang.invoke=ALL-UNNAMED --add-opens=java.base/java.util=ALL-UNNAMED --add-opens=java.prefs/java.util.prefs=ALL-UNNAMED --add-exports=jdk.compiler/com.sun.tools.javac.api=ALL-UNNAMED --add-exports=jdk.compiler/com.sun.tools.javac.util=ALL-UNNAMED --add-opens=java.base/java.util=ALL-UNNAMED --add-opens=java.prefs/java.util.prefs=ALL-UNNAMED --add-opens=java.base/java.nio.charset=ALL-UNNAMED --add-opens=java.base/java.net=ALL-UNNAMED --add-opens=java.base/java.util.concurrent.atomic=ALL-UNNAMED --add-opens=java.xml/javax.xml.namespace=ALL-UNNAMED -XX:MaxMetaspaceSize=4G -XX:ReservedCodeCacheSize=512m -XX:+HeapDumpOnOutOfMemoryError -Xmx8G -Dfile.encoding=UTF-8 -Duser.country=US -Duser.language=en -Duser.variant -cp C:\Users\Karan Jain\.gradle\wrapper\dists\gradle-8.14-all\c2qonpi39x1mddn7hk5gh9iqj\gradle-8.14\lib\gradle-daemon-main-8.14.jar -javaagent:C:\Users\Karan Jain\.gradle\wrapper\dists\gradle-8.14-all\c2qonpi39x1mddn7hk5gh9iqj\gradle-8.14\lib\agents\gradle-instrumentation-agent-8.14.jar org.gradle.launcher.daemon.bootstrap.GradleDaemon 8.14
[+13148 ms] Successfully started process 'Gradle build daemon'
[+62807 ms] An attempt to start the daemon took 1 mins 15.965 secs.
[+3481 ms] The client will now receive all logging from the daemon (pid: 18916). The daemon log file: C:\Users\Karan Jain\.gradle\daemon\8.14\daemon-18916.out.log
[        ] Starting build in new daemon [memory: 8 GiB]
[+3512 ms] Using 4 worker leases.
[+4091 ms] Received JVM installation metadata from 'E:\Android\jbr': {JAVA_HOME=E:\Android\jbr, JAVA_VERSION=21.0.9, JAVA_VENDOR=JetBrains s.r.o., RUNTIME_NAME=OpenJDK Runtime Environment, RUNTIME_VERSION=21.0.9+-14787801-b1163.94, VM_NAME=OpenJDK 64-Bit Server VM, VM_VERSION=21.0.9+-14787801-b1163.94, VM_VENDOR=JetBrains s.r.o., OS_ARCH=amd64}
[+3899 ms] Watching the file system is configured to be enabled if available
[ +204 ms] Now considering [E:\projects\karan\android] as hierarchies to watch
[ +104 ms] File system watching is active
[+8303 ms] Starting Build
[+4199 ms] Invalidating in-memory cache of C:\Users\Karan Jain\.gradle\caches\8.14\fileHashes\fileHashes.bin
[        ] Invalidating in-memory cache of C:\Users\Karan Jain\.gradle\caches\8.14\fileHashes\resourceHashesCache.bin
[ +793 ms] Invalidating in-memory cache of C:\Users\Karan Jain\.gradle\caches\journal-1\file-access.bin
[+13296 ms] Now considering [E:\flutter\packages\flutter_tools\gradle, E:\projects\karan\android] as hierarchies to watch
[+1004 ms] Invalidating in-memory cache of C:\Users\Karan Jain\.gradle\caches\8.14\fileHashes\fileHashes.bin
[        ] Invalidating in-memory cache of C:\Users\Karan Jain\.gradle\caches\8.14\fileHashes\resourceHashesCache.bin
[  +89 ms] Invalidating in-memory cache of C:\Users\Karan Jain\.gradle\caches\journal-1\file-access.bin
[+5069 ms] > Configure project :gradle
[   +5 ms] Evaluating project ':gradle' using build file 'E:\flutter\packages\flutter_tools\gradle\build.gradle.kts'.
[  +37 ms] Invalidating in-memory cache of C:\Users\Karan Jain\.gradle\caches\journal-1\file-access.bin
[  +90 ms] Invalidating in-memory cache of C:\Users\Karan Jain\.gradle\caches\8.14\fileHashes\fileHashes.bin
[  +35 ms] Invalidating in-memory cache of C:\Users\Karan Jain\.gradle\caches\8.14\fileHashes\resourceHashesCache.bin
[ +264 ms] Resolved plugin [id: 'org.gradle.java-gradle-plugin']
[   +1 ms] Resolved plugin [id: 'org.gradle.groovy']
[+3107 ms] Resolved plugin [id: 'org.gradle.kotlin.kotlin-dsl', version: '5.2.0']
[  +90 ms] Resolved plugin [id: 'org.jetbrains.kotlin.jvm', version: '1.9.20']
[+11523 ms] Invalidating in-memory cache of C:\Users\Karan Jain\.gradle\caches\8.14\fileHashes\fileHashes.bin
[  +86 ms] Invalidating in-memory cache of C:\Users\Karan Jain\.gradle\caches\8.14\fileHashes\resourceHashesCache.bin
[+10511 ms] Using Kotlin Gradle Plugin gradle85 variant
[+15085 ms] kotlin scripting plugin: created the scripting discovery configuration: kotlinScriptDef
[ +200 ms] kotlin scripting plugin: created the scripting discovery configuration: testKotlinScriptDef
[+2836 ms] file or directory 'E:\flutter\packages\flutter_tools\gradle\src\main\java', not found
[+2274 ms] Invalidating in-memory cache of C:\Users\Karan Jain\.gradle\caches\8.14\fileHashes\fileHashes.bin
[   +5 ms] Invalidating in-memory cache of C:\Users\Karan Jain\.gradle\caches\8.14\fileHashes\resourceHashesCache.bin
[   +1 ms] Invalidating in-memory cache of C:\Users\Karan Jain\.gradle\caches\journal-1\file-access.bin
[+1097 ms] Invalidating in-memory cache of C:\Users\Karan Jain\.gradle\caches\journal-1\file-access.bin
[ +352 ms] Invalidating in-memory cache of C:\Users\Karan Jain\.gradle\caches\8.14\fileHashes\fileHashes.bin
[  +13 ms] Invalidating in-memory cache of C:\Users\Karan Jain\.gradle\caches\8.14\fileHashes\resourceHashesCache.bin
[+6218 ms] Resolved plugin [id: 'dev.flutter.flutter-plugin-loader', version: '1.0.0']
[ +186 ms] Resolved plugin [id: 'com.android.application', version: '8.11.1', apply: false]
[ +272 ms] Resolved plugin [id: 'org.jetbrains.kotlin.android', version: '2.2.20', apply: false]
[+4529 ms] Resolve mutations for :gradle:checkKotlinGradlePluginConfigurationErrors (Thread[#60,included builds,5,main]) started.
[ +405 ms] :gradle:checkKotlinGradlePluginConfigurationErrors (Thread[#60,included builds,5,main]) started.
[ +607 ms] > Task :gradle:checkKotlinGradlePluginConfigurationErrors SKIPPED
[   +2 ms] Skipping task ':gradle:checkKotlinGradlePluginConfigurationErrors' as task onlyIf 'errorDiagnostics are present' is false.
[   +1 ms] Resolve mutations for :gradle:compileKotlin (Thread[#60,included builds,5,main]) started.
[  +90 ms] :gradle:compileKotlin (Thread[#60,included builds,5,main]) started.
[+1950 ms] > Task :gradle:compileKotlin
[  +47 ms] Invalidating in-memory cache of E:\flutter\packages\flutter_tools\gradle\.gradle\buildOutputCleanup\outputFiles.bin
[  +13 ms] Invalidating in-memory cache of E:\projects\karan\android\.gradle\8.14\fileHashes\fileHashes.bin
[   +6 ms] Invalidating in-memory cache of E:\projects\karan\android\.gradle\8.14\fileHashes\resourceHashesCache.bin
[+2575 ms] Invalidating in-memory cache of C:\Users\Karan Jain\.gradle\caches\journal-1\file-access.bin
[+1218 ms] Invalidating in-memory cache of C:\Users\Karan Jain\.gradle\caches\8.14\fileHashes\fileHashes.bin
[  +27 ms] Invalidating in-memory cache of C:\Users\Karan Jain\.gradle\caches\8.14\fileHashes\resourceHashesCache.bin
[+2989 ms] Invalidating in-memory cache of C:\Users\Karan Jain\.gradle\caches\journal-1\file-access.bin
[   +1 ms] Invalidating in-memory cache of C:\Users\Karan Jain\.gradle\caches\8.14\fileHashes\fileHashes.bin
[        ] Invalidating in-memory cache of C:\Users\Karan Jain\.gradle\caches\8.14\fileHashes\resourceHashesCache.bin
[ +230 ms] Caching disabled for task ':gradle:compileKotlin' because:
[   +1 ms]   Build cache is disabled
[   +1 ms] Skipping task ':gradle:compileKotlin' as it is up-to-date.
[        ] > Task :gradle:compileKotlin UP-TO-DATE
[   +1 ms] Resolve mutations for :gradle:compileJava (Thread[#60,included builds,5,main]) started.
[        ] :gradle:compileJava (Thread[#60,included builds,5,main]) started.
[  +65 ms] > Task :gradle:compileJava NO-SOURCE
[   +1 ms] Skipping task ':gradle:compileJava' as it has no source files and no previous output files.
[        ] Resolve mutations for :gradle:compileGroovy (Thread[#60,included builds,5,main]) started.
[  +65 ms] :gradle:compileGroovy (Thread[#60,included builds,5,main]) started.
[   +3 ms] > Task :gradle:compileGroovy NO-SOURCE
[   +1 ms] Skipping task ':gradle:compileGroovy' as it has no source files and no previous output files.
[   +1 ms] Resolve mutations for :gradle:pluginDescriptors (Thread[#60,included builds,5,main]) started.
[   +2 ms] :gradle:pluginDescriptors (Thread[#60,included builds,5,main]) started.
[ +465 ms] > Task :gradle:pluginDescriptors UP-TO-DATE
[   +1 ms] Invalidating in-memory cache of E:\projects\karan\android\.gradle\8.14\fileHashes\fileHashes.bin
[   +3 ms] Invalidating in-memory cache of E:\projects\karan\android\.gradle\8.14\fileHashes\resourceHashesCache.bin
[   +3 ms] Caching disabled for task ':gradle:pluginDescriptors' because:
[ +249 ms]   Build cache is disabled
[  +13 ms]   Not worth caching
[  +16 ms] Skipping task ':gradle:pluginDescriptors' as it is up-to-date.
[   +7 ms] Resolve mutations for :gradle:processResources (Thread[#60,included builds,5,main]) started.
[   +1 ms] :gradle:processResources (Thread[#60,included builds,5,main]) started.
[  +30 ms] > Task :gradle:processResources UP-TO-DATE
[        ] Caching disabled for task ':gradle:processResources' because:
[   +1 ms]   Build cache is disabled
[   +1 ms]   Not worth caching
[        ] Skipping task ':gradle:processResources' as it is up-to-date.
[        ] Resolve mutations for :gradle:classes (Thread[#63,Execution worker Thread 3,5,main]) started.
[   +1 ms] :gradle:classes (Thread[#63,Execution worker Thread 3,5,main]) started.
[        ] > Task :gradle:classes UP-TO-DATE
[        ] Skipping task ':gradle:classes' as it has no actions.
[        ] Resolve mutations for :gradle:jar (Thread[#60,included builds,5,main]) started.
[        ] :gradle:jar (Thread[#60,included builds,5,main]) started.
[ +393 ms] > Task :gradle:jar UP-TO-DATE
[   +2 ms] Caching disabled for task ':gradle:jar' because:
[        ]   Build cache is disabled
[        ]   Not worth caching
[        ] Skipping task ':gradle:jar' as it is up-to-date.
[+8290 ms] Invalidating in-memory cache of E:\projects\karan\android\.gradle\8.14\fileHashes\fileHashes.bin
[   +4 ms] Invalidating in-memory cache of E:\projects\karan\android\.gradle\8.14\fileHashes\resourceHashesCache.bin
[+2095 ms] Invalidating in-memory cache of C:\Users\Karan Jain\.gradle\caches\8.14\fileHashes\fileHashes.bin
[   +1 ms] Invalidating in-memory cache of C:\Users\Karan Jain\.gradle\caches\8.14\fileHashes\resourceHashesCache.bin
[ +202 ms] Invalidating in-memory cache of C:\Users\Karan Jain\.gradle\caches\journal-1\file-access.bin
[ +390 ms] Settings evaluated using settings file 'E:\projects\karan\android\settings.gradle.kts'.
[ +540 ms] Projects loaded. Root project using build file 'E:\projects\karan\android\build.gradle.kts'.
[        ] Included projects: [root project 'android', project ':app', project ':flutter_plugin_android_lifecycle', project ':flutter_secure_storage', project ':fluttertoast', project ':image_picker_android', project ':path_provider_android', project ':shared_preferences_android']
[+1969 ms] > Configure project :
[  +28 ms] Evaluating root project 'android' using build file 'E:\projects\karan\android\build.gradle.kts'.
[+28848 ms] > Configure project :app
[   +2 ms] Evaluating project ':app' using build file 'E:\projects\karan\android\app\build.gradle.kts'.
[   +1 ms] Invalidating in-memory cache of C:\Users\Karan Jain\.gradle\caches\8.14\fileHashes\fileHashes.bin
[        ] Invalidating in-memory cache of C:\Users\Karan Jain\.gradle\caches\8.14\fileHashes\resourceHashesCache.bin
[        ] Invalidating in-memory cache of C:\Users\Karan Jain\.gradle\caches\journal-1\file-access.bin
[   +3 ms] Resolved plugin [id: 'com.android.application']
[   +4 ms] Resolved plugin [id: 'kotlin-android']
[        ] Resolved plugin [id: 'dev.flutter.flutter-gradle-plugin']
[  +17 ms] Using default execution profile
[   +5 ms] Build b9bf8db9-18d1-4c67-af21-3fffb131bfec is started
[        ] Using Kotlin Gradle Plugin gradle813 variant
[        ] Invalidating in-memory cache of C:\Users\Karan Jain\.gradle\caches\8.14\fileHashes\fileHashes.bin
[   +1 ms] Invalidating in-memory cache of C:\Users\Karan Jain\.gradle\caches\8.14\fileHashes\resourceHashesCache.bin
[   +5 ms] Invalidating in-memory cache of C:\Users\Karan Jain\.gradle\caches\journal-1\file-access.bin
[+8685 ms] C/C++: android.ndkVersion from module build.gradle is [28.2.13676358]
[   +2 ms] C/C++: android.ndkPath from module build.gradle is not set
[  +13 ms] C/C++: ndk.dir in local.properties is not set
[   +3 ms] C/C++: Not considering ANDROID_NDK_HOME because support was removed after deprecation period.
[  +12 ms] C/C++: sdkFolder is C:\Users\Karan Jain\AppData\Local\Android\Sdk
[  +67 ms] C/C++: android.ndkVersion from module build.gradle is [28.2.13676358]
[   +5 ms] C/C++: android.ndkPath from module build.gradle is not set
[   +1 ms] C/C++: ndk.dir in local.properties is not set
[   +4 ms] C/C++: Not considering ANDROID_NDK_HOME because support was removed after deprecation period.
[   +3 ms] C/C++: sdkFolder is C:\Users\Karan Jain\AppData\Local\Android\Sdk
[ +105 ms] C/C++: android.ndkVersion from module build.gradle is [28.2.13676358]
[   +1 ms] C/C++: android.ndkPath from module build.gradle is not set
[   +1 ms] C/C++: ndk.dir in local.properties is not set
[        ] C/C++: Not considering ANDROID_NDK_HOME because support was removed after deprecation period.
[   +1 ms] C/C++: sdkFolder is C:\Users\Karan Jain\AppData\Local\Android\Sdk
[ +424 ms] C/C++: android.ndkVersion from module build.gradle is [28.2.13676358]
[   +1 ms] C/C++: android.ndkPath from module build.gradle is not set
[        ] C/C++: ndk.dir in local.properties is not set
[        ] C/C++: Not considering ANDROID_NDK_HOME because support was removed after deprecation period.
[        ] C/C++: sdkFolder is C:\Users\Karan Jain\AppData\Local\Android\Sdk
[ +106 ms] C/C++: android.ndkVersion from module build.gradle is [28.2.13676358]
[   +4 ms] C/C++: android.ndkPath from module build.gradle is not set
[  +10 ms] C/C++: ndk.dir in local.properties is not set
[   +2 ms] C/C++: Not considering ANDROID_NDK_HOME because support was removed after deprecation period.
[        ] C/C++: sdkFolder is C:\Users\Karan Jain\AppData\Local\Android\Sdk
[  +12 ms] C/C++: android.ndkVersion from module build.gradle is [28.2.13676358]
[ +134 ms] C/C++: android.ndkPath from module build.gradle is not set
[   +1 ms] C/C++: ndk.dir in local.properties is not set
[        ] C/C++: Not considering ANDROID_NDK_HOME because support was removed after deprecation period.
[   +2 ms] C/C++: sdkFolder is C:\Users\Karan Jain\AppData\Local\Android\Sdk
[   +4 ms] C/C++: android.ndkVersion from module build.gradle is [28.2.13676358]
[   +1 ms] C/C++: android.ndkPath from module build.gradle is not set
[   +3 ms] C/C++: ndk.dir in local.properties is not set
[   +1 ms] C/C++: Not considering ANDROID_NDK_HOME because support was removed after deprecation period.
[        ] C/C++: sdkFolder is C:\Users\Karan Jain\AppData\Local\Android\Sdk
[        ] C/C++: android.ndkVersion from module build.gradle is [28.2.13676358]
[   +1 ms] C/C++: android.ndkPath from module build.gradle is not set
[  +57 ms] C/C++: ndk.dir in local.properties is not set
[   +2 ms] C/C++: Not considering ANDROID_NDK_HOME because support was removed after deprecation period.
[        ] C/C++: sdkFolder is C:\Users\Karan Jain\AppData\Local\Android\Sdk
[        ] C/C++: android.ndkVersion from module build.gradle is [28.2.13676358]
[        ] C/C++: android.ndkPath from module build.gradle is not set
[  +38 ms] C/C++: ndk.dir in local.properties is not set
[   +5 ms] C/C++: Not considering ANDROID_NDK_HOME because support was removed after deprecation period.
[   +3 ms] C/C++: sdkFolder is C:\Users\Karan Jain\AppData\Local\Android\Sdk
[   +1 ms] C/C++: android.ndkVersion from module build.gradle is [28.2.13676358]
[        ] C/C++: android.ndkPath from module build.gradle is not set
[        ] C/C++: ndk.dir in local.properties is not set
[        ] C/C++: Not considering ANDROID_NDK_HOME because support was removed after deprecation period.
[        ] C/C++: sdkFolder is C:\Users\Karan Jain\AppData\Local\Android\Sdk
[        ] C/C++: android.ndkVersion from module build.gradle is [28.2.13676358]
[        ] C/C++: android.ndkPath from module build.gradle is not set
[ +128 ms] C/C++: ndk.dir in local.properties is not set
[        ] C/C++: Not considering ANDROID_NDK_HOME because support was removed after deprecation period.
[        ] C/C++: sdkFolder is C:\Users\Karan Jain\AppData\Local\Android\Sdk
[        ] C/C++: android.ndkVersion from module build.gradle is [28.2.13676358]
[   +1 ms] C/C++: android.ndkPath from module build.gradle is not set
[        ] C/C++: ndk.dir in local.properties is not set
[        ] C/C++: Not considering ANDROID_NDK_HOME because support was removed after deprecation period.
[        ] C/C++: sdkFolder is C:\Users\Karan Jain\AppData\Local\Android\Sdk
[        ] C/C++: android.ndkVersion from module build.gradle is [28.2.13676358]
[   +1 ms] C/C++: android.ndkPath from module build.gradle is not set
[        ] C/C++: ndk.dir in local.properties is not set
[        ] C/C++: Not considering ANDROID_NDK_HOME because support was removed after deprecation period.
[        ] C/C++: sdkFolder is C:\Users\Karan Jain\AppData\Local\Android\Sdk
[        ] C/C++: android.ndkVersion from module build.gradle is [28.2.13676358]
[        ] C/C++: android.ndkPath from module build.gradle is not set
[   +1 ms] C/C++: ndk.dir in local.properties is not set
[        ] C/C++: Not considering ANDROID_NDK_HOME because support was removed after deprecation period.
[        ] C/C++: sdkFolder is C:\Users\Karan Jain\AppData\Local\Android\Sdk
[        ] C/C++: android.ndkVersion from module build.gradle is [28.2.13676358]
[   +1 ms] C/C++: android.ndkPath from module build.gradle is not set
[   +2 ms] C/C++: ndk.dir in local.properties is not set
[        ] C/C++: Not considering ANDROID_NDK_HOME because support was removed after deprecation period.
[        ] C/C++: sdkFolder is C:\Users\Karan Jain\AppData\Local\Android\Sdk
[        ] C/C++: android.ndkVersion from module build.gradle is [28.2.13676358]
[  +96 ms] C/C++: android.ndkPath from module build.gradle is not set
[   +2 ms] C/C++: ndk.dir in local.properties is not set
[        ] C/C++: Not considering ANDROID_NDK_HOME because support was removed after deprecation period.
[        ] C/C++: sdkFolder is C:\Users\Karan Jain\AppData\Local\Android\Sdk
[        ] C/C++: android.ndkVersion from module build.gradle is [28.2.13676358]
[        ] C/C++: android.ndkPath from module build.gradle is not set
[   +1 ms] C/C++: ndk.dir in local.properties is not set
[        ] C/C++: Not considering ANDROID_NDK_HOME because support was removed after deprecation period.
[        ] C/C++: sdkFolder is C:\Users\Karan Jain\AppData\Local\Android\Sdk
[ +126 ms] C/C++: android.ndkVersion from module build.gradle is [28.2.13676358]
[   +1 ms] C/C++: android.ndkPath from module build.gradle is not set
[        ] C/C++: ndk.dir in local.properties is not set
[        ] C/C++: Not considering ANDROID_NDK_HOME because support was removed after deprecation period.
[        ] C/C++: sdkFolder is C:\Users\Karan Jain\AppData\Local\Android\Sdk
[ +293 ms] C/C++: android.ndkVersion from module build.gradle is [28.2.13676358]
[        ] C/C++: android.ndkPath from module build.gradle is not set
[        ] C/C++: ndk.dir in local.properties is not set
[ +202 ms] C/C++: Not considering ANDROID_NDK_HOME because support was removed after deprecation period.
[   +9 ms] C/C++: sdkFolder is C:\Users\Karan Jain\AppData\Local\Android\Sdk
[+19811 ms] > Configure project :flutter_plugin_android_lifecycle
[  +28 ms] Evaluating project ':flutter_plugin_android_lifecycle' using build file 'C:\Users\Karan Jain\AppData\Local\Pub\Cache\hosted\pub.dev\flutter_plugin_android_lifecycle-2.0.33\android\build.gradle'.
[   +4 ms] Invalidating in-memory cache of C:\Users\Karan Jain\.gradle\caches\journal-1\file-access.bin
[  +11 ms] Invalidating in-memory cache of C:\Users\Karan Jain\.gradle\caches\8.14\fileHashes\fileHashes.bin
[   +9 ms] Invalidating in-memory cache of C:\Users\Karan Jain\.gradle\caches\8.14\fileHashes\resourceHashesCache.bin
[ +398 ms] Invalidating in-memory cache of C:\Users\Karan Jain\.gradle\caches\journal-1\file-access.bin
[ +118 ms] Invalidating in-memory cache of C:\Users\Karan Jain\.gradle\caches\8.14\fileHashes\fileHashes.bin
[  +55 ms] Invalidating in-memory cache of C:\Users\Karan Jain\.gradle\caches\8.14\fileHashes\resourceHashesCache.bin
[+2627 ms] Invalidating in-memory cache of C:\Users\Karan Jain\.gradle\caches\journal-1\file-access.bin
[+1905 ms] > Configure project :flutter_plugin_android_lifecycle
[        ] Using default execution profile
[+8391 ms] > Configure project :flutter_secure_storage
[  +26 ms] Evaluating project ':flutter_secure_storage' using build file 'C:\Users\Karan Jain\AppData\Local\Pub\Cache\hosted\pub.dev\flutter_secure_storage-9.2.4\android\build.gradle'.
[   +1 ms] Invalidating in-memory cache of C:\Users\Karan Jain\.gradle\caches\journal-1\file-access.bin
[        ] Invalidating in-memory cache of C:\Users\Karan Jain\.gradle\caches\8.14\fileHashes\fileHashes.bin
[        ] Invalidating in-memory cache of C:\Users\Karan Jain\.gradle\caches\8.14\fileHashes\resourceHashesCache.bin
[+4980 ms] Using default execution profile
[+3690 ms] > Configure project :fluttertoast
[   +7 ms] Evaluating project ':fluttertoast' using build file 'C:\Users\Karan Jain\AppData\Local\Pub\Cache\hosted\pub.dev\fluttertoast-9.0.0\android\build.gradle'.
[+2188 ms] Using default execution profile
[  +10 ms] Using Kotlin Gradle Plugin gradle813 variant
[+3991 ms] > Configure project :image_picker_android
[        ] Evaluating project ':image_picker_android' using build file 'C:\Users\Karan Jain\AppData\Local\Pub\Cache\hosted\pub.dev\image_picker_android-0.8.13+14\android\build.gradle'.
[   +1 ms] Using default execution profile
[+1189 ms] > Configure project :path_provider_android
[   +2 ms] Evaluating project ':path_provider_android' using build file 'C:\Users\Karan Jain\AppData\Local\Pub\Cache\hosted\pub.dev\path_provider_android-2.2.22\android\build.gradle'.
[  +10 ms] Using default execution profile
[+1996 ms] > Configure project :shared_preferences_android
[   +4 ms] Evaluating project ':shared_preferences_android' using build file 'C:\Users\Karan Jain\AppData\Local\Pub\Cache\hosted\pub.dev\shared_preferences_android-2.4.21\android\build.gradle'.
[+1483 ms] Using default execution profile
[ +110 ms] Using Kotlin Gradle Plugin gradle813 variant
[+2397 ms] All projects evaluated.
[+1507 ms] Task name matched 'assembleDebug'
[   +5 ms] Selected primary task 'assembleDebug' from project :
[+10776 ms] Adding -Xuse-inline-scopes-numbers Kotlin compiler flag for task :app:compileDebugKotlin
[+10248 ms] Tasks to be executed: [task ':app:DebugMinSdkCheck', task ':app:preBuild', task ':app:preDebugBuild', task ':app:mergeDebugNativeDebugMetadata', task ':app:checkKotlinGradlePluginConfigurationErrors', task ':app:compileFlutterBuildDebug', task ':app:packJniLibsflutterBuildDebug', task ':flutter_plugin_android_lifecycle:preBuild', task ':flutter_plugin_android_lifecycle:preDebugBuild', task ':flutter_plugin_android_lifecycle:writeDebugAarMetadata', task ':flutter_secure_storage:preBuild', task ':flutter_secure_storage:preDebugBuild', task ':flutter_secure_storage:writeDebugAarMetadata', task ':fluttertoast:preBuild', task ':fluttertoast:preDebugBuild', task ':fluttertoast:writeDebugAarMetadata', task ':image_picker_android:preBuild', task ':image_picker_android:preDebugBuild', task ':image_picker_android:writeDebugAarMetadata', task ':path_provider_android:preBuild', task ':path_provider_android:preDebugBuild', task ':path_provider_android:writeDebugAarMetadata', task ':shared_preferences_android:preBuild', task ':shared_preferences_android:preDebugBuild', task ':shared_preferences_android:writeDebugAarMetadata', task ':app:checkDebugAarMetadata', task ':app:cleanMergeDebugAssets', task ':app:mergeDebugShaders', task ':app:compileDebugShaders', task ':app:generateDebugAssets', task ':flutter_plugin_android_lifecycle:mergeDebugShaders', task ':flutter_plugin_android_lifecycle:compileDebugShaders', task ':flutter_plugin_android_lifecycle:generateDebugAssets', task ':flutter_plugin_android_lifecycle:mergeDebugAssets', task ':flutter_secure_storage:mergeDebugShaders', task ':flutter_secure_storage:compileDebugShaders', task ':flutter_secure_storage:generateDebugAssets', task ':flutter_secure_storage:mergeDebugAssets', task ':fluttertoast:mergeDebugShaders', task ':fluttertoast:compileDebugShaders', task ':fluttertoast:generateDebugAssets', task ':fluttertoast:mergeDebugAssets', task ':image_picker_android:mergeDebugShaders', task ':image_picker_android:compileDebugShaders', task ':image_picker_android:generateDebugAssets', task ':image_picker_android:mergeDebugAssets', task ':path_provider_android:mergeDebugShaders', task ':path_provider_android:compileDebugShaders', task ':path_provider_android:generateDebugAssets', task ':path_provider_android:mergeDebugAssets', task ':shared_preferences_android:mergeDebugShaders', task ':shared_preferences_android:compileDebugShaders', task ':shared_preferences_android:generateDebugAssets', task ':shared_preferences_android:mergeDebugAssets', task ':app:mergeDebugAssets', task ':app:copyFlutterAssetsDebug', task ':app:generateDebugResValues', task ':flutter_plugin_android_lifecycle:generateDebugResValues', task ':flutter_plugin_android_lifecycle:generateDebugResources', task ':flutter_plugin_android_lifecycle:packageDebugResources', task ':flutter_secure_storage:generateDebugResValues', task ':flutter_secure_storage:generateDebugResources', task ':flutter_secure_storage:packageDebugResources', task ':fluttertoast:generateDebugResValues', task ':fluttertoast:generateDebugResources', task ':fluttertoast:packageDebugResources', task ':image_picker_android:generateDebugResValues', task ':image_picker_android:generateDebugResources', task ':image_picker_android:packageDebugResources', task ':path_provider_android:generateDebugResValues', task ':path_provider_android:generateDebugResources', task ':path_provider_android:packageDebugResources', task ':shared_preferences_android:generateDebugResValues', task ':shared_preferences_android:generateDebugResources', task ':shared_preferences_android:packageDebugResources', task ':app:mapDebugSourceSetPaths', task ':app:generateDebugResources', task ':app:mergeDebugResources', task ':app:packageDebugResources', task ':app:parseDebugLocalResources', task ':app:createDebugCompatibleScreenManifests', task ':app:extractDeepLinksDebug', task ':flutter_plugin_android_lifecycle:extractDeepLinksDebug', task ':flutter_plugin_android_lifecycle:processDebugManifest', task ':flutter_secure_storage:extractDeepLinksDebug', task ':flutter_secure_storage:processDebugManifest', task ':fluttertoast:extractDeepLinksDebug', task ':fluttertoast:processDebugManifest', task ':image_picker_android:extractDeepLinksDebug', task ':image_picker_android:processDebugManifest', task ':path_provider_android:extractDeepLinksDebug', task ':path_provider_android:processDebugManifest', task ':shared_preferences_android:extractDeepLinksDebug', task ':shared_preferences_android:processDebugManifest', task ':app:processDebugMainManifest', task ':app:outputDebugAppLinkSettings', task ':app:processDebugManifest', task ':app:processDebugManifestForPackage', task ':flutter_plugin_android_lifecycle:compileDebugLibraryResources', task ':flutter_plugin_android_lifecycle:parseDebugLocalResources', task ':flutter_plugin_android_lifecycle:generateDebugRFile', task ':flutter_secure_storage:compileDebugLibraryResources', task ':flutter_secure_storage:parseDebugLocalResources', task ':flutter_secure_storage:generateDebugRFile', task ':fluttertoast:compileDebugLibraryResources', task ':fluttertoast:parseDebugLocalResources', task ':fluttertoast:generateDebugRFile', task ':image_picker_android:compileDebugLibraryResources', task ':image_picker_android:parseDebugLocalResources', task ':image_picker_android:generateDebugRFile', task ':path_provider_android:compileDebugLibraryResources', task ':path_provider_android:parseDebugLocalResources', task ':path_provider_android:generateDebugRFile', task ':shared_preferences_android:compileDebugLibraryResources', task ':shared_preferences_android:parseDebugLocalResources', task ':shared_preferences_android:generateDebugRFile', task ':app:processDebugResources', task ':flutter_plugin_android_lifecycle:javaPreCompileDebug', task ':flutter_plugin_android_lifecycle:compileDebugJavaWithJavac', task ':flutter_plugin_android_lifecycle:bundleLibCompileToJarDebug', task ':flutter_secure_storage:generateDebugBuildConfig', task ':flutter_secure_storage:javaPreCompileDebug', task ':flutter_secure_storage:compileDebugJavaWithJavac', task ':flutter_secure_storage:bundleLibCompileToJarDebug', task ':fluttertoast:checkKotlinGradlePluginConfigurationErrors', task ':fluttertoast:compileDebugKotlin', task ':fluttertoast:javaPreCompileDebug', task ':fluttertoast:compileDebugJavaWithJavac', task ':fluttertoast:bundleLibCompileToJarDebug', task ':image_picker_android:javaPreCompileDebug', task ':image_picker_android:compileDebugJavaWithJavac', task ':image_picker_android:bundleLibCompileToJarDebug', task ':path_provider_android:javaPreCompileDebug', task ':path_provider_android:compileDebugJavaWithJavac', task ':path_provider_android:bundleLibCompileToJarDebug', task ':shared_preferences_android:checkKotlinGradlePluginConfigurationErrors', task ':shared_preferences_android:compileDebugKotlin', task ':shared_preferences_android:javaPreCompileDebug', task ':shared_preferences_android:compileDebugJavaWithJavac', task ':shared_preferences_android:bundleLibCompileToJarDebug', task ':app:compileDebugKotlin', task ':app:javaPreCompileDebug', task ':app:compileDebugJavaWithJavac', task ':app:compressDebugAssets', task ':image_picker_android:bundleLibRuntimeToJarDebug', task ':flutter_plugin_android_lifecycle:bundleLibRuntimeToJarDebug', task ':flutter_secure_storage:bundleLibRuntimeToJarDebug', task ':fluttertoast:bundleLibRuntimeToJarDebug', task ':path_provider_android:bundleLibRuntimeToJarDebug', task ':shared_preferences_android:bundleLibRuntimeToJarDebug', task ':app:desugarDebugFileDependencies', task ':app:dexBuilderDebug', task ':app:mergeDebugGlobalSynthetics', task ':app:processDebugJavaRes', task ':flutter_plugin_android_lifecycle:processDebugJavaRes', task ':flutter_secure_storage:processDebugJavaRes', task ':fluttertoast:processDebugJavaRes', task ':image_picker_android:processDebugJavaRes', task ':path_provider_android:processDebugJavaRes', task ':shared_preferences_android:processDebugJavaRes', task ':app:mergeDebugJavaResource', task ':app:checkDebugDuplicateClasses', task ':app:mergeExtDexDebug', task ':image_picker_android:bundleLibRuntimeToDirDebug', task ':flutter_plugin_android_lifecycle:bundleLibRuntimeToDirDebug', task ':flutter_secure_storage:bundleLibRuntimeToDirDebug', task ':fluttertoast:bundleLibRuntimeToDirDebug', task ':path_provider_android:bundleLibRuntimeToDirDebug', task ':shared_preferences_android:bundleLibRuntimeToDirDebug', task ':app:mergeLibDexDebug', task ':app:mergeProjectDexDebug', task ':app:configureCMakeDebug[arm64-v8a]', task ':app:buildCMakeDebug[arm64-v8a]', task ':app:configureCMakeDebug[armeabi-v7a]', task ':app:buildCMakeDebug[armeabi-v7a]', task ':app:configureCMakeDebug[x86_64]', task ':app:buildCMakeDebug[x86_64]', task ':app:mergeDebugJniLibFolders', task ':flutter_plugin_android_lifecycle:mergeDebugJniLibFolders', task ':flutter_plugin_android_lifecycle:mergeDebugNativeLibs', task ':flutter_plugin_android_lifecycle:copyDebugJniLibsProjectOnly', task ':flutter_secure_storage:mergeDebugJniLibFolders', task ':flutter_secure_storage:mergeDebugNativeLibs', task ':flutter_secure_storage:copyDebugJniLibsProjectOnly', task ':fluttertoast:mergeDebugJniLibFolders', task ':fluttertoast:mergeDebugNativeLibs', task ':fluttertoast:copyDebugJniLibsProjectOnly', task ':image_picker_android:mergeDebugJniLibFolders', task ':image_picker_android:mergeDebugNativeLibs', task ':image_picker_android:copyDebugJniLibsProjectOnly', task ':path_provider_android:mergeDebugJniLibFolders', task ':path_provider_android:mergeDebugNativeLibs', task ':path_provider_android:copyDebugJniLibsProjectOnly', task ':shared_preferences_android:mergeDebugJniLibFolders', task ':shared_preferences_android:mergeDebugNativeLibs', task ':shared_preferences_android:copyDebugJniLibsProjectOnly', task ':app:mergeDebugNativeLibs', task ':app:stripDebugDebugSymbols', task ':app:validateSigningDebug', task ':app:writeDebugAppMetadata', task ':app:writeDebugSigningConfigVersions', task ':app:packageDebug', task ':app:createDebugApkListingFileRedirect', task ':app:assembleDebug', task ':flutter_plugin_android_lifecycle:stripDebugDebugSymbols', task ':flutter_plugin_android_lifecycle:copyDebugJniLibsProjectAndLocalJars', task ':flutter_plugin_android_lifecycle:extractDebugAnnotations', task ':flutter_plugin_android_lifecycle:extractDeepLinksForAarDebug', task ':flutter_plugin_android_lifecycle:mergeDebugGeneratedProguardFiles', task ':flutter_plugin_android_lifecycle:mergeDebugConsumerProguardFiles', task ':flutter_plugin_android_lifecycle:prepareDebugArtProfile', task ':flutter_plugin_android_lifecycle:prepareLintJarForPublish', task ':flutter_plugin_android_lifecycle:mergeDebugJavaResource', task ':flutter_plugin_android_lifecycle:syncDebugLibJars', task ':flutter_plugin_android_lifecycle:bundleDebugAar', task ':flutter_plugin_android_lifecycle:assembleDebug', task ':flutter_secure_storage:stripDebugDebugSymbols', task ':flutter_secure_storage:copyDebugJniLibsProjectAndLocalJars', task ':flutter_secure_storage:extractDebugAnnotations', task ':flutter_secure_storage:extractDeepLinksForAarDebug', task ':flutter_secure_storage:mergeDebugGeneratedProguardFiles', task ':flutter_secure_storage:mergeDebugConsumerProguardFiles', task ':flutter_secure_storage:prepareDebugArtProfile', task ':flutter_secure_storage:prepareLintJarForPublish', task ':flutter_secure_storage:mergeDebugJavaResource', task ':flutter_secure_storage:syncDebugLibJars', task ':flutter_secure_storage:bundleDebugAar', task ':flutter_secure_storage:assembleDebug', task ':fluttertoast:stripDebugDebugSymbols', task ':fluttertoast:copyDebugJniLibsProjectAndLocalJars', task ':fluttertoast:extractDebugAnnotations', task ':fluttertoast:extractDeepLinksForAarDebug', task ':fluttertoast:mergeDebugGeneratedProguardFiles', task ':fluttertoast:mergeDebugConsumerProguardFiles', task ':fluttertoast:prepareDebugArtProfile', task ':fluttertoast:prepareLintJarForPublish', task ':fluttertoast:mergeDebugJavaResource', task ':fluttertoast:syncDebugLibJars', task ':fluttertoast:bundleDebugAar', task ':fluttertoast:assembleDebug', task ':image_picker_android:stripDebugDebugSymbols', task ':image_picker_android:copyDebugJniLibsProjectAndLocalJars', task ':image_picker_android:extractDebugAnnotations', task ':image_picker_android:extractDeepLinksForAarDebug', task ':image_picker_android:mergeDebugGeneratedProguardFiles', task ':image_picker_android:mergeDebugConsumerProguardFiles', task ':image_picker_android:prepareDebugArtProfile', task ':image_picker_android:prepareLintJarForPublish', task ':image_picker_android:mergeDebugJavaResource', task ':image_picker_android:syncDebugLibJars', task ':image_picker_android:bundleDebugAar', task ':image_picker_android:assembleDebug', task ':path_provider_android:stripDebugDebugSymbols', task ':path_provider_android:copyDebugJniLibsProjectAndLocalJars', task ':path_provider_android:extractDebugAnnotations', task ':path_provider_android:extractDeepLinksForAarDebug', task ':path_provider_android:mergeDebugGeneratedProguardFiles', task ':path_provider_android:mergeDebugConsumerProguardFiles', task ':path_provider_android:prepareDebugArtProfile', task ':path_provider_android:prepareLintJarForPublish', task ':path_provider_android:mergeDebugJavaResource', task ':path_provider_android:syncDebugLibJars', task ':path_provider_android:bundleDebugAar', task ':path_provider_android:assembleDebug', task ':shared_preferences_android:stripDebugDebugSymbols', task ':shared_preferences_android:copyDebugJniLibsProjectAndLocalJars', task ':shared_preferences_android:extractDebugAnnotations', task ':shared_preferences_android:extractDeepLinksForAarDebug', task ':shared_preferences_android:mergeDebugGeneratedProguardFiles', task ':shared_preferences_android:mergeDebugConsumerProguardFiles', task ':shared_preferences_android:prepareDebugArtProfile', task ':shared_preferences_android:prepareLintJarForPublish', task ':shared_preferences_android:mergeDebugJavaResource', task ':shared_preferences_android:syncDebugLibJars', task ':shared_preferences_android:bundleDebugAar', task ':shared_preferences_android:assembleDebug']
[  +17 ms] Tasks that were excluded: []
[  +48 ms] work action Parameters of IdentityTransform (Thread[#62,Execution worker Thread 2,5,main]) started.
[ +112 ms] work action Parameters of DexingNoClasspathTransform (Thread[#62,Execution worker Thread 2,5,main]) started.
[ +238 ms] work action Parameters of DexingOutputSplitTransform (Thread[#103,included builds Thread 2,5,main]) started.
[  +58 ms] work action Parameters of ClassesDirToClassesTransform (Thread[#62,Execution worker Thread 2,5,main]) started.
[        ] work action Parameters of DexingOutputSplitTransform (Thread[#103,included builds Thread 2,5,main]) started.
[        ] Resolve mutations for :app:DebugMinSdkCheck (Thread[#103,included builds Thread 2,5,main]) started.
[ +150 ms] :app:DebugMinSdkCheck (Thread[#63,Execution worker Thread 3,5,main]) started.
[ +838 ms] > Task :app:DebugMinSdkCheck
[   +1 ms] Caching disabled for task ':app:DebugMinSdkCheck' because:
[  +14 ms]   Build cache is disabled
[        ] Task ':app:DebugMinSdkCheck' is not up-to-date because:
[   +1 ms]   Task has not declared any outputs despite executing actions.
[   +3 ms] Resolve mutations for :app:preBuild (Thread[#63,Execution worker Thread 3,5,main]) started.
[   +2 ms] :app:preBuild (Thread[#103,included builds Thread 2,5,main]) started.
[        ] > Task :app:preBuild UP-TO-DATE
[  +16 ms] Skipping task ':app:preBuild' as it has no actions.
[   +3 ms] Resolve mutations for :app:preDebugBuild (Thread[#63,Execution worker Thread 3,5,main]) started.
[  +16 ms] :app:preDebugBuild (Thread[#63,Execution worker Thread 3,5,main]) started.
[   +5 ms] > Task :app:preDebugBuild UP-TO-DATE
[   +7 ms] Skipping task ':app:preDebugBuild' as it has no actions.
[   +2 ms] Resolve mutations for :app:mergeDebugNativeDebugMetadata (Thread[#103,included builds Thread 2,5,main]) started.
[  +25 ms] :app:mergeDebugNativeDebugMetadata (Thread[#63,Execution worker Thread 3,5,main]) started.
[  +91 ms] > Task :app:mergeDebugNativeDebugMetadata NO-SOURCE
[        ] Invalidating in-memory cache of E:\projects\karan\android\.gradle\buildOutputCleanup\outputFiles.bin
[        ] Skipping task ':app:mergeDebugNativeDebugMetadata' as it has no source files and no previous output files.
[  +44 ms] Resolve mutations for :app:checkKotlinGradlePluginConfigurationErrors (Thread[#63,Execution worker Thread 3,5,main]) started.
[   +2 ms] :app:checkKotlinGradlePluginConfigurationErrors (Thread[#103,included builds Thread 2,5,main]) started.
[   +1 ms] > Task :app:checkKotlinGradlePluginConfigurationErrors SKIPPED
[  +15 ms] Skipping task ':app:checkKotlinGradlePluginConfigurationErrors' as task onlyIf 'errorDiagnostics are present' is false.
[  +43 ms] Resolve mutations for :app:compileFlutterBuildDebug (Thread[#103,included builds Thread 2,5,main]) started.
[ +303 ms] :app:compileFlutterBuildDebug (Thread[#63,Execution worker Thread 3,5,main]) started.
[+2094 ms] > Task :app:compileFlutterBuildDebug
[   +1 ms] Invalidating in-memory cache of E:\projects\karan\android\.gradle\8.14\fileHashes\fileHashes.bin
[        ] Invalidating in-memory cache of E:\projects\karan\android\.gradle\8.14\fileHashes\resourceHashesCache.bin
[ +899 ms] Caching disabled for task ':app:compileFlutterBuildDebug' because:
[  +17 ms]   Build cache is disabled
[   +1 ms]   Caching has not been enabled for the task
[        ] Task ':app:compileFlutterBuildDebug' is not up-to-date because:
[   +4 ms]   Value of input property 'fileSystemScheme' has changed for task ':app:compileFlutterBuildDebug'
[   +1 ms]   Value of input property 'targetPath' has changed for task ':app:compileFlutterBuildDebug'
[  +11 ms]   Value of input property 'targetPlatformValues' has changed for task ':app:compileFlutterBuildDebug'
[   +1 ms]   and more...
[ +163 ms] Starting process 'command 'E:\flutter\bin\flutter.bat''. Working directory: E:\projects\karan Command: E:\flutter\bin\flutter.bat --verbose assemble --no-version-check --depfile E:\projects\karan\build\app\intermediates\flutter\debug/flutter_build.d --output E:\projects\karan\build\app\intermediates\flutter\debug -dTargetFile=lib\main.dart -dTargetPlatform=android -dBuildMode=debug -dTrackWidgetCreation=true --DartDefines=RkxVVFRFUl9WRVJTSU9OPTMuNDEuNA==,RkxVVFRFUl9DSEFOTkVMPXN0YWJsZQ==,RkxVVFRFUl9HSVRfVVJMPWh0dHBzOi8vZ2l0aHViLmNvbS9mbHV0dGVyL2ZsdXR0ZXIuZ2l0,RkxVVFRFUl9GUkFNRVdPUktfUkVWSVNJT049ZmYzN2JlZjYwMw==,RkxVVFRFUl9FTkdJTkVfUkVWSVNJT049ZTRiOGRjYTNmMQ==,RkxVVFRFUl9EQVJUX1ZFUlNJT049My4xMS4x -dFlavor= -dAndroidArchs=android-arm android-arm64 android-x64 -dMinSdkVersion=24 debug_android_application
[+2787 ms] Successfully started process 'command 'E:\flutter\bin\flutter.bat''
[+128745 ms] [+1053 ms] Artifact Instance of 'MaterialFonts' is not required, skipping update.
[  +42 ms] [   +8 ms] Artifact Instance of 'GradleWrapper' is not required, skipping update.
[   +1 ms] [        ] Artifact Instance of 'AndroidGenSnapshotArtifacts' is not required, skipping update.
[        ] [        ] Artifact Instance of 'AndroidInternalBuildArtifacts' is not required, skipping update.
[  +13 ms] [        ] Artifact Instance of 'IOSEngineArtifacts' is not required, skipping update.
[   +1 ms] [        ] Artifact Instance of 'FlutterWebSdk' is not required, skipping update.
[  +18 ms] [   +3 ms] Artifact Instance of 'LegacyCanvasKitRemover' is not required, skipping update.
[   +2 ms] [   +1 ms] Artifact Instance of 'FlutterSdk' is not required, skipping update.
[        ] [        ] Artifact Instance of 'WindowsEngineArtifacts' is not required, skipping update.
[  +11 ms] [        ] Artifact Instance of 'MacOSEngineArtifacts' is not required, skipping update.
[        ] [        ] Artifact Instance of 'LinuxEngineArtifacts' is not required, skipping update.
[        ] [        ] Artifact Instance of 'LinuxFuchsiaSDKArtifacts' is not required, skipping update.
[   +5 ms] [        ] Artifact Instance of 'MacOSFuchsiaSDKArtifacts' is not required, skipping update.
[        ] [        ] Artifact Instance of 'FlutterRunnerSDKArtifacts' is not required, skipping update.
[   +6 ms] [        ] Artifact Instance of 'FlutterRunnerDebugSymbols' is not required, skipping update.
[   +1 ms] [        ] Artifact Instance of 'IosUsbArtifacts' is not required, skipping update.
[        ] [        ] Artifact Instance of 'IosUsbArtifacts' is not required, skipping update.
[        ] [        ] Artifact Instance of 'IosUsbArtifacts' is not required, skipping update.
[   +5 ms] [        ] Artifact Instance of 'IosUsbArtifacts' is not required, skipping update.
[   +1 ms] [        ] Artifact Instance of 'IosUsbArtifacts' is not required, skipping update.
[  +16 ms] [        ] Artifact Instance of 'IosUsbArtifacts' is not required, skipping update.
[   +3 ms] [        ] Artifact Instance of 'FontSubsetArtifacts' is not required, skipping update.
[   +2 ms] [        ] Artifact Instance of 'PubDependencies' is not required, skipping update.
[        ] [  +44 ms] Artifact Instance of 'AndroidGenSnapshotArtifacts' is not required, skipping update.
[   +7 ms] [        ] Artifact Instance of 'AndroidInternalBuildArtifacts' is not required, skipping update.
[   +1 ms] [        ] Artifact Instance of 'IOSEngineArtifacts' is not required, skipping update.
[  +11 ms] [        ] Artifact Instance of 'FlutterWebSdk' is not required, skipping update.
[        ] [        ] Artifact Instance of 'FlutterEngineStamp' is not required, skipping update.
[        ] [        ] Artifact Instance of 'LegacyCanvasKitRemover' is not required, skipping update.
[        ] [  +12 ms] Artifact Instance of 'WindowsEngineArtifacts' is not required, skipping update.
[   +4 ms] [        ] Artifact Instance of 'MacOSEngineArtifacts' is not required, skipping update.
[        ] [        ] Artifact Instance of 'LinuxEngineArtifacts' is not required, skipping update.
[        ] [        ] Artifact Instance of 'LinuxFuchsiaSDKArtifacts' is not required, skipping update.
[        ] [        ] Artifact Instance of 'MacOSFuchsiaSDKArtifacts' is not required, skipping update.
[   +9 ms] [        ] Artifact Instance of 'FlutterRunnerSDKArtifacts' is not required, skipping update.
[        ] [        ] Artifact Instance of 'FlutterRunnerDebugSymbols' is not required, skipping update.
[  +10 ms] [ +281 ms] Artifact Instance of 'MaterialFonts' is not required, skipping update.
[   +2 ms] [        ] Artifact Instance of 'GradleWrapper' is not required, skipping update.
[   +8 ms] [   +8 ms] Artifact Instance of 'AndroidInternalBuildArtifacts' is not required, skipping update.
[   +9 ms] [   +6 ms] Artifact Instance of 'IOSEngineArtifacts' is not required, skipping update.
[  +13 ms] [        ] Artifact Instance of 'FlutterWebSdk' is not required, skipping update.
[        ] [        ] Artifact Instance of 'FlutterEngineStamp' is not required, skipping update.
[        ] [        ] Artifact Instance of 'LegacyCanvasKitRemover' is not required, skipping update.
[        ] [        ] Artifact Instance of 'FlutterSdk' is not required, skipping update.
[   +7 ms] [        ] Artifact Instance of 'WindowsEngineArtifacts' is not required, skipping update.
[   +2 ms] [        ] Artifact Instance of 'MacOSEngineArtifacts' is not required, skipping update.
[   +1 ms] [        ] Artifact Instance of 'LinuxEngineArtifacts' is not required, skipping update.
[   +7 ms] [        ] Artifact Instance of 'LinuxFuchsiaSDKArtifacts' is not required, skipping update.
[        ] [        ] Artifact Instance of 'MacOSFuchsiaSDKArtifacts' is not required, skipping update.
[   +1 ms] [        ] Artifact Instance of 'FlutterRunnerSDKArtifacts' is not required, skipping update.
[   +1 ms] [        ] Artifact Instance of 'FlutterRunnerDebugSymbols' is not required, skipping update.
[   +1 ms] [        ] Artifact Instance of 'IosUsbArtifacts' is not required, skipping update.
[        ] [        ] Artifact Instance of 'IosUsbArtifacts' is not required, skipping update.
[   +2 ms] [        ] Artifact Instance of 'IosUsbArtifacts' is not required, skipping update.
[        ] [        ] Artifact Instance of 'IosUsbArtifacts' is not required, skipping update.
[   +1 ms] [        ] Artifact Instance of 'IosUsbArtifacts' is not required, skipping update.
[   +9 ms] [        ] Artifact Instance of 'IosUsbArtifacts' is not required, skipping update.
[   +4 ms] [   +2 ms] Artifact Instance of 'FontSubsetArtifacts' is not required, skipping update.
[   +3 ms] [   +3 ms] Artifact Instance of 'PubDependencies' is not required, skipping update.
[        ] [ +293 ms] Initializing file store
[  +25 ms] [ +154 ms] dart_build: Starting due to {}
[   +1 ms] [   +3 ms] Skipping target: gen_localizations
[   +4 ms] [  +30 ms] gen_dart_plugin_registrant: Starting due to {InvalidatedReasonKind.outputSetAddition: The following outputs were added to the output set: E:\projects\karan\.dart_tool\flutter_build\dart_plugin_registrant.dart, InvalidatedReasonKind.inputChanged: The following inputs have updated contents: E:\projects\karan\.dart_tool\package_config.json}
[ +974 ms] [+3232 ms] Building native assets for android_arm, android_arm64, android_x64.
[ +987 ms] [+1015 ms] Running `E:\flutter\bin\cache\dart-sdk\bin\dart compile kernel --packages=E:\projects\karan\.dart_tool\package_config.json --output=E:\projects\karan\.dart_tool\hooks_runner\objective_c\049912fb61\hook.dill --depfile=E:\projects\karan\.dart_tool\hooks_runner\objective_c\049912fb61\hook.dill.d 'C:\Users\Karan Jain\AppData\Local\Pub\Cache\hosted\pub.dev\objective_c-9.3.0\hook\build.dart'`.
[+1397 ms] [+1444 ms] Found plugin shared_preferences at C:\Users\Karan Jain\AppData\Local\Pub\Cache\hosted\pub.dev\shared_preferences-2.5.4\
[ +116 ms] [  +57 ms] Found plugin shared_preferences_windows at C:\Users\Karan Jain\AppData\Local\Pub\Cache\hosted\pub.dev\shared_preferences_windows-2.4.1\
[  +86 ms] [ +152 ms] Found plugin path_provider_windows at C:\Users\Karan Jain\AppData\Local\Pub\Cache\hosted\pub.dev\path_provider_windows-2.3.0\
[ +298 ms] [ +208 ms] Found plugin shared_preferences_web at C:\Users\Karan Jain\AppData\Local\Pub\Cache\hosted\pub.dev\shared_preferences_web-2.4.3\
[        ] [  +96 ms] Found plugin shared_preferences_linux at C:\Users\Karan Jain\AppData\Local\Pub\Cache\hosted\pub.dev\shared_preferences_linux-2.4.1\
[ +111 ms] [  +54 ms] Found plugin path_provider_linux at C:\Users\Karan Jain\AppData\Local\Pub\Cache\hosted\pub.dev\path_provider_linux-2.2.1\
[  +36 ms] [  +51 ms] Found plugin shared_preferences_foundation at C:\Users\Karan Jain\AppData\Local\Pub\Cache\hosted\pub.dev\shared_preferences_foundation-2.5.6\
[  +50 ms] [ +111 ms] Found plugin shared_preferences_android at C:\Users\Karan Jain\AppData\Local\Pub\Cache\hosted\pub.dev\shared_preferences_android-2.4.21\
[ +406 ms] [ +376 ms] Found plugin image_picker at C:\Users\Karan Jain\AppData\Local\Pub\Cache\hosted\pub.dev\image_picker-1.2.1\
[   +6 ms] [  +14 ms] Found plugin image_picker_windows at C:\Users\Karan Jain\AppData\Local\Pub\Cache\hosted\pub.dev\image_picker_windows-0.2.2\
[ +288 ms] [ +249 ms] Found plugin file_selector_windows at C:\Users\Karan Jain\AppData\Local\Pub\Cache\hosted\pub.dev\file_selector_windows-0.9.3+5\
[   +1 ms] [  +59 ms] Found plugin image_picker_macos at C:\Users\Karan Jain\AppData\Local\Pub\Cache\hosted\pub.dev\image_picker_macos-0.2.2+1\
[ +100 ms] [  +23 ms] Found plugin file_selector_macos at C:\Users\Karan Jain\AppData\Local\Pub\Cache\hosted\pub.dev\file_selector_macos-0.9.5\
[   +1 ms] [  +32 ms] Found plugin image_picker_linux at C:\Users\Karan Jain\AppData\Local\Pub\Cache\hosted\pub.dev\image_picker_linux-0.2.2\
[ +131 ms] [  +63 ms] Found plugin file_selector_linux at C:\Users\Karan Jain\AppData\Local\Pub\Cache\hosted\pub.dev\file_selector_linux-0.9.4\
[  +82 ms] [  +79 ms] Found plugin image_picker_ios at C:\Users\Karan Jain\AppData\Local\Pub\Cache\hosted\pub.dev\image_picker_ios-0.8.13+6\
[   +1 ms] [  +70 ms] Found plugin image_picker_for_web at C:\Users\Karan Jain\AppData\Local\Pub\Cache\hosted\pub.dev\image_picker_for_web-3.1.1\
[  +29 ms] [  +65 ms] Found plugin image_picker_android at C:\Users\Karan Jain\AppData\Local\Pub\Cache\hosted\pub.dev\image_picker_android-0.8.13+14\
[ +264 ms] [ +239 ms] Found plugin flutter_plugin_android_lifecycle at C:\Users\Karan Jain\AppData\Local\Pub\Cache\hosted\pub.dev\flutter_plugin_android_lifecycle-2.0.33\
[  +98 ms] [ +115 ms] Found plugin fluttertoast at C:\Users\Karan Jain\AppData\Local\Pub\Cache\hosted\pub.dev\fluttertoast-9.0.0\
[ +108 ms] [ +117 ms] Found plugin flutter_secure_storage at C:\Users\Karan Jain\AppData\Local\Pub\Cache\hosted\pub.dev\flutter_secure_storage-9.2.4\
[ +318 ms] [ +211 ms] Found plugin flutter_secure_storage_windows at C:\Users\Karan Jain\AppData\Local\Pub\Cache\hosted\pub.dev\flutter_secure_storage_windows-3.1.2\
[  +79 ms] [ +186 ms] Found plugin path_provider at C:\Users\Karan Jain\AppData\Local\Pub\Cache\hosted\pub.dev\path_provider-2.1.5\
[  +92 ms] [  +49 ms] Found plugin path_provider_foundation at C:\Users\Karan Jain\AppData\Local\Pub\Cache\hosted\pub.dev\path_provider_foundation-2.6.0\
[ +393 ms] [ +334 ms] Found plugin path_provider_android at C:\Users\Karan Jain\AppData\Local\Pub\Cache\hosted\pub.dev\path_provider_android-2.2.22\
[        ] [  +85 ms] Found plugin flutter_secure_storage_web at C:\Users\Karan Jain\AppData\Local\Pub\Cache\hosted\pub.dev\flutter_secure_storage_web-1.2.1\
[ +101 ms] [ +114 ms] Found plugin flutter_secure_storage_macos at C:\Users\Karan Jain\AppData\Local\Pub\Cache\hosted\pub.dev\flutter_secure_storage_macos-3.1.3\
[  +92 ms] [  +63 ms] Found plugin flutter_secure_storage_linux at C:\Users\Karan Jain\AppData\Local\Pub\Cache\hosted\pub.dev\flutter_secure_storage_linux-1.2.3\
[ +410 ms] [ +428 ms] Skipping generating dart_plugin_registrant.dart because it is up-to-date.
[   +2 ms] [   +7 ms] gen_dart_plugin_registrant: Complete
[  +92 ms] [  +78 ms] kernel_snapshot_program: Starting due to {}
[ +293 ms] [ +269 ms] E:\flutter\bin\cache\dart-sdk\bin\dartaotruntime.exe E:\flutter\bin\cache\dart-sdk\bin\snapshots\frontend_server_aot.dart.snapshot --sdk-root E:\flutter\bin\cache\artifacts\engine\common\flutter_patched_sdk/ --target=flutter --no-print-incremental-dependencies -DFLUTTER_VERSION=3.41.4 -DFLUTTER_CHANNEL=stable -DFLUTTER_GIT_URL=https://github.com/flutter/flutter.git -DFLUTTER_FRAMEWORK_REVISION=ff37bef603 -DFLUTTER_ENGINE_REVISION=e4b8dca3f1 -DFLUTTER_DART_VERSION=3.11.1 -DFLUTTER_APP_FLAVOR= -Ddart.vm.profile=false -Ddart.vm.product=false --enable-asserts --track-widget-creation --no-link-platform --packages E:\projects\karan\.dart_tool\package_config.json --output-dill E:\projects\karan\.dart_tool\flutter_build\a934b6b2fbb9b8324bc0270a2986faf7\app.dill --depfile E:\projects\karan\.dart_tool\flutter_build\a934b6b2fbb9b8324bc0270a2986faf7\kernel_snapshot_program.d --incremental --initialize-from-dill E:\projects\karan\.dart_tool\flutter_build\a934b6b2fbb9b8324bc0270a2986faf7\app.dill --source file:///E:/projects/karan/.dart_tool/flutter_build/dart_plugin_registrant.dart --source package:flutter/src/dart_plugin_registrant.dart -Dflutter.dart_plugin_registrant=file:///E:/projects/karan/.dart_tool/flutter_build/dart_plugin_registrant.dart --verbosity=error package:karan/main.dart
[+17006 ms] [+16958 ms] input.json contents:
[   +1 ms]             {
[        ]               "assets": {},
[   +3 ms]               "config": {
[        ]                 "build_asset_types": [
[   +1 ms]                   "code_assets/code"
[        ]                 ],
[        ]                 "extensions": {
[        ]                   "code_assets": {
[   +4 ms]                     "android": {
[        ]                       "target_ndk_api": 24
[        ]                     },
[        ]                     "c_compiler": {
[        ]                       "ar": "C:\\Users\\Karan Jain\\AppData\\Local\\Android\\Sdk\\ndk\\28.2.13676358\\toolchains\\llvm\\prebuilt\\windows-x86_64\\bin\\llvm-ar.exe",
[        ]                       "cc": "C:\\Users\\Karan Jain\\AppData\\Local\\Android\\Sdk\\ndk\\28.2.13676358\\toolchains\\llvm\\prebuilt\\windows-x86_64\\bin\\clang.exe",
[        ]                       "ld": "C:\\Users\\Karan Jain\\AppData\\Local\\Android\\Sdk\\ndk\\28.2.13676358\\toolchains\\llvm\\prebuilt\\windows-x86_64\\bin\\ld.lld.exe"
[        ]                     },
[        ]                     "link_mode_preference": "dynamic",
[        ]                     "target_architecture": "arm",
[        ]                     "target_os": "android"
[        ]                   }
[        ]                 },
[        ]                 "linking_enabled": false
[        ]               },
[        ]               "out_dir_shared": "E:\\projects\\karan\\.dart_tool\\hooks_runner\\shared\\objective_c\\build\\",
[        ]               "out_file": "E:\\projects\\karan\\.dart_tool\\hooks_runner\\objective_c\\049912fb61\\output.json",
[   +1 ms]               "package_name": "objective_c",
[   +2 ms]               "package_root": "C:\\Users\\Karan Jain\\AppData\\Local\\Pub\\Cache\\hosted\\pub.dev\\objective_c-9.3.0\\",
[        ]               "user_defines": {}
[        ]             }
[ +188 ms] [ +174 ms] Running `(cd C:\Users\Karan Jain\AppData\Local\Pub\Cache\hosted\pub.dev\objective_c-9.3.0\; PATH=E:\Android\jbr\bin;c:\\Users\\Karan Jain\\.trae\\tools\\trae-gopls\\current;c:\\Users\\Karan Jain\\.trae\\sdks\\workspaces\\07baff4c\\versions\\node\\current;c:\\Users\\Karan Jain\\.trae\\sdks\\versions\\node\\current;E:\flutter\bin\;c:\Users\Karan Jain\.trae\tools\trae-gopls\current;c:\Users\Karan Jain\.trae\sdks\workspaces\07baff4c\versions\node\current;c:\Users\Karan Jain\.trae\sdks\versions\node\current;C:\WINDOWS\system32;C:\WINDOWS;C:\WINDOWS\System32\Wbem;C:\WINDOWS\System32\WindowsPowerShell\v1.0\;C:\WINDOWS\System32\OpenSSH\;C:\Program Files\nodejs\;C:\Program Files\PuTTY\;C:\xampp\php;C:\ProgramData\ComposerSetup\bin;C:\Program Files\dotnet\;C:\Program Files\Docker\Docker\resources\bin;C:\Program Files\Git\cmd;C:\Program Files\Amazon\AWSCLI\bin\;C:\Program Files\Redis;E:\flutter\bin;C:\Users\Karan Jain\AppData\Local\Android\Sdk\platform-tools;C:\Users\Karan Jain\AppData\Local\Android\Sdk\emulator;e:\Trae\bin;E:\flutter\bin;C:\Users\Karan Jain\AppData\Local\Programs\Python\Python314\Scripts\;C:\Users\Karan Jain\AppData\Local\Programs\Python\Python314\;C:\Users\Karan Jain\.cargo\bin;C:\Users\Karan Jain\AppData\Local\Microsoft\WindowsApps;C:\Users\Karan Jain\AppData\Local\Programs\Microsoft VS Code\bin;C:\Users\Karan Jain\AppData\Roaming\npm;C:\Users\Karan Jain\AppData\Roaming\Composer\vendor\bin;C:\Users\Karan Jain\.dotnet\tools;C:\Users\Karan Jain\.dotnet\tools;C:\Program Files\Android\Android Studio\jbr\bin;C:\Users\Karan Jain\AppData\Local\Programs\cursor\resources\app\bin;C:\ffmpeg\bin;C:\Users\Karan Jain\AppData\Local\Android\Sdk\platform-tools;;E:\flutter\bin\mingit\cmd;E:\flutter\bin\mingit\cmd PROGRAMDATA=C:\ProgramData SYSTEMDRIVE=C: SYSTEMROOT=C:\WINDOWS TEMP=C:\Users\KARANJ~1\AppData\Local\Temp TMP=C:\Users\KARANJ~1\AppData\Local\Temp USERPROFILE=C:\Users\Karan Jain WINDIR=C:\WINDOWS E:\flutter\bin\cache\dart-sdk\bin\dart --packages=E:\projects\karan\.dart_tool\package_config.json E:\projects\karan\.dart_tool\hooks_runner\objective_c\049912fb61\hook.dill --config=E:\projects\karan\.dart_tool\hooks_runner\objective_c\049912fb61\input.json )`.
[+18278 ms] [+18168 ms] output.json contents:
[   +1 ms]             {
[   +1 ms]               "assets_for_linking": {},
[   +6 ms]               "status": "success",
[   +4 ms]               "timestamp": "2026-03-15 14:26:06.000"
[   +1 ms]             }
[ +842 ms] [+1092 ms] Running `E:\flutter\bin\cache\dart-sdk\bin\dart compile kernel --packages=E:\projects\karan\.dart_tool\package_config.json --output=E:\projects\karan\.dart_tool\hooks_runner\objective_c\b552d8956c\hook.dill --depfile=E:\projects\karan\.dart_tool\hooks_runner\objective_c\b552d8956c\hook.dill.d 'C:\Users\Karan Jain\AppData\Local\Pub\Cache\hosted\pub.dev\objective_c-9.3.0\hook\build.dart'`.
[+66157 ms] [+65336 ms] input.json contents:
[  +29 ms]             {
[  +19 ms]               "assets": {},
[   +1 ms]               "config": {
[   +1 ms]                 "build_asset_types": [
[        ]                   "code_assets/code"
[        ]                 ],
[  +13 ms]                 "extensions": {
[        ]                   "code_assets": {
[        ]                     "android": {
[        ]                       "target_ndk_api": 24
[   +1 ms]                     },
[  +14 ms]                     "c_compiler": {
[   +1 ms]                       "ar": "C:\\Users\\Karan Jain\\AppData\\Local\\Android\\Sdk\\ndk\\28.2.13676358\\toolchains\\llvm\\prebuilt\\windows-x86_64\\bin\\llvm-ar.exe",
[        ]                       "cc": "C:\\Users\\Karan Jain\\AppData\\Local\\Android\\Sdk\\ndk\\28.2.13676358\\toolchains\\llvm\\prebuilt\\windows-x86_64\\bin\\clang.exe",
[  +50 ms]                       "ld": "C:\\Users\\Karan Jain\\AppData\\Local\\Android\\Sdk\\ndk\\28.2.13676358\\toolchains\\llvm\\prebuilt\\windows-x86_64\\bin\\ld.lld.exe"
[        ]                     },
[        ]                     "link_mode_preference": "dynamic",
[        ]                     "target_architecture": "arm64",
[        ]                     "target_os": "android"
[        ]                   }
[        ]                 },
[        ]                 "linking_enabled": false
[  +23 ms]               },
[        ]               "out_dir_shared": "E:\\projects\\karan\\.dart_tool\\hooks_runner\\shared\\objective_c\\build\\",
[        ]               "out_file": "E:\\projects\\karan\\.dart_tool\\hooks_runner\\objective_c\\b552d8956c\\output.json",
[        ]               "package_name": "objective_c",
[        ]               "package_root": "C:\\Users\\Karan Jain\\AppData\\Local\\Pub\\Cache\\hosted\\pub.dev\\objective_c-9.3.0\\",
[  +16 ms]               "user_defines": {}
[   +1 ms]             }
[  +21 ms] [ +409 ms] Running `(cd C:\Users\Karan Jain\AppData\Local\Pub\Cache\hosted\pub.dev\objective_c-9.3.0\; PATH=E:\Android\jbr\bin;c:\\Users\\Karan Jain\\.trae\\tools\\trae-gopls\\current;c:\\Users\\Karan Jain\\.trae\\sdks\\workspaces\\07baff4c\\versions\\node\\current;c:\\Users\\Karan Jain\\.trae\\sdks\\versions\\node\\current;E:\flutter\bin\;c:\Users\Karan Jain\.trae\tools\trae-gopls\current;c:\Users\Karan Jain\.trae\sdks\workspaces\07baff4c\versions\node\current;c:\Users\Karan Jain\.trae\sdks\versions\node\current;C:\WINDOWS\system32;C:\WINDOWS;C:\WINDOWS\System32\Wbem;C:\WINDOWS\System32\WindowsPowerShell\v1.0\;C:\WINDOWS\System32\OpenSSH\;C:\Program Files\nodejs\;C:\Program Files\PuTTY\;C:\xampp\php;C:\ProgramData\ComposerSetup\bin;C:\Program Files\dotnet\;C:\Program Files\Docker\Docker\resources\bin;C:\Program Files\Git\cmd;C:\Program Files\Amazon\AWSCLI\bin\;C:\Program Files\Redis;E:\flutter\bin;C:\Users\Karan Jain\AppData\Local\Android\Sdk\platform-tools;C:\Users\Karan Jain\AppData\Local\Android\Sdk\emulator;e:\Trae\bin;E:\flutter\bin;C:\Users\Karan Jain\AppData\Local\Programs\Python\Python314\Scripts\;C:\Users\Karan Jain\AppData\Local\Programs\Python\Python314\;C:\Users\Karan Jain\.cargo\bin;C:\Users\Karan Jain\AppData\Local\Microsoft\WindowsApps;C:\Users\Karan Jain\AppData\Local\Programs\Microsoft VS Code\bin;C:\Users\Karan Jain\AppData\Roaming\npm;C:\Users\Karan Jain\AppData\Roaming\Composer\vendor\bin;C:\Users\Karan Jain\.dotnet\tools;C:\Users\Karan Jain\.dotnet\tools;C:\Program Files\Android\Android Studio\jbr\bin;C:\Users\Karan Jain\AppData\Local\Programs\cursor\resources\app\bin;C:\ffmpeg\bin;C:\Users\Karan Jain\AppData\Local\Android\Sdk\platform-tools;;E:\flutter\bin\mingit\cmd;E:\flutter\bin\mingit\cmd PROGRAMDATA=C:\ProgramData SYSTEMDRIVE=C: SYSTEMROOT=C:\WINDOWS TEMP=C:\Users\KARANJ~1\AppData\Local\Temp TMP=C:\Users\KARANJ~1\AppData\Local\Temp USERPROFILE=C:\Users\Karan Jain WINDIR=C:\WINDOWS E:\flutter\bin\cache\dart-sdk\bin\dart --packages=E:\projects\karan\.dart_tool\package_config.json E:\projects\karan\.dart_tool\hooks_runner\objective_c\b552d8956c\hook.dill --config=E:\projects\karan\.dart_tool\hooks_runner\objective_c\b552d8956c\input.json )`.
[+11707 ms] [+12271 ms] output.json contents:
[  +18 ms]             {
[   +1 ms]               "assets_for_linking": {},
[        ]               "status": "success",
[        ]               "timestamp": "2026-03-15 14:27:29.000"
[  +40 ms]             }
[+1317 ms] [+1404 ms] input.json contents:
[        ]            {
[  +14 ms]              "assets": {},
[   +2 ms]              "config": {
[   +2 ms]                "build_asset_types": [
[   +5 ms]                  "code_assets/code"
[   +1 ms]                ],
[        ]                "extensions": {
[   +4 ms]                  "code_assets": {
[   +1 ms]                    "android": {
[   +1 ms]                      "target_ndk_api": 24
[   +5 ms]                    },
[        ]                    "c_compiler": {
[        ]                      "ar": "C:\\Users\\Karan Jain\\AppData\\Local\\Android\\Sdk\\ndk\\28.2.13676358\\toolchains\\llvm\\prebuilt\\windows-x86_64\\bin\\llvm-ar.exe",
[   +1 ms]                      "cc": "C:\\Users\\Karan Jain\\AppData\\Local\\Android\\Sdk\\ndk\\28.2.13676358\\toolchains\\llvm\\prebuilt\\windows-x86_64\\bin\\clang.exe",
[   +3 ms]                      "ld": "C:\\Users\\Karan Jain\\AppData\\Local\\Android\\Sdk\\ndk\\28.2.13676358\\toolchains\\llvm\\prebuilt\\windows-x86_64\\bin\\ld.lld.exe"
[   +1 ms]                    },
[        ]                    "link_mode_preference": "dynamic",
[   +6 ms]                    "target_architecture": "x64",
[   +1 ms]                    "target_os": "android"
[        ]                  }
[        ]                },
[   +1 ms]                "linking_enabled": false
[   +5 ms]              },
[   +1 ms]              "out_dir_shared": "E:\\projects\\karan\\.dart_tool\\hooks_runner\\shared\\objective_c\\build\\",
[  +15 ms]              "out_file": "E:\\projects\\karan\\.dart_tool\\hooks_runner\\objective_c\\9d92108c05\\output.json",
[   +1 ms]              "package_name": "objective_c",
[  +13 ms]              "package_root": "C:\\Users\\Karan Jain\\AppData\\Local\\Pub\\Cache\\hosted\\pub.dev\\objective_c-9.3.0\\",
[   +1 ms]              "user_defines": {}
[        ]            }
[ +138 ms] [ +181 ms] output.json contents:
[  +17 ms]            {
[   +5 ms]              "assets_for_linking": {},
[        ]              "status": "success",
[  +34 ms]              "timestamp": "2026-03-15 14:12:40.000"
[        ]            }
[        ] [  +48 ms] Rerunning build for objective_c in E:\projects\karan\.dart_tool\hooks_runner\objective_c\9d92108c05\. Environment variable changed: PATH.
[        ] [   +9 ms] input.json contents:
[  +13 ms]            {
[   +3 ms]              "assets": {},
[        ]              "config": {
[        ]                "build_asset_types": [
[        ]                  "code_assets/code"
[        ]                ],
[        ]                "extensions": {
[        ]                  "code_assets": {
[  +49 ms]                    "android": {
[        ]                      "target_ndk_api": 24
[        ]                    },
[   +1 ms]                    "c_compiler": {
[        ]                      "ar": "C:\\Users\\Karan Jain\\AppData\\Local\\Android\\Sdk\\ndk\\28.2.13676358\\toolchains\\llvm\\prebuilt\\windows-x86_64\\bin\\llvm-ar.exe",
[  +47 ms]                      "cc": "C:\\Users\\Karan Jain\\AppData\\Local\\Android\\Sdk\\ndk\\28.2.13676358\\toolchains\\llvm\\prebuilt\\windows-x86_64\\bin\\clang.exe",
[        ]                      "ld": "C:\\Users\\Karan Jain\\AppData\\Local\\Android\\Sdk\\ndk\\28.2.13676358\\toolchains\\llvm\\prebuilt\\windows-x86_64\\bin\\ld.lld.exe"
[        ]                    },
[   +1 ms]                    "link_mode_preference": "dynamic",
[   +8 ms]                    "target_architecture": "x64",
[        ]                    "target_os": "android"
[        ]                  }
[        ]                },
[        ]                "linking_enabled": false
[        ]              },
[        ]              "out_dir_shared": "E:\\projects\\karan\\.dart_tool\\hooks_runner\\shared\\objective_c\\build\\",
[   +5 ms]              "out_file": "E:\\projects\\karan\\.dart_tool\\hooks_runner\\objective_c\\9d92108c05\\output.json",
[        ]              "package_name": "objective_c",
[   +9 ms]              "package_root": "C:\\Users\\Karan Jain\\AppData\\Local\\Pub\\Cache\\hosted\\pub.dev\\objective_c-9.3.0\\",
[        ]              "user_defines": {}
[  +30 ms]            }
[+2768 ms] [+2919 ms] Running `(cd C:\Users\Karan Jain\AppData\Local\Pub\Cache\hosted\pub.dev\objective_c-9.3.0\; PATH=E:\Android\jbr\bin;c:\\Users\\Karan Jain\\.trae\\tools\\trae-gopls\\current;c:\\Users\\Karan Jain\\.trae\\sdks\\workspaces\\07baff4c\\versions\\node\\current;c:\\Users\\Karan Jain\\.trae\\sdks\\versions\\node\\current;E:\flutter\bin\;c:\Users\Karan Jain\.trae\tools\trae-gopls\current;c:\Users\Karan Jain\.trae\sdks\workspaces\07baff4c\versions\node\current;c:\Users\Karan Jain\.trae\sdks\versions\node\current;C:\WINDOWS\system32;C:\WINDOWS;C:\WINDOWS\System32\Wbem;C:\WINDOWS\System32\WindowsPowerShell\v1.0\;C:\WINDOWS\System32\OpenSSH\;C:\Program Files\nodejs\;C:\Program Files\PuTTY\;C:\xampp\php;C:\ProgramData\ComposerSetup\bin;C:\Program Files\dotnet\;C:\Program Files\Docker\Docker\resources\bin;C:\Program Files\Git\cmd;C:\Program Files\Amazon\AWSCLI\bin\;C:\Program Files\Redis;E:\flutter\bin;C:\Users\Karan Jain\AppData\Local\Android\Sdk\platform-tools;C:\Users\Karan Jain\AppData\Local\Android\Sdk\emulator;e:\Trae\bin;E:\flutter\bin;C:\Users\Karan Jain\AppData\Local\Programs\Python\Python314\Scripts\;C:\Users\Karan Jain\AppData\Local\Programs\Python\Python314\;C:\Users\Karan Jain\.cargo\bin;C:\Users\Karan Jain\AppData\Local\Microsoft\WindowsApps;C:\Users\Karan Jain\AppData\Local\Programs\Microsoft VS Code\bin;C:\Users\Karan Jain\AppData\Roaming\npm;C:\Users\Karan Jain\AppData\Roaming\Composer\vendor\bin;C:\Users\Karan Jain\.dotnet\tools;C:\Users\Karan Jain\.dotnet\tools;C:\Program Files\Android\Android Studio\jbr\bin;C:\Users\Karan Jain\AppData\Local\Programs\cursor\resources\app\bin;C:\ffmpeg\bin;C:\Users\Karan Jain\AppData\Local\Android\Sdk\platform-tools;;E:\flutter\bin\mingit\cmd;E:\flutter\bin\mingit\cmd PROGRAMDATA=C:\ProgramData SYSTEMDRIVE=C: SYSTEMROOT=C:\WINDOWS TEMP=C:\Users\KARANJ~1\AppData\Local\Temp TMP=C:\Users\KARANJ~1\AppData\Local\Temp USERPROFILE=C:\Users\Karan Jain WINDIR=C:\WINDOWS E:\flutter\bin\cache\dart-sdk\bin\dart --packages=E:\projects\karan\.dart_tool\package_config.json E:\projects\karan\.dart_tool\hooks_runner\objective_c\9d92108c05\hook.dill --config=E:\projects\karan\.dart_tool\hooks_runner\objective_c\9d92108c05\input.json )`.
[+16065 ms] [+16154 ms] output.json contents:
[   +1 ms]             {
[        ]               "assets_for_linking": {},
[        ]               "status": "success",
[        ]               "timestamp": "2026-03-15 14:27:50.000"
[        ]             }
[ +178 ms] [ +156 ms] Building native assets for android_arm, android_arm64, android_x64 done.
[ +606 ms] [ +645 ms] dart_build: Complete
[ +405 ms] [ +390 ms] install_code_assets: Starting due to {}
[ +199 ms] [ +122 ms] Writing native assets json to file:///E:/projects/karan/.dart_tool/flutter_build/a934b6b2fbb9b8324bc0270a2986faf7/native_assets.json.
[  +93 ms] [  +83 ms] Writing E:\projects\karan\.dart_tool\flutter_build\a934b6b2fbb9b8324bc0270a2986faf7\native_assets.json done.
[ +201 ms] [ +219 ms] install_code_assets: Complete
[+81714 ms] [+81613 ms] kernel_snapshot_program: Complete
[+9186 ms] [+9354 ms] debug_android_application: Starting due to {}
[+2333 ms] [+2251 ms] Manifest contained wildcard assets. Inserting missing file into build graph to force rerun. for more information see #56466.
[  +11 ms] [  +70 ms] shaderc command: [E:\flutter\bin\cache\artifacts\engine\windows-x64\impellerc.exe, --sksl, --runtime-stage-gles, --runtime-stage-gles3, --runtime-stage-vulkan, --iplr, --sl=E:\projects\karan\build\app\intermediates\flutter\debug\flutter_assets\shaders/ink_sparkle.frag, --spirv=E:\projects\karan\build\app\intermediates\flutter\debug\flutter_assets\shaders/ink_sparkle.frag.spirv, --input=E:\flutter\packages\flutter\lib\src\material\shaders\ink_sparkle.frag, --input-type=frag, --include=E:\flutter\packages\flutter\lib\src\material\shaders, --include=E:\flutter\bin\cache\artifacts\engine\windows-x64\shader_lib]
[   +7 ms] [   +8 ms] shaderc command: [E:\flutter\bin\cache\artifacts\engine\windows-x64\impellerc.exe, --sksl, --runtime-stage-gles, --runtime-stage-gles3, --runtime-stage-vulkan, --iplr, --sl=E:\projects\karan\build\app\intermediates\flutter\debug\flutter_assets\shaders/stretch_effect.frag, --spirv=E:\projects\karan\build\app\intermediates\flutter\debug\flutter_assets\shaders/stretch_effect.frag.spirv, --input=E:\flutter\packages\flutter\lib\src\material\shaders\stretch_effect.frag, --input-type=frag, --include=E:\flutter\packages\flutter\lib\src\material\shaders, --include=E:\flutter\bin\cache\artifacts\engine\windows-x64\shader_lib]
[+7840 ms] [+7839 ms] debug_android_application: Complete
[+3811 ms] [+3884 ms] Persisting file store
[ +105 ms] [  +69 ms] Done persisting file store
[  +98 ms] [ +107 ms] build succeeded.
[  +96 ms] [  +49 ms] "flutter assemble" took 252,598ms.
[+1604 ms] [+1608 ms] Running 1 shutdown hook
[   +1 ms] [  +14 ms] Shutdown hooks complete
[ +590 ms] [ +563 ms] exiting with code 0
[+1421 ms] Invalidating in-memory cache of E:\projects\karan\android\.gradle\8.14\fileHashes\fileHashes.bin
[ +331 ms] Invalidating in-memory cache of E:\projects\karan\android\.gradle\8.14\fileHashes\resourceHashesCache.bin
[+1855 ms] Invalidating in-memory cache of E:\projects\karan\android\.gradle\8.14\executionHistory\executionHistory.bin
[ +123 ms] Invalidating in-memory cache of E:\projects\karan\android\.gradle\buildOutputCleanup\outputFiles.bin
[ +124 ms] Resolve mutations for :app:packJniLibsflutterBuildDebug (Thread[#103,included builds Thread 2,5,main]) started.
[ +259 ms] :app:packJniLibsflutterBuildDebug (Thread[#103,included builds Thread 2,5,main]) started.
[+2052 ms] > Task :app:packJniLibsflutterBuildDebug
[   +4 ms] Caching disabled for task ':app:packJniLibsflutterBuildDebug' because:
[        ]   Build cache is disabled
[        ]   Not worth caching
[        ] Task ':app:packJniLibsflutterBuildDebug' is not up-to-date because:
[        ]   Input property 'rootSpec$1$3.caseSensitive' has been added for task ':app:packJniLibsflutterBuildDebug'
[   +1 ms]   Input property 'rootSpec$1$3.destPath' has been added for task ':app:packJniLibsflutterBuildDebug'
[        ]   Input property 'rootSpec$1$3.dirPermissions' has been added for task ':app:packJniLibsflutterBuildDebug'
[   +4 ms]   and more...
[+3442 ms] file or directory 'E:\projects\karan\build\app\intermediates\flutter\debug\armeabi-v7a', not found
[        ] file or directory 'E:\projects\karan\build\native_assets\android\jniLibs\lib\armeabi-v7a', not found
[   +1 ms] file or directory 'E:\projects\karan\build\app\intermediates\flutter\debug\arm64-v8a', not found
[   +6 ms] file or directory 'E:\projects\karan\build\native_assets\android\jniLibs\lib\arm64-v8a', not found
[        ] file or directory 'E:\projects\karan\build\app\intermediates\flutter\debug\x86_64', not found
[        ] file or directory 'E:\projects\karan\build\native_assets\android\jniLibs\lib\x86_64', not found
[        ] Resolve mutations for :flutter_plugin_android_lifecycle:preBuild (Thread[#63,Execution worker Thread 3,5,main]) started.
[  +74 ms] :flutter_plugin_android_lifecycle:preBuild (Thread[#103,included builds Thread 2,5,main]) started.
[   +1 ms] > Task :flutter_plugin_android_lifecycle:preBuild UP-TO-DATE
[        ] Skipping task ':flutter_plugin_android_lifecycle:preBuild' as it has no actions.
[   +2 ms] Resolve mutations for :flutter_plugin_android_lifecycle:preDebugBuild (Thread[#63,Execution worker Thread 3,5,main]) started.
[  +95 ms] :flutter_plugin_android_lifecycle:preDebugBuild (Thread[#103,included builds Thread 2,5,main]) started.
[   +9 ms] > Task :flutter_plugin_android_lifecycle:preDebugBuild UP-TO-DATE
[   +1 ms] Skipping task ':flutter_plugin_android_lifecycle:preDebugBuild' as it has no actions.
[        ] Resolve mutations for :flutter_plugin_android_lifecycle:writeDebugAarMetadata (Thread[#103,included builds Thread 2,5,main]) started.
[        ] :flutter_plugin_android_lifecycle:writeDebugAarMetadata (Thread[#103,included builds Thread 2,5,main]) started.
[ +130 ms] > Task :flutter_plugin_android_lifecycle:writeDebugAarMetadata UP-TO-DATE
[   +1 ms] Caching disabled for task ':flutter_plugin_android_lifecycle:writeDebugAarMetadata' because:
[   +1 ms]   Build cache is disabled
[        ]   Caching has been disabled for the task
[        ] Skipping task ':flutter_plugin_android_lifecycle:writeDebugAarMetadata' as it is up-to-date.
[        ] work action resolve aar-metadata.properties (project :flutter_plugin_android_lifecycle) (Thread[#103,included builds Thread 2,5,main]) started.
[        ] Resolve mutations for :flutter_secure_storage:preBuild (Thread[#103,included builds Thread 2,5,main]) started.
[        ] :flutter_secure_storage:preBuild (Thread[#63,Execution worker Thread 3,5,main]) started.
[        ] > Task :flutter_secure_storage:preBuild UP-TO-DATE
[        ] Skipping task ':flutter_secure_storage:preBuild' as it has no actions.
[   +1 ms] Resolve mutations for :flutter_secure_storage:preDebugBuild (Thread[#63,Execution worker Thread 3,5,main]) started.
[   +1 ms] :flutter_secure_storage:preDebugBuild (Thread[#103,included builds Thread 2,5,main]) started.
[   +2 ms] > Task :flutter_secure_storage:preDebugBuild UP-TO-DATE
[        ] Skipping task ':flutter_secure_storage:preDebugBuild' as it has no actions.
[   +4 ms] Resolve mutations for :flutter_secure_storage:writeDebugAarMetadata (Thread[#103,included builds Thread 2,5,main]) started.
[        ] :flutter_secure_storage:writeDebugAarMetadata (Thread[#103,included builds Thread 2,5,main]) started.
[   +2 ms] > Task :flutter_secure_storage:writeDebugAarMetadata UP-TO-DATE
[        ] Caching disabled for task ':flutter_secure_storage:writeDebugAarMetadata' because:
[   +1 ms]   Build cache is disabled
[        ]   Caching has been disabled for the task
[        ] Skipping task ':flutter_secure_storage:writeDebugAarMetadata' as it is up-to-date.
[        ] work action resolve aar-metadata.properties (project :flutter_secure_storage) (Thread[#103,included builds Thread 2,5,main]) started.
[        ] Resolve mutations for :fluttertoast:preBuild (Thread[#103,included builds Thread 2,5,main]) started.
[        ] :fluttertoast:preBuild (Thread[#103,included builds Thread 2,5,main]) started.
[        ] > Task :fluttertoast:preBuild UP-TO-DATE
[        ] Skipping task ':fluttertoast:preBuild' as it has no actions.
[        ] Resolve mutations for :fluttertoast:preDebugBuild (Thread[#103,included builds Thread 2,5,main]) started.
[        ] :fluttertoast:preDebugBuild (Thread[#103,included builds Thread 2,5,main]) started.
[        ] > Task :fluttertoast:preDebugBuild UP-TO-DATE
[        ] Skipping task ':fluttertoast:preDebugBuild' as it has no actions.
[        ] Resolve mutations for :fluttertoast:writeDebugAarMetadata (Thread[#103,included builds Thread 2,5,main]) started.
[        ] :fluttertoast:writeDebugAarMetadata (Thread[#103,included builds Thread 2,5,main]) started.
[        ] > Task :fluttertoast:writeDebugAarMetadata UP-TO-DATE
[        ] Caching disabled for task ':fluttertoast:writeDebugAarMetadata' because:
[        ]   Build cache is disabled
[        ]   Caching has been disabled for the task
[        ] Skipping task ':fluttertoast:writeDebugAarMetadata' as it is up-to-date.
[   +1 ms] work action resolve aar-metadata.properties (project :fluttertoast) (Thread[#103,included builds Thread 2,5,main]) started.
[ +347 ms] Resolve mutations for :image_picker_android:preBuild (Thread[#103,included builds Thread 2,5,main]) started.
[  +85 ms] :image_picker_android:preBuild (Thread[#103,included builds Thread 2,5,main]) started.
[   +6 ms] > Task :image_picker_android:preBuild UP-TO-DATE
[        ] Skipping task ':image_picker_android:preBuild' as it has no actions.
[        ] Resolve mutations for :image_picker_android:preDebugBuild (Thread[#103,included builds Thread 2,5,main]) started.
[        ] :image_picker_android:preDebugBuild (Thread[#103,included builds Thread 2,5,main]) started.
[        ] > Task :image_picker_android:preDebugBuild UP-TO-DATE
[        ] Skipping task ':image_picker_android:preDebugBuild' as it has no actions.
[        ] Resolve mutations for :image_picker_android:writeDebugAarMetadata (Thread[#103,included builds Thread 2,5,main]) started.
[        ] :image_picker_android:writeDebugAarMetadata (Thread[#103,included builds Thread 2,5,main]) started.
[        ] > Task :image_picker_android:writeDebugAarMetadata UP-TO-DATE
[        ] Caching disabled for task ':image_picker_android:writeDebugAarMetadata' because:
[        ]   Build cache is disabled
[        ]   Caching has been disabled for the task
[  +16 ms] Skipping task ':image_picker_android:writeDebugAarMetadata' as it is up-to-date.
[ +128 ms] work action resolve aar-metadata.properties (project :image_picker_android) (Thread[#61,Execution worker,5,main]) started.
[   +1 ms] Resolve mutations for :path_provider_android:preBuild (Thread[#61,Execution worker,5,main]) started.
[   +2 ms] :path_provider_android:preBuild (Thread[#103,included builds Thread 2,5,main]) started.
[   +3 ms] > Task :path_provider_android:preBuild UP-TO-DATE
[        ] Skipping task ':path_provider_android:preBuild' as it has no actions.
[        ] Resolve mutations for :path_provider_android:preDebugBuild (Thread[#103,included builds Thread 2,5,main]) started.
[        ] :path_provider_android:preDebugBuild (Thread[#103,included builds Thread 2,5,main]) started.
[        ] > Task :path_provider_android:preDebugBuild UP-TO-DATE
[        ] Skipping task ':path_provider_android:preDebugBuild' as it has no actions.
[        ] Resolve mutations for :path_provider_android:writeDebugAarMetadata (Thread[#103,included builds Thread 2,5,main]) started.
[        ] :path_provider_android:writeDebugAarMetadata (Thread[#61,Execution worker,5,main]) started.
[        ] > Task :path_provider_android:writeDebugAarMetadata UP-TO-DATE
[        ] Caching disabled for task ':path_provider_android:writeDebugAarMetadata' because:
[        ]   Build cache is disabled
[        ]   Caching has been disabled for the task
[        ] Skipping task ':path_provider_android:writeDebugAarMetadata' as it is up-to-date.
[   +1 ms] work action resolve aar-metadata.properties (project :path_provider_android) (Thread[#61,Execution worker,5,main]) started.
[   +1 ms] Resolve mutations for :shared_preferences_android:preBuild (Thread[#61,Execution worker,5,main]) started.
[        ] :shared_preferences_android:preBuild (Thread[#61,Execution worker,5,main]) started.
[        ] > Task :shared_preferences_android:preBuild UP-TO-DATE
[        ] Skipping task ':shared_preferences_android:preBuild' as it has no actions.
[        ] Resolve mutations for :shared_preferences_android:preDebugBuild (Thread[#61,Execution worker,5,main]) started.
[        ] :shared_preferences_android:preDebugBuild (Thread[#62,Execution worker Thread 2,5,main]) started.
[        ] > Task :shared_preferences_android:preDebugBuild UP-TO-DATE
[        ] Skipping task ':shared_preferences_android:preDebugBuild' as it has no actions.
[  +87 ms] Resolve mutations for :shared_preferences_android:writeDebugAarMetadata (Thread[#62,Execution worker Thread 2,5,main]) started.
[        ] :shared_preferences_android:writeDebugAarMetadata (Thread[#62,Execution worker Thread 2,5,main]) started.
[        ] > Task :shared_preferences_android:writeDebugAarMetadata UP-TO-DATE
[        ] Caching disabled for task ':shared_preferences_android:writeDebugAarMetadata' because:
[        ]   Build cache is disabled
[        ]   Caching has been disabled for the task
[        ] Skipping task ':shared_preferences_android:writeDebugAarMetadata' as it is up-to-date.
[        ] work action resolve aar-metadata.properties (project :shared_preferences_android) (Thread[#62,Execution worker Thread 2,5,main]) started.
[        ] Resolve mutations for :app:checkDebugAarMetadata (Thread[#62,Execution worker Thread 2,5,main]) started.
[        ] :app:checkDebugAarMetadata (Thread[#62,Execution worker Thread 2,5,main]) started.
[+5732 ms] > Task :app:checkDebugAarMetadata
[        ] Invalidating in-memory cache of C:\Users\Karan Jain\.gradle\caches\journal-1\file-access.bin
[ +102 ms] Invalidating in-memory cache of C:\Users\Karan Jain\.gradle\caches\8.14\fileHashes\fileHashes.bin
[ +117 ms] Invalidating in-memory cache of C:\Users\Karan Jain\.gradle\caches\8.14\fileHashes\resourceHashesCache.bin
[+1997 ms] Caching disabled for task ':app:checkDebugAarMetadata' because:
[   +7 ms]   Build cache is disabled
[        ]   Caching has been disabled for the task
[   +2 ms] Skipping task ':app:checkDebugAarMetadata' as it is up-to-date.
[        ] > Task :app:checkDebugAarMetadata UP-TO-DATE
[        ] Resolve mutations for :app:cleanMergeDebugAssets (Thread[#63,Execution worker Thread 3,5,main]) started.
[        ] :app:cleanMergeDebugAssets (Thread[#63,Execution worker Thread 3,5,main]) started.
[+2072 ms] > Task :app:cleanMergeDebugAssets
[        ] Caching disabled for task ':app:cleanMergeDebugAssets' because:
[        ]   Build cache is disabled
[        ] Task ':app:cleanMergeDebugAssets' is not up-to-date because:
[        ]   Task has not declared any outputs despite executing actions.
[+13005 ms] Resolve mutations for :app:mergeDebugShaders (Thread[#63,Execution worker Thread 3,5,main]) started.
[        ] :app:mergeDebugShaders (Thread[#62,Execution worker Thread 2,5,main]) started.
[        ] > Task :app:mergeDebugShaders UP-TO-DATE
[        ] Caching disabled for task ':app:mergeDebugShaders' because:
[        ]   Build cache is disabled
[        ]   Simple merging task
[        ] Skipping task ':app:mergeDebugShaders' as it is up-to-date.
[        ] Resolve mutations for :app:compileDebugShaders (Thread[#63,Execution worker Thread 3,5,main]) started.
[        ] :app:compileDebugShaders (Thread[#63,Execution worker Thread 3,5,main]) started.
[  +91 ms] > Task :app:compileDebugShaders NO-SOURCE
[        ] Skipping task ':app:compileDebugShaders' as it has no source files and no previous output files.
[   +2 ms] Resolve mutations for :app:generateDebugAssets (Thread[#63,Execution worker Thread 3,5,main]) started.
[   +4 ms] :app:generateDebugAssets (Thread[#63,Execution worker Thread 3,5,main]) started.
[   +2 ms] > Task :app:generateDebugAssets UP-TO-DATE
[        ] Skipping task ':app:generateDebugAssets' as it has no actions.
[   +2 ms] Resolve mutations for :flutter_plugin_android_lifecycle:mergeDebugShaders (Thread[#63,Execution worker Thread 3,5,main]) started.
[   +7 ms] :flutter_plugin_android_lifecycle:mergeDebugShaders (Thread[#63,Execution worker Thread 3,5,main]) started.
[   +2 ms] > Task :flutter_plugin_android_lifecycle:mergeDebugShaders UP-TO-DATE
[   +1 ms] Caching disabled for task ':flutter_plugin_android_lifecycle:mergeDebugShaders' because:
[        ]   Build cache is disabled
[        ]   Simple merging task
[        ] Skipping task ':flutter_plugin_android_lifecycle:mergeDebugShaders' as it is up-to-date.
[        ] Resolve mutations for :flutter_plugin_android_lifecycle:compileDebugShaders (Thread[#63,Execution worker Thread 3,5,main]) started.
[        ] :flutter_plugin_android_lifecycle:compileDebugShaders (Thread[#63,Execution worker Thread 3,5,main]) started.
[        ] > Task :flutter_plugin_android_lifecycle:compileDebugShaders NO-SOURCE
[        ] Skipping task ':flutter_plugin_android_lifecycle:compileDebugShaders' as it has no source files and no previous output files.
[        ] Resolve mutations for :flutter_plugin_android_lifecycle:generateDebugAssets (Thread[#62,Execution worker Thread 2,5,main]) started.
[        ] :flutter_plugin_android_lifecycle:generateDebugAssets (Thread[#62,Execution worker Thread 2,5,main]) started.
[  +16 ms] > Task :flutter_plugin_android_lifecycle:generateDebugAssets UP-TO-DATE
[   +1 ms] Skipping task ':flutter_plugin_android_lifecycle:generateDebugAssets' as it has no actions.
[        ] Resolve mutations for :flutter_plugin_android_lifecycle:mergeDebugAssets (Thread[#63,Execution worker Thread 3,5,main]) started.
[        ] :flutter_plugin_android_lifecycle:mergeDebugAssets (Thread[#63,Execution worker Thread 3,5,main]) started.
[        ] > Task :flutter_plugin_android_lifecycle:mergeDebugAssets UP-TO-DATE
[        ] Caching disabled for task ':flutter_plugin_android_lifecycle:mergeDebugAssets' because:
[        ]   Build cache is disabled
[        ]   Simple merging task
[   +1 ms] Skipping task ':flutter_plugin_android_lifecycle:mergeDebugAssets' as it is up-to-date.
[        ] work action resolve mergeDebugAssets (project :flutter_plugin_android_lifecycle) (Thread[#63,Execution worker Thread 3,5,main]) started.
[   +2 ms] Resolve mutations for :flutter_secure_storage:mergeDebugShaders (Thread[#62,Execution worker Thread 2,5,main]) started.
[   +1 ms] :flutter_secure_storage:mergeDebugShaders (Thread[#62,Execution worker Thread 2,5,main]) started.
[  +14 ms] > Task :flutter_secure_storage:mergeDebugShaders UP-TO-DATE
[        ] Caching disabled for task ':flutter_secure_storage:mergeDebugShaders' because:
[        ]   Build cache is disabled
[        ]   Simple merging task
[        ] Skipping task ':flutter_secure_storage:mergeDebugShaders' as it is up-to-date.
[        ] Resolve mutations for :flutter_secure_storage:compileDebugShaders (Thread[#62,Execution worker Thread 2,5,main]) started.
[        ] :flutter_secure_storage:compileDebugShaders (Thread[#62,Execution worker Thread 2,5,main]) started.
[        ] > Task :flutter_secure_storage:compileDebugShaders NO-SOURCE
[        ] Skipping task ':flutter_secure_storage:compileDebugShaders' as it has no source files and no previous output files.
[        ] Resolve mutations for :flutter_secure_storage:generateDebugAssets (Thread[#62,Execution worker Thread 2,5,main]) started.
[        ] :flutter_secure_storage:generateDebugAssets (Thread[#62,Execution worker Thread 2,5,main]) started.
[        ] > Task :flutter_secure_storage:generateDebugAssets UP-TO-DATE
[        ] Skipping task ':flutter_secure_storage:generateDebugAssets' as it has no actions.
[        ] Resolve mutations for :flutter_secure_storage:mergeDebugAssets (Thread[#62,Execution worker Thread 2,5,main]) started.
[        ] :flutter_secure_storage:mergeDebugAssets (Thread[#62,Execution worker Thread 2,5,main]) started.
[  +22 ms] > Task :flutter_secure_storage:mergeDebugAssets UP-TO-DATE
[        ] Caching disabled for task ':flutter_secure_storage:mergeDebugAssets' because:
[   +1 ms]   Build cache is disabled
[        ]   Simple merging task
[        ] Skipping task ':flutter_secure_storage:mergeDebugAssets' as it is up-to-date.
[        ] work action resolve mergeDebugAssets (project :flutter_secure_storage) (Thread[#62,Execution worker Thread 2,5,main]) started.
[        ] Resolve mutations for :fluttertoast:mergeDebugShaders (Thread[#62,Execution worker Thread 2,5,main]) started.
[   +1 ms] :fluttertoast:mergeDebugShaders (Thread[#62,Execution worker Thread 2,5,main]) started.
[        ] > Task :fluttertoast:mergeDebugShaders UP-TO-DATE
[        ] Caching disabled for task ':fluttertoast:mergeDebugShaders' because:
[        ]   Build cache is disabled
[        ]   Simple merging task
[        ] Skipping task ':fluttertoast:mergeDebugShaders' as it is up-to-date.
[        ] Resolve mutations for :fluttertoast:compileDebugShaders (Thread[#62,Execution worker Thread 2,5,main]) started.
[   +2 ms] :fluttertoast:compileDebugShaders (Thread[#62,Execution worker Thread 2,5,main]) started.
[        ] > Task :fluttertoast:compileDebugShaders NO-SOURCE
[        ] Skipping task ':fluttertoast:compileDebugShaders' as it has no source files and no previous output files.
[        ] Resolve mutations for :fluttertoast:generateDebugAssets (Thread[#62,Execution worker Thread 2,5,main]) started.
[   +2 ms] :fluttertoast:generateDebugAssets (Thread[#62,Execution worker Thread 2,5,main]) started.
[        ] > Task :fluttertoast:generateDebugAssets UP-TO-DATE
[        ] Skipping task ':fluttertoast:generateDebugAssets' as it has no actions.
[        ] Resolve mutations for :fluttertoast:mergeDebugAssets (Thread[#62,Execution worker Thread 2,5,main]) started.
[   +2 ms] :fluttertoast:mergeDebugAssets (Thread[#62,Execution worker Thread 2,5,main]) started.
[        ] > Task :fluttertoast:mergeDebugAssets UP-TO-DATE
[        ] Caching disabled for task ':fluttertoast:mergeDebugAssets' because:
[        ]   Build cache is disabled
[        ]   Simple merging task
[        ] Skipping task ':fluttertoast:mergeDebugAssets' as it is up-to-date.
[        ] work action resolve mergeDebugAssets (project :fluttertoast) (Thread[#62,Execution worker Thread 2,5,main]) started.
[        ] Resolve mutations for :image_picker_android:mergeDebugShaders (Thread[#62,Execution worker Thread 2,5,main]) started.
[        ] :image_picker_android:mergeDebugShaders (Thread[#62,Execution worker Thread 2,5,main]) started.
[  +73 ms] > Task :image_picker_android:mergeDebugShaders UP-TO-DATE
[        ] Caching disabled for task ':image_picker_android:mergeDebugShaders' because:
[        ]   Build cache is disabled
[        ]   Simple merging task
[        ] Skipping task ':image_picker_android:mergeDebugShaders' as it is up-to-date.
[        ] Resolve mutations for :image_picker_android:compileDebugShaders (Thread[#62,Execution worker Thread 2,5,main]) started.
[        ] :image_picker_android:compileDebugShaders (Thread[#62,Execution worker Thread 2,5,main]) started.
[        ] > Task :image_picker_android:compileDebugShaders NO-SOURCE
[        ] Skipping task ':image_picker_android:compileDebugShaders' as it has no source files and no previous output files.
[        ] Resolve mutations for :image_picker_android:generateDebugAssets (Thread[#62,Execution worker Thread 2,5,main]) started.
[        ] :image_picker_android:generateDebugAssets (Thread[#62,Execution worker Thread 2,5,main]) started.
[        ] > Task :image_picker_android:generateDebugAssets UP-TO-DATE
[   +1 ms] Skipping task ':image_picker_android:generateDebugAssets' as it has no actions.
[        ] Resolve mutations for :image_picker_android:mergeDebugAssets (Thread[#62,Execution worker Thread 2,5,main]) started.
[        ] :image_picker_android:mergeDebugAssets (Thread[#62,Execution worker Thread 2,5,main]) started.
[        ] > Task :image_picker_android:mergeDebugAssets UP-TO-DATE
[        ] Caching disabled for task ':image_picker_android:mergeDebugAssets' because:
[        ]   Build cache is disabled
[        ]   Simple merging task
[        ] Skipping task ':image_picker_android:mergeDebugAssets' as it is up-to-date.
[        ] work action resolve mergeDebugAssets (project :image_picker_android) (Thread[#62,Execution worker Thread 2,5,main]) started.
[        ] Resolve mutations for :path_provider_android:mergeDebugShaders (Thread[#62,Execution worker Thread 2,5,main]) started.
[        ] :path_provider_android:mergeDebugShaders (Thread[#62,Execution worker Thread 2,5,main]) started.
[        ] > Task :path_provider_android:mergeDebugShaders UP-TO-DATE
[        ] Caching disabled for task ':path_provider_android:mergeDebugShaders' because:
[        ]   Build cache is disabled
[        ]   Simple merging task
[        ] Skipping task ':path_provider_android:mergeDebugShaders' as it is up-to-date.
[        ] Resolve mutations for :path_provider_android:compileDebugShaders (Thread[#62,Execution worker Thread 2,5,main]) started.
[        ] :path_provider_android:compileDebugShaders (Thread[#62,Execution worker Thread 2,5,main]) started.
[        ] > Task :path_provider_android:compileDebugShaders NO-SOURCE
[        ] Skipping task ':path_provider_android:compileDebugShaders' as it has no source files and no previous output files.
[        ] Resolve mutations for :path_provider_android:generateDebugAssets (Thread[#62,Execution worker Thread 2,5,main]) started.
[        ] :path_provider_android:generateDebugAssets (Thread[#62,Execution worker Thread 2,5,main]) started.
[        ] > Task :path_provider_android:generateDebugAssets UP-TO-DATE
[        ] Skipping task ':path_provider_android:generateDebugAssets' as it has no actions.
[        ] Resolve mutations for :path_provider_android:mergeDebugAssets (Thread[#62,Execution worker Thread 2,5,main]) started.
[        ] :path_provider_android:mergeDebugAssets (Thread[#62,Execution worker Thread 2,5,main]) started.
[  +89 ms] > Task :path_provider_android:mergeDebugAssets UP-TO-DATE
[        ] Caching disabled for task ':path_provider_android:mergeDebugAssets' because:
[        ]   Build cache is disabled
[        ]   Simple merging task
[        ] Skipping task ':path_provider_android:mergeDebugAssets' as it is up-to-date.
[        ] work action resolve mergeDebugAssets (project :path_provider_android) (Thread[#62,Execution worker Thread 2,5,main]) started.
[ +200 ms] Resolve mutations for :shared_preferences_android:mergeDebugShaders (Thread[#62,Execution worker Thread 2,5,main]) started.
[        ] :shared_preferences_android:mergeDebugShaders (Thread[#62,Execution worker Thread 2,5,main]) started.
[        ] > Task :shared_preferences_android:mergeDebugShaders UP-TO-DATE
[        ] Caching disabled for task ':shared_preferences_android:mergeDebugShaders' because:
[        ]   Build cache is disabled
[        ]   Simple merging task
[        ] Skipping task ':shared_preferences_android:mergeDebugShaders' as it is up-to-date.
[        ] Resolve mutations for :shared_preferences_android:compileDebugShaders (Thread[#62,Execution worker Thread 2,5,main]) started.
[   +1 ms] :shared_preferences_android:compileDebugShaders (Thread[#62,Execution worker Thread 2,5,main]) started.
[        ] > Task :shared_preferences_android:compileDebugShaders NO-SOURCE
[        ] Skipping task ':shared_preferences_android:compileDebugShaders' as it has no source files and no previous output files.
[   +2 ms] Resolve mutations for :shared_preferences_android:generateDebugAssets (Thread[#62,Execution worker Thread 2,5,main]) started.
[  +12 ms] :shared_preferences_android:generateDebugAssets (Thread[#62,Execution worker Thread 2,5,main]) started.
[  +14 ms] > Task :shared_preferences_android:generateDebugAssets UP-TO-DATE
[        ] Skipping task ':shared_preferences_android:generateDebugAssets' as it has no actions.
[        ] Resolve mutations for :shared_preferences_android:mergeDebugAssets (Thread[#62,Execution worker Thread 2,5,main]) started.
[   +1 ms] :shared_preferences_android:mergeDebugAssets (Thread[#62,Execution worker Thread 2,5,main]) started.
[        ] > Task :shared_preferences_android:mergeDebugAssets UP-TO-DATE
[        ] Caching disabled for task ':shared_preferences_android:mergeDebugAssets' because:
[        ]   Build cache is disabled
[        ]   Simple merging task
[        ] Skipping task ':shared_preferences_android:mergeDebugAssets' as it is up-to-date.
[        ] work action resolve mergeDebugAssets (project :shared_preferences_android) (Thread[#62,Execution worker Thread 2,5,main]) started.
[        ] Resolve mutations for :app:mergeDebugAssets (Thread[#62,Execution worker Thread 2,5,main]) started.
[        ] :app:mergeDebugAssets (Thread[#62,Execution worker Thread 2,5,main]) started.
[+1758 ms] > Task :app:mergeDebugAssets
[   +1 ms] Caching disabled for task ':app:mergeDebugAssets' because:
[        ]   Build cache is disabled
[        ]   Simple merging task
[        ] Task ':app:mergeDebugAssets' is not up-to-date because:
[   +1 ms]   Output property 'outputDir' file E:\projects\karan\build\app\intermediates\assets\debug\mergeDebugAssets has been removed.
[        ] The input changes require a full rebuild for incremental task ':app:mergeDebugAssets'.
[ +699 ms] Resolve mutations for :app:copyFlutterAssetsDebug (Thread[#62,Execution worker Thread 2,5,main]) started.
[        ] :app:copyFlutterAssetsDebug (Thread[#62,Execution worker Thread 2,5,main]) started.
[+1999 ms] > Task :app:copyFlutterAssetsDebug
[        ] Caching disabled for task ':app:copyFlutterAssetsDebug' because:
[        ]   Build cache is disabled
[        ]   Not worth caching
[        ] Task ':app:copyFlutterAssetsDebug' is not up-to-date because:
[        ]   Output property 'destinationDir' file E:\projects\karan\build\app\intermediates\assets\debug\mergeDebugAssets\flutter_assets has been removed.
[        ]   Output property 'destinationDir' file E:\projects\karan\build\app\intermediates\assets\debug\mergeDebugAssets\flutter_assets\AssetManifest.bin has been removed.
[        ]   Output property 'destinationDir' file E:\projects\karan\build\app\intermediates\assets\debug\mergeDebugAssets\flutter_assets\FontManifest.json has been removed.
[        ]   and more...
[ +824 ms] Resolve mutations for :app:generateDebugResValues (Thread[#62,Execution worker Thread 2,5,main]) started.
[   +1 ms] :app:generateDebugResValues (Thread[#63,Execution worker Thread 3,5,main]) started.
[        ] > Task :app:generateDebugResValues UP-TO-DATE
[        ] Caching disabled for task ':app:generateDebugResValues' because:
[        ]   Build cache is disabled
[        ] Skipping task ':app:generateDebugResValues' as it is up-to-date.
[   +1 ms] Resolve mutations for :flutter_plugin_android_lifecycle:generateDebugResValues (Thread[#63,Execution worker Thread 3,5,main]) started.
[        ] :flutter_plugin_android_lifecycle:generateDebugResValues (Thread[#63,Execution worker Thread 3,5,main]) started.
[   +1 ms] > Task :flutter_plugin_android_lifecycle:generateDebugResValues UP-TO-DATE
[        ] Caching disabled for task ':flutter_plugin_android_lifecycle:generateDebugResValues' because:
[        ]   Build cache is disabled
[        ] Skipping task ':flutter_plugin_android_lifecycle:generateDebugResValues' as it is up-to-date.
[        ] Resolve mutations for :flutter_plugin_android_lifecycle:generateDebugResources (Thread[#61,Execution worker,5,main]) started.
[  +66 ms] :flutter_plugin_android_lifecycle:generateDebugResources (Thread[#61,Execution worker,5,main]) started.
[   +1 ms] > Task :flutter_plugin_android_lifecycle:generateDebugResources UP-TO-DATE
[        ] Caching disabled for task ':flutter_plugin_android_lifecycle:generateDebugResources' because:
[        ]   Build cache is disabled
[        ] Skipping task ':flutter_plugin_android_lifecycle:generateDebugResources' as it is up-to-date.
[        ] Resolve mutations for :flutter_plugin_android_lifecycle:packageDebugResources (Thread[#61,Execution worker,5,main]) started.
[   +3 ms] :flutter_plugin_android_lifecycle:packageDebugResources (Thread[#61,Execution worker,5,main]) started.
[  +99 ms] > Task :flutter_plugin_android_lifecycle:packageDebugResources UP-TO-DATE
[        ] Caching disabled for task ':flutter_plugin_android_lifecycle:packageDebugResources' because:
[        ]   Build cache is disabled
[   +2 ms] Skipping task ':flutter_plugin_android_lifecycle:packageDebugResources' as it is up-to-date.
[   +3 ms] work action resolve packageDebugResources (project :flutter_plugin_android_lifecycle) (Thread[#61,Execution worker,5,main]) started.
[        ] Resolve mutations for :flutter_secure_storage:generateDebugResValues (Thread[#61,Execution worker,5,main]) started.
[  +40 ms] :flutter_secure_storage:generateDebugResValues (Thread[#61,Execution worker,5,main]) started.
[   +5 ms] > Task :flutter_secure_storage:generateDebugResValues UP-TO-DATE
[        ] Caching disabled for task ':flutter_secure_storage:generateDebugResValues' because:
[        ]   Build cache is disabled
[        ] Skipping task ':flutter_secure_storage:generateDebugResValues' as it is up-to-date.
[        ] Resolve mutations for :flutter_secure_storage:generateDebugResources (Thread[#61,Execution worker,5,main]) started.
[  +10 ms] :flutter_secure_storage:generateDebugResources (Thread[#61,Execution worker,5,main]) started.
[   +6 ms] > Task :flutter_secure_storage:generateDebugResources UP-TO-DATE
[   +4 ms] Caching disabled for task ':flutter_secure_storage:generateDebugResources' because:
[        ]   Build cache is disabled
[        ] Skipping task ':flutter_secure_storage:generateDebugResources' as it is up-to-date.
[   +1 ms] Resolve mutations for :flutter_secure_storage:packageDebugResources (Thread[#61,Execution worker,5,main]) started.
[   +3 ms] :flutter_secure_storage:packageDebugResources (Thread[#61,Execution worker,5,main]) started.
[        ] > Task :flutter_secure_storage:packageDebugResources UP-TO-DATE
[        ] Caching disabled for task ':flutter_secure_storage:packageDebugResources' because:
[        ]   Build cache is disabled
[        ]   Gradle does not know how file 'E:\projects\karan\build\flutter_secure_storage\intermediates\incremental\debug\packageDebugResources\stripped.dir' was created (output property 'incrementalFolder'). Task output caching requires exclusive access to output paths to guarantee correctness (i.e. multiple tasks are not allowed to produce output in the same location).
[   +2 ms] Skipping task ':flutter_secure_storage:packageDebugResources' as it is up-to-date.
[        ] work action resolve packageDebugResources (project :flutter_secure_storage) (Thread[#61,Execution worker,5,main]) started.
[        ] Resolve mutations for :fluttertoast:generateDebugResValues (Thread[#61,Execution worker,5,main]) started.
[        ] :fluttertoast:generateDebugResValues (Thread[#61,Execution worker,5,main]) started.
[   +1 ms] > Task :fluttertoast:generateDebugResValues UP-TO-DATE
[        ] Caching disabled for task ':fluttertoast:generateDebugResValues' because:
[        ]   Build cache is disabled
[        ] Skipping task ':fluttertoast:generateDebugResValues' as it is up-to-date.
[        ] Resolve mutations for :fluttertoast:generateDebugResources (Thread[#61,Execution worker,5,main]) started.
[        ] :fluttertoast:generateDebugResources (Thread[#61,Execution worker,5,main]) started.
[        ] > Task :fluttertoast:generateDebugResources UP-TO-DATE
[        ] Caching disabled for task ':fluttertoast:generateDebugResources' because:
[        ]   Build cache is disabled
[        ] Skipping task ':fluttertoast:generateDebugResources' as it is up-to-date.
[   +2 ms] Resolve mutations for :fluttertoast:packageDebugResources (Thread[#61,Execution worker,5,main]) started.
[        ] :fluttertoast:packageDebugResources (Thread[#61,Execution worker,5,main]) started.
[  +91 ms] > Task :fluttertoast:packageDebugResources UP-TO-DATE
[   +7 ms] Caching disabled for task ':fluttertoast:packageDebugResources' because:
[        ]   Build cache is disabled
[   +1 ms] Skipping task ':fluttertoast:packageDebugResources' as it is up-to-date.
[        ] work action resolve packageDebugResources (project :fluttertoast) (Thread[#61,Execution worker,5,main]) started.
[        ] Resolve mutations for :image_picker_android:generateDebugResValues (Thread[#61,Execution worker,5,main]) started.
[        ] :image_picker_android:generateDebugResValues (Thread[#61,Execution worker,5,main]) started.
[  +19 ms] > Task :image_picker_android:generateDebugResValues UP-TO-DATE
[        ] Caching disabled for task ':image_picker_android:generateDebugResValues' because:
[        ]   Build cache is disabled
[        ] Skipping task ':image_picker_android:generateDebugResValues' as it is up-to-date.
[        ] Resolve mutations for :image_picker_android:generateDebugResources (Thread[#61,Execution worker,5,main]) started.
[   +2 ms] :image_picker_android:generateDebugResources (Thread[#61,Execution worker,5,main]) started.
[        ] > Task :image_picker_android:generateDebugResources UP-TO-DATE
[        ] Caching disabled for task ':image_picker_android:generateDebugResources' because:
[        ]   Build cache is disabled
[        ] Skipping task ':image_picker_android:generateDebugResources' as it is up-to-date.
[   +4 ms] Resolve mutations for :image_picker_android:packageDebugResources (Thread[#61,Execution worker,5,main]) started.
[        ] :image_picker_android:packageDebugResources (Thread[#61,Execution worker,5,main]) started.
[   +2 ms] > Task :image_picker_android:packageDebugResources UP-TO-DATE
[        ] Caching disabled for task ':image_picker_android:packageDebugResources' because:
[   +1 ms]   Build cache is disabled
[   +2 ms]   Gradle does not know how file 'E:\projects\karan\build\image_picker_android\intermediates\incremental\debug\packageDebugResources\stripped.dir' was created (output property 'incrementalFolder'). Task output caching requires exclusive access to output paths to guarantee correctness (i.e. multiple tasks are not allowed to produce output in the same location).
[        ] Skipping task ':image_picker_android:packageDebugResources' as it is up-to-date.
[        ] work action resolve packageDebugResources (project :image_picker_android) (Thread[#61,Execution worker,5,main]) started.
[        ] Resolve mutations for :path_provider_android:generateDebugResValues (Thread[#61,Execution worker,5,main]) started.
[  +68 ms] :path_provider_android:generateDebugResValues (Thread[#61,Execution worker,5,main]) started.
[   +1 ms] > Task :path_provider_android:generateDebugResValues UP-TO-DATE
[        ] Caching disabled for task ':path_provider_android:generateDebugResValues' because:
[        ]   Build cache is disabled
[        ] Skipping task ':path_provider_android:generateDebugResValues' as it is up-to-date.
[        ] Resolve mutations for :path_provider_android:generateDebugResources (Thread[#61,Execution worker,5,main]) started.
[        ] :path_provider_android:generateDebugResources (Thread[#61,Execution worker,5,main]) started.
[  +89 ms] > Task :path_provider_android:generateDebugResources UP-TO-DATE
[        ] Caching disabled for task ':path_provider_android:generateDebugResources' because:
[        ]   Build cache is disabled
[        ] Skipping task ':path_provider_android:generateDebugResources' as it is up-to-date.
[        ] Resolve mutations for :path_provider_android:packageDebugResources (Thread[#61,Execution worker,5,main]) started.
[        ] :path_provider_android:packageDebugResources (Thread[#61,Execution worker,5,main]) started.
[   +4 ms] > Task :path_provider_android:packageDebugResources UP-TO-DATE
[        ] Caching disabled for task ':path_provider_android:packageDebugResources' because:
[        ]   Build cache is disabled
[   +1 ms]   Gradle does not know how file 'E:\projects\karan\build\path_provider_android\intermediates\incremental\debug\packageDebugResources\stripped.dir' was created (output property 'incrementalFolder'). Task output caching requires exclusive access to output paths to guarantee correctness (i.e. multiple tasks are not allowed to produce output in the same location).
[   +2 ms] Skipping task ':path_provider_android:packageDebugResources' as it is up-to-date.
[        ] work action resolve packageDebugResources (project :path_provider_android) (Thread[#61,Execution worker,5,main]) started.
[        ] Resolve mutations for :shared_preferences_android:generateDebugResValues (Thread[#61,Execution worker,5,main]) started.
[        ] :shared_preferences_android:generateDebugResValues (Thread[#61,Execution worker,5,main]) started.
[        ] > Task :shared_preferences_android:generateDebugResValues UP-TO-DATE
[        ] Caching disabled for task ':shared_preferences_android:generateDebugResValues' because:
[        ]   Build cache is disabled
[        ] Skipping task ':shared_preferences_android:generateDebugResValues' as it is up-to-date.
[        ] Resolve mutations for :shared_preferences_android:generateDebugResources (Thread[#61,Execution worker,5,main]) started.
[        ] :shared_preferences_android:generateDebugResources (Thread[#61,Execution worker,5,main]) started.
[        ] > Task :shared_preferences_android:generateDebugResources UP-TO-DATE
[        ] Caching disabled for task ':shared_preferences_android:generateDebugResources' because:
[        ]   Build cache is disabled
[        ] Skipping task ':shared_preferences_android:generateDebugResources' as it is up-to-date.
[        ] Resolve mutations for :shared_preferences_android:packageDebugResources (Thread[#61,Execution worker,5,main]) started.
[        ] :shared_preferences_android:packageDebugResources (Thread[#61,Execution worker,5,main]) started.
[        ] > Task :shared_preferences_android:packageDebugResources UP-TO-DATE
[        ] Caching disabled for task ':shared_preferences_android:packageDebugResources' because:
[        ]   Build cache is disabled
[        ]   Gradle does not know how file 'E:\projects\karan\build\shared_preferences_android\intermediates\incremental\debug\packageDebugResources\stripped.dir' was created (output property 'incrementalFolder'). Task output caching requires exclusive access to output paths to guarantee correctness (i.e. multiple tasks are not allowed to produce output in the same location).
[        ] Skipping task ':shared_preferences_android:packageDebugResources' as it is up-to-date.
[   +1 ms] work action resolve packageDebugResources (project :shared_preferences_android) (Thread[#61,Execution worker,5,main]) started.
[        ] Resolve mutations for :app:mapDebugSourceSetPaths (Thread[#61,Execution worker,5,main]) started.
[        ] :app:mapDebugSourceSetPaths (Thread[#61,Execution worker,5,main]) started.
[ +421 ms] > Task :app:mapDebugSourceSetPaths UP-TO-DATE
[        ] Caching disabled for task ':app:mapDebugSourceSetPaths' because:
[        ]   Build cache is disabled
[        ]   Caching has been disabled for the task
[        ] Skipping task ':app:mapDebugSourceSetPaths' as it is up-to-date.
[   +1 ms] Resolve mutations for :app:generateDebugResources (Thread[#61,Execution worker,5,main]) started.
[        ] :app:generateDebugResources (Thread[#61,Execution worker,5,main]) started.
[   +1 ms] > Task :app:generateDebugResources UP-TO-DATE
[   +1 ms] Caching disabled for task ':app:generateDebugResources' because:
[   +1 ms]   Build cache is disabled
[        ] Skipping task ':app:generateDebugResources' as it is up-to-date.
[        ] Resolve mutations for :app:mergeDebugResources (Thread[#61,Execution worker,5,main]) started.
[        ] :app:mergeDebugResources (Thread[#61,Execution worker,5,main]) started.
[ +274 ms] > Task :app:mergeDebugResources UP-TO-DATE
[        ] Caching disabled for task ':app:mergeDebugResources' because:
[        ]   Build cache is disabled
[        ] Skipping task ':app:mergeDebugResources' as it is up-to-date.
[        ] Resolve mutations for :app:packageDebugResources (Thread[#61,Execution worker,5,main]) started.
[   +8 ms] :app:packageDebugResources (Thread[#62,Execution worker Thread 2,5,main]) started.
[   +2 ms] > Task :app:packageDebugResources UP-TO-DATE
[        ] Caching disabled for task ':app:packageDebugResources' because:
[        ]   Build cache is disabled
[        ] Skipping task ':app:packageDebugResources' as it is up-to-date.
[        ] Resolve mutations for :app:parseDebugLocalResources (Thread[#62,Execution worker Thread 2,5,main]) started.
[        ] :app:parseDebugLocalResources (Thread[#62,Execution worker Thread 2,5,main]) started.
[        ] > Task :app:parseDebugLocalResources UP-TO-DATE
[        ] Caching disabled for task ':app:parseDebugLocalResources' because:
[        ]   Build cache is disabled
[        ] Skipping task ':app:parseDebugLocalResources' as it is up-to-date.
[        ] Resolve mutations for :app:createDebugCompatibleScreenManifests (Thread[#62,Execution worker Thread 2,5,main]) started.
[ +160 ms] :app:createDebugCompatibleScreenManifests (Thread[#62,Execution worker Thread 2,5,main]) started.
[   +2 ms] > Task :app:createDebugCompatibleScreenManifests UP-TO-DATE
[        ] Caching disabled for task ':app:createDebugCompatibleScreenManifests' because:
[        ]   Build cache is disabled
[        ]   Caching has been disabled for the task
[        ] Skipping task ':app:createDebugCompatibleScreenManifests' as it is up-to-date.
[        ] Resolve mutations for :app:extractDeepLinksDebug (Thread[#62,Execution worker Thread 2,5,main]) started.
[        ] :app:extractDeepLinksDebug (Thread[#62,Execution worker Thread 2,5,main]) started.
[ +147 ms] > Task :app:extractDeepLinksDebug UP-TO-DATE
[   +2 ms] Caching disabled for task ':app:extractDeepLinksDebug' because:
[        ]   Build cache is disabled
[        ] Skipping task ':app:extractDeepLinksDebug' as it is up-to-date.
[        ] Resolve mutations for :flutter_plugin_android_lifecycle:extractDeepLinksDebug (Thread[#62,Execution worker Thread 2,5,main]) started.
[        ] :flutter_plugin_android_lifecycle:extractDeepLinksDebug (Thread[#62,Execution worker Thread 2,5,main]) started.
[   +2 ms] > Task :flutter_plugin_android_lifecycle:extractDeepLinksDebug UP-TO-DATE
[   +2 ms] Caching disabled for task ':flutter_plugin_android_lifecycle:extractDeepLinksDebug' because:
[        ]   Build cache is disabled
[        ] Skipping task ':flutter_plugin_android_lifecycle:extractDeepLinksDebug' as it is up-to-date.
[        ] work action resolve navigation.json (project :flutter_plugin_android_lifecycle) (Thread[#62,Execution worker Thread 2,5,main]) started.
[        ] Resolve mutations for :flutter_plugin_android_lifecycle:processDebugManifest (Thread[#62,Execution worker Thread 2,5,main]) started.
[        ] :flutter_plugin_android_lifecycle:processDebugManifest (Thread[#62,Execution worker Thread 2,5,main]) started.
[        ] > Task :flutter_plugin_android_lifecycle:processDebugManifest UP-TO-DATE
[        ] Caching disabled for task ':flutter_plugin_android_lifecycle:processDebugManifest' because:
[        ]   Build cache is disabled
[        ] Skipping task ':flutter_plugin_android_lifecycle:processDebugManifest' as it is up-to-date.
[        ] work action resolve AndroidManifest.xml (project :flutter_plugin_android_lifecycle) (Thread[#62,Execution worker Thread 2,5,main]) started.
[        ] Resolve mutations for :flutter_secure_storage:extractDeepLinksDebug (Thread[#62,Execution worker Thread 2,5,main]) started.
[        ] :flutter_secure_storage:extractDeepLinksDebug (Thread[#62,Execution worker Thread 2,5,main]) started.
[        ] > Task :flutter_secure_storage:extractDeepLinksDebug UP-TO-DATE
[        ] Caching disabled for task ':flutter_secure_storage:extractDeepLinksDebug' because:
[        ]   Build cache is disabled
[        ] Skipping task ':flutter_secure_storage:extractDeepLinksDebug' as it is up-to-date.
[        ] work action resolve navigation.json (project :flutter_secure_storage) (Thread[#62,Execution worker Thread 2,5,main]) started.
[        ] Resolve mutations for :flutter_secure_storage:processDebugManifest (Thread[#62,Execution worker Thread 2,5,main]) started.
[        ] :flutter_secure_storage:processDebugManifest (Thread[#62,Execution worker Thread 2,5,main]) started.
[        ] > Task :flutter_secure_storage:processDebugManifest UP-TO-DATE
[        ] Caching disabled for task ':flutter_secure_storage:processDebugManifest' because:
[        ]   Build cache is disabled
[        ] Skipping task ':flutter_secure_storage:processDebugManifest' as it is up-to-date.
[        ] work action resolve AndroidManifest.xml (project :flutter_secure_storage) (Thread[#62,Execution worker Thread 2,5,main]) started.
[        ] Resolve mutations for :fluttertoast:extractDeepLinksDebug (Thread[#62,Execution worker Thread 2,5,main]) started.
[        ] :fluttertoast:extractDeepLinksDebug (Thread[#62,Execution worker Thread 2,5,main]) started.
[        ] > Task :fluttertoast:extractDeepLinksDebug UP-TO-DATE
[        ] Caching disabled for task ':fluttertoast:extractDeepLinksDebug' because:
[        ]   Build cache is disabled
[        ] Skipping task ':fluttertoast:extractDeepLinksDebug' as it is up-to-date.
[        ] work action resolve navigation.json (project :fluttertoast) (Thread[#62,Execution worker Thread 2,5,main]) started.
[        ] Resolve mutations for :fluttertoast:processDebugManifest (Thread[#62,Execution worker Thread 2,5,main]) started.
[        ] :fluttertoast:processDebugManifest (Thread[#62,Execution worker Thread 2,5,main]) started.
[        ] > Task :fluttertoast:processDebugManifest UP-TO-DATE
[        ] Caching disabled for task ':fluttertoast:processDebugManifest' because:
[        ]   Build cache is disabled
[        ] Skipping task ':fluttertoast:processDebugManifest' as it is up-to-date.
[        ] work action resolve AndroidManifest.xml (project :fluttertoast) (Thread[#62,Execution worker Thread 2,5,main]) started.
[        ] Resolve mutations for :image_picker_android:extractDeepLinksDebug (Thread[#62,Execution worker Thread 2,5,main]) started.
[        ] :image_picker_android:extractDeepLinksDebug (Thread[#62,Execution worker Thread 2,5,main]) started.
[        ] > Task :image_picker_android:extractDeepLinksDebug UP-TO-DATE
[        ] Caching disabled for task ':image_picker_android:extractDeepLinksDebug' because:
[        ]   Build cache is disabled
[        ] Skipping task ':image_picker_android:extractDeepLinksDebug' as it is up-to-date.
[   +4 ms] work action resolve navigation.json (project :image_picker_android) (Thread[#62,Execution worker Thread 2,5,main]) started.
[   +1 ms] Resolve mutations for :image_picker_android:processDebugManifest (Thread[#62,Execution worker Thread 2,5,main]) started.
[        ] :image_picker_android:processDebugManifest (Thread[#62,Execution worker Thread 2,5,main]) started.
[ +128 ms] > Task :image_picker_android:processDebugManifest UP-TO-DATE
[        ] Caching disabled for task ':image_picker_android:processDebugManifest' because:
[        ]   Build cache is disabled
[   +1 ms] Skipping task ':image_picker_android:processDebugManifest' as it is up-to-date.
[        ] work action resolve AndroidManifest.xml (project :image_picker_android) (Thread[#62,Execution worker Thread 2,5,main]) started.
[        ] Resolve mutations for :path_provider_android:extractDeepLinksDebug (Thread[#103,included builds Thread 2,5,main]) started.
[        ] :path_provider_android:extractDeepLinksDebug (Thread[#103,included builds Thread 2,5,main]) started.
[   +8 ms] > Task :path_provider_android:extractDeepLinksDebug UP-TO-DATE
[   +3 ms] Caching disabled for task ':path_provider_android:extractDeepLinksDebug' because:
[        ]   Build cache is disabled
[   +1 ms] Skipping task ':path_provider_android:extractDeepLinksDebug' as it is up-to-date.
[   +6 ms] work action resolve navigation.json (project :path_provider_android) (Thread[#103,included builds Thread 2,5,main]) started.
[        ] Resolve mutations for :path_provider_android:processDebugManifest (Thread[#103,included builds Thread 2,5,main]) started.
[        ] :path_provider_android:processDebugManifest (Thread[#103,included builds Thread 2,5,main]) started.
[        ] > Task :path_provider_android:processDebugManifest UP-TO-DATE
[        ] Caching disabled for task ':path_provider_android:processDebugManifest' because:
[        ]   Build cache is disabled
[        ] Skipping task ':path_provider_android:processDebugManifest' as it is up-to-date.
[        ] work action resolve AndroidManifest.xml (project :path_provider_android) (Thread[#103,included builds Thread 2,5,main]) started.
[        ] Resolve mutations for :shared_preferences_android:extractDeepLinksDebug (Thread[#103,included builds Thread 2,5,main]) started.
[        ] :shared_preferences_android:extractDeepLinksDebug (Thread[#62,Execution worker Thread 2,5,main]) started.
[        ] > Task :shared_preferences_android:extractDeepLinksDebug UP-TO-DATE
[        ] Caching disabled for task ':shared_preferences_android:extractDeepLinksDebug' because:
[        ]   Build cache is disabled
[        ] Skipping task ':shared_preferences_android:extractDeepLinksDebug' as it is up-to-date.
[        ] work action resolve navigation.json (project :shared_preferences_android) (Thread[#62,Execution worker Thread 2,5,main]) started.
[        ] Resolve mutations for :shared_preferences_android:processDebugManifest (Thread[#62,Execution worker Thread 2,5,main]) started.
[        ] :shared_preferences_android:processDebugManifest (Thread[#62,Execution worker Thread 2,5,main]) started.
[  +85 ms] > Task :shared_preferences_android:processDebugManifest UP-TO-DATE
[        ] Caching disabled for task ':shared_preferences_android:processDebugManifest' because:
[        ]   Build cache is disabled
[        ] Skipping task ':shared_preferences_android:processDebugManifest' as it is up-to-date.
[        ] work action resolve AndroidManifest.xml (project :shared_preferences_android) (Thread[#62,Execution worker Thread 2,5,main]) started.
[        ] Resolve mutations for :app:processDebugMainManifest (Thread[#62,Execution worker Thread 2,5,main]) started.
[        ] :app:processDebugMainManifest (Thread[#62,Execution worker Thread 2,5,main]) started.
[ +239 ms] > Task :app:processDebugMainManifest UP-TO-DATE
[        ] Caching disabled for task ':app:processDebugMainManifest' because:
[        ]   Build cache is disabled
[        ] Skipping task ':app:processDebugMainManifest' as it is up-to-date.
[   +3 ms] Resolve mutations for :app:outputDebugAppLinkSettings (Thread[#62,Execution worker Thread 2,5,main]) started.
[   +4 ms] :app:outputDebugAppLinkSettings (Thread[#62,Execution worker Thread 2,5,main]) started.
[  +19 ms] > Task :app:outputDebugAppLinkSettings UP-TO-DATE
[  +10 ms] Caching disabled for task ':app:outputDebugAppLinkSettings' because:
[   +1 ms]   Build cache is disabled
[   +1 ms]   Caching has not been enabled for the task
[   +4 ms] Skipping task ':app:outputDebugAppLinkSettings' as it is up-to-date.
[        ] Resolve mutations for :app:processDebugManifest (Thread[#62,Execution worker Thread 2,5,main]) started.
[  +15 ms] :app:processDebugManifest (Thread[#61,Execution worker,5,main]) started.
[        ] > Task :app:processDebugManifest UP-TO-DATE
[        ] Caching disabled for task ':app:processDebugManifest' because:
[        ]   Build cache is disabled
[   +3 ms] Skipping task ':app:processDebugManifest' as it is up-to-date.
[  +12 ms] Resolve mutations for :app:processDebugManifestForPackage (Thread[#61,Execution worker,5,main]) started.
[   +8 ms] :app:processDebugManifestForPackage (Thread[#61,Execution worker,5,main]) started.
[   +1 ms] > Task :app:processDebugManifestForPackage UP-TO-DATE
[   +4 ms] Custom actions are attached to task ':app:processDebugManifestForPackage'.
[  +11 ms] Caching disabled for task ':app:processDebugManifestForPackage' because:
[        ]   Build cache is disabled
[        ] Skipping task ':app:processDebugManifestForPackage' as it is up-to-date.
[        ] Resolve mutations for :flutter_plugin_android_lifecycle:compileDebugLibraryResources (Thread[#61,Execution worker,5,main]) started.
[        ] :flutter_plugin_android_lifecycle:compileDebugLibraryResources (Thread[#61,Execution worker,5,main]) started.
[        ] > Task :flutter_plugin_android_lifecycle:compileDebugLibraryResources UP-TO-DATE
[        ] Caching disabled for task ':flutter_plugin_android_lifecycle:compileDebugLibraryResources' because:
[        ]   Build cache is disabled
[  +29 ms] Skipping task ':flutter_plugin_android_lifecycle:compileDebugLibraryResources' as it is up-to-date.
[        ] work action resolve out (project :flutter_plugin_android_lifecycle) (Thread[#61,Execution worker,5,main]) started.
[        ] Resolve mutations for :flutter_plugin_android_lifecycle:parseDebugLocalResources (Thread[#61,Execution worker,5,main]) started.
[        ] :flutter_plugin_android_lifecycle:parseDebugLocalResources (Thread[#61,Execution worker,5,main]) started.
[ +316 ms] > Task :flutter_plugin_android_lifecycle:parseDebugLocalResources UP-TO-DATE
[        ] Caching disabled for task ':flutter_plugin_android_lifecycle:parseDebugLocalResources' because:
[        ]   Build cache is disabled
[        ] Skipping task ':flutter_plugin_android_lifecycle:parseDebugLocalResources' as it is up-to-date.
[        ] Resolve mutations for :flutter_plugin_android_lifecycle:generateDebugRFile (Thread[#61,Execution worker,5,main]) started.
[        ] :flutter_plugin_android_lifecycle:generateDebugRFile (Thread[#61,Execution worker,5,main]) started.
[  +32 ms] > Task :flutter_plugin_android_lifecycle:generateDebugRFile UP-TO-DATE
[        ] Caching disabled for task ':flutter_plugin_android_lifecycle:generateDebugRFile' because:
[        ]   Build cache is disabled
[        ] Skipping task ':flutter_plugin_android_lifecycle:generateDebugRFile' as it is up-to-date.
[        ] work action resolve package-aware-r.txt (project :flutter_plugin_android_lifecycle) (Thread[#61,Execution worker,5,main]) started.
[        ] Resolve mutations for :flutter_secure_storage:compileDebugLibraryResources (Thread[#61,Execution worker,5,main]) started.
[        ] :flutter_secure_storage:compileDebugLibraryResources (Thread[#61,Execution worker,5,main]) started.
[        ] > Task :flutter_secure_storage:compileDebugLibraryResources UP-TO-DATE
[        ] Caching disabled for task ':flutter_secure_storage:compileDebugLibraryResources' because:
[        ]   Build cache is disabled
[        ] Skipping task ':flutter_secure_storage:compileDebugLibraryResources' as it is up-to-date.
[        ] work action resolve out (project :flutter_secure_storage) (Thread[#61,Execution worker,5,main]) started.
[        ] Resolve mutations for :flutter_secure_storage:parseDebugLocalResources (Thread[#61,Execution worker,5,main]) started.
[        ] :flutter_secure_storage:parseDebugLocalResources (Thread[#61,Execution worker,5,main]) started.
[  +75 ms] > Task :flutter_secure_storage:parseDebugLocalResources UP-TO-DATE
[        ] Caching disabled for task ':flutter_secure_storage:parseDebugLocalResources' because:
[   +1 ms]   Build cache is disabled
[        ] Skipping task ':flutter_secure_storage:parseDebugLocalResources' as it is up-to-date.
[        ] Resolve mutations for :flutter_secure_storage:generateDebugRFile (Thread[#61,Execution worker,5,main]) started.
[        ] :flutter_secure_storage:generateDebugRFile (Thread[#61,Execution worker,5,main]) started.
[        ] > Task :flutter_secure_storage:generateDebugRFile UP-TO-DATE
[        ] Caching disabled for task ':flutter_secure_storage:generateDebugRFile' because:
[        ]   Build cache is disabled
[        ] Skipping task ':flutter_secure_storage:generateDebugRFile' as it is up-to-date.
[        ] work action resolve package-aware-r.txt (project :flutter_secure_storage) (Thread[#61,Execution worker,5,main]) started.
[  +14 ms] Resolve mutations for :fluttertoast:compileDebugLibraryResources (Thread[#61,Execution worker,5,main]) started.
[        ] :fluttertoast:compileDebugLibraryResources (Thread[#61,Execution worker,5,main]) started.
[        ] > Task :fluttertoast:compileDebugLibraryResources UP-TO-DATE
[        ] Caching disabled for task ':fluttertoast:compileDebugLibraryResources' because:
[        ]   Build cache is disabled
[        ] Skipping task ':fluttertoast:compileDebugLibraryResources' as it is up-to-date.
[        ] work action resolve out (project :fluttertoast) (Thread[#61,Execution worker,5,main]) started.
[        ] Resolve mutations for :fluttertoast:parseDebugLocalResources (Thread[#61,Execution worker,5,main]) started.
[        ] :fluttertoast:parseDebugLocalResources (Thread[#61,Execution worker,5,main]) started.
[   +8 ms] > Task :fluttertoast:parseDebugLocalResources UP-TO-DATE
[   +6 ms] Caching disabled for task ':fluttertoast:parseDebugLocalResources' because:
[   +1 ms]   Build cache is disabled
[   +3 ms] Skipping task ':fluttertoast:parseDebugLocalResources' as it is up-to-date.
[   +1 ms] Resolve mutations for :fluttertoast:generateDebugRFile (Thread[#61,Execution worker,5,main]) started.
[        ] :fluttertoast:generateDebugRFile (Thread[#61,Execution worker,5,main]) started.
[        ] > Task :fluttertoast:generateDebugRFile UP-TO-DATE
[        ] Caching disabled for task ':fluttertoast:generateDebugRFile' because:
[        ]   Build cache is disabled
[        ] Skipping task ':fluttertoast:generateDebugRFile' as it is up-to-date.
[        ] work action resolve package-aware-r.txt (project :fluttertoast) (Thread[#61,Execution worker,5,main]) started.
[        ] Resolve mutations for :image_picker_android:compileDebugLibraryResources (Thread[#62,Execution worker Thread 2,5,main]) started.
[        ] :image_picker_android:compileDebugLibraryResources (Thread[#62,Execution worker Thread 2,5,main]) started.
[  +18 ms] > Task :image_picker_android:compileDebugLibraryResources UP-TO-DATE
[        ] Caching disabled for task ':image_picker_android:compileDebugLibraryResources' because:
[  +44 ms]   Build cache is disabled
[        ] Skipping task ':image_picker_android:compileDebugLibraryResources' as it is up-to-date.
[        ] work action resolve out (project :image_picker_android) (Thread[#62,Execution worker Thread 2,5,main]) started.
[        ] Resolve mutations for :image_picker_android:parseDebugLocalResources (Thread[#62,Execution worker Thread 2,5,main]) started.
[        ] :image_picker_android:parseDebugLocalResources (Thread[#62,Execution worker Thread 2,5,main]) started.
[  +75 ms] > Task :image_picker_android:parseDebugLocalResources UP-TO-DATE
[        ] Caching disabled for task ':image_picker_android:parseDebugLocalResources' because:
[   +1 ms]   Build cache is disabled
[        ] Skipping task ':image_picker_android:parseDebugLocalResources' as it is up-to-date.
[        ] Resolve mutations for :image_picker_android:generateDebugRFile (Thread[#62,Execution worker Thread 2,5,main]) started.
[        ] :image_picker_android:generateDebugRFile (Thread[#62,Execution worker Thread 2,5,main]) started.
[        ] > Task :image_picker_android:generateDebugRFile UP-TO-DATE
[   +1 ms] Caching disabled for task ':image_picker_android:generateDebugRFile' because:
[        ]   Build cache is disabled
[        ] Skipping task ':image_picker_android:generateDebugRFile' as it is up-to-date.
[   +4 ms] work action resolve package-aware-r.txt (project :image_picker_android) (Thread[#62,Execution worker Thread 2,5,main]) started.
[        ] Resolve mutations for :path_provider_android:compileDebugLibraryResources (Thread[#62,Execution worker Thread 2,5,main]) started.
[        ] :path_provider_android:compileDebugLibraryResources (Thread[#62,Execution worker Thread 2,5,main]) started.
[        ] > Task :path_provider_android:compileDebugLibraryResources UP-TO-DATE
[        ] Caching disabled for task ':path_provider_android:compileDebugLibraryResources' because:
[        ]   Build cache is disabled
[        ] Skipping task ':path_provider_android:compileDebugLibraryResources' as it is up-to-date.
[        ] work action resolve out (project :path_provider_android) (Thread[#62,Execution worker Thread 2,5,main]) started.
[        ] Resolve mutations for :path_provider_android:parseDebugLocalResources (Thread[#62,Execution worker Thread 2,5,main]) started.
[        ] :path_provider_android:parseDebugLocalResources (Thread[#62,Execution worker Thread 2,5,main]) started.
[        ] > Task :path_provider_android:parseDebugLocalResources UP-TO-DATE
[        ] Caching disabled for task ':path_provider_android:parseDebugLocalResources' because:
[        ]   Build cache is disabled
[        ] Skipping task ':path_provider_android:parseDebugLocalResources' as it is up-to-date.
[        ] Resolve mutations for :path_provider_android:generateDebugRFile (Thread[#62,Execution worker Thread 2,5,main]) started.
[        ] :path_provider_android:generateDebugRFile (Thread[#62,Execution worker Thread 2,5,main]) started.
[   +4 ms] > Task :path_provider_android:generateDebugRFile UP-TO-DATE
[        ] Caching disabled for task ':path_provider_android:generateDebugRFile' because:
[        ]   Build cache is disabled
[        ] Skipping task ':path_provider_android:generateDebugRFile' as it is up-to-date.
[        ] work action resolve package-aware-r.txt (project :path_provider_android) (Thread[#62,Execution worker Thread 2,5,main]) started.
[        ] Resolve mutations for :shared_preferences_android:compileDebugLibraryResources (Thread[#62,Execution worker Thread 2,5,main]) started.
[        ] :shared_preferences_android:compileDebugLibraryResources (Thread[#62,Execution worker Thread 2,5,main]) started.
[        ] > Task :shared_preferences_android:compileDebugLibraryResources UP-TO-DATE
[        ] Caching disabled for task ':shared_preferences_android:compileDebugLibraryResources' because:
[        ]   Build cache is disabled
[        ] Skipping task ':shared_preferences_android:compileDebugLibraryResources' as it is up-to-date.
[   +1 ms] work action resolve out (project :shared_preferences_android) (Thread[#62,Execution worker Thread 2,5,main]) started.
[        ] Resolve mutations for :shared_preferences_android:parseDebugLocalResources (Thread[#62,Execution worker Thread 2,5,main]) started.
[        ] :shared_preferences_android:parseDebugLocalResources (Thread[#62,Execution worker Thread 2,5,main]) started.
[        ] > Task :shared_preferences_android:parseDebugLocalResources UP-TO-DATE
[        ] Caching disabled for task ':shared_preferences_android:parseDebugLocalResources' because:
[        ]   Build cache is disabled
[        ] Skipping task ':shared_preferences_android:parseDebugLocalResources' as it is up-to-date.
[        ] Resolve mutations for :shared_preferences_android:generateDebugRFile (Thread[#62,Execution worker Thread 2,5,main]) started.
[        ] :shared_preferences_android:generateDebugRFile (Thread[#62,Execution worker Thread 2,5,main]) started.
[        ] > Task :shared_preferences_android:generateDebugRFile UP-TO-DATE
[        ] Caching disabled for task ':shared_preferences_android:generateDebugRFile' because:
[        ]   Build cache is disabled
[        ] Skipping task ':shared_preferences_android:generateDebugRFile' as it is up-to-date.
[        ] work action resolve package-aware-r.txt (project :shared_preferences_android) (Thread[#62,Execution worker Thread 2,5,main]) started.
[        ] Resolve mutations for :app:processDebugResources (Thread[#62,Execution worker Thread 2,5,main]) started.
[   +1 ms] :app:processDebugResources (Thread[#62,Execution worker Thread 2,5,main]) started.
[+2044 ms] > Task :app:processDebugResources UP-TO-DATE
[   +1 ms] Caching disabled for task ':app:processDebugResources' because:
[        ]   Build cache is disabled
[        ] Skipping task ':app:processDebugResources' as it is up-to-date.
[        ] Resolve mutations for :flutter_plugin_android_lifecycle:javaPreCompileDebug (Thread[#62,Execution worker Thread 2,5,main]) started.
[   +1 ms] :flutter_plugin_android_lifecycle:javaPreCompileDebug (Thread[#62,Execution worker Thread 2,5,main]) started.
[        ] > Task :flutter_plugin_android_lifecycle:javaPreCompileDebug UP-TO-DATE
[        ] Caching disabled for task ':flutter_plugin_android_lifecycle:javaPreCompileDebug' because:
[        ]   Build cache is disabled
[        ] Skipping task ':flutter_plugin_android_lifecycle:javaPreCompileDebug' as it is up-to-date.
[        ] Resolve mutations for :flutter_plugin_android_lifecycle:compileDebugJavaWithJavac (Thread[#62,Execution worker Thread 2,5,main]) started.
[        ] :flutter_plugin_android_lifecycle:compileDebugJavaWithJavac (Thread[#62,Execution worker Thread 2,5,main]) started.
[+1812 ms] > Task :flutter_plugin_android_lifecycle:compileDebugJavaWithJavac UP-TO-DATE
[        ] Custom actions are attached to task ':flutter_plugin_android_lifecycle:compileDebugJavaWithJavac'.
[        ] Caching disabled for task ':flutter_plugin_android_lifecycle:compileDebugJavaWithJavac' because:
[        ]   Build cache is disabled
[        ] Skipping task ':flutter_plugin_android_lifecycle:compileDebugJavaWithJavac' as it is up-to-date.
[        ] No compile result for :flutter_plugin_android_lifecycle:compileDebugJavaWithJavac
[        ] No compile result for :flutter_plugin_android_lifecycle:compileDebugJavaWithJavac
[        ] Resolve mutations for :flutter_plugin_android_lifecycle:bundleLibCompileToJarDebug (Thread[#62,Execution worker Thread 2,5,main]) started.
[  +90 ms] :flutter_plugin_android_lifecycle:bundleLibCompileToJarDebug (Thread[#62,Execution worker Thread 2,5,main]) started.
[        ] > Task :flutter_plugin_android_lifecycle:bundleLibCompileToJarDebug UP-TO-DATE
[        ] Caching disabled for task ':flutter_plugin_android_lifecycle:bundleLibCompileToJarDebug' because:
[        ]   Build cache is disabled
[        ]   Simple merging task
[        ] Skipping task ':flutter_plugin_android_lifecycle:bundleLibCompileToJarDebug' as it is up-to-date.
[        ] work action resolve classes.jar (project :flutter_plugin_android_lifecycle) (Thread[#62,Execution worker Thread 2,5,main]) started.
[        ] Resolve mutations for :flutter_secure_storage:generateDebugBuildConfig (Thread[#62,Execution worker Thread 2,5,main]) started.
[        ] :flutter_secure_storage:generateDebugBuildConfig (Thread[#62,Execution worker Thread 2,5,main]) started.
[        ] > Task :flutter_secure_storage:generateDebugBuildConfig UP-TO-DATE
[        ] Caching disabled for task ':flutter_secure_storage:generateDebugBuildConfig' because:
[        ]   Build cache is disabled
[        ] Skipping task ':flutter_secure_storage:generateDebugBuildConfig' as it is up-to-date.
[        ] Resolve mutations for :flutter_secure_storage:javaPreCompileDebug (Thread[#62,Execution worker Thread 2,5,main]) started.
[        ] :flutter_secure_storage:javaPreCompileDebug (Thread[#62,Execution worker Thread 2,5,main]) started.
[        ] > Task :flutter_secure_storage:javaPreCompileDebug UP-TO-DATE
[        ] Caching disabled for task ':flutter_secure_storage:javaPreCompileDebug' because:
[        ]   Build cache is disabled
[        ] Skipping task ':flutter_secure_storage:javaPreCompileDebug' as it is up-to-date.
[        ] Resolve mutations for :flutter_secure_storage:compileDebugJavaWithJavac (Thread[#62,Execution worker Thread 2,5,main]) started.
[        ] :flutter_secure_storage:compileDebugJavaWithJavac (Thread[#62,Execution worker Thread 2,5,main]) started.
[ +199 ms] > Task :flutter_secure_storage:compileDebugJavaWithJavac UP-TO-DATE
[        ] Custom actions are attached to task ':flutter_secure_storage:compileDebugJavaWithJavac'.
[        ] Caching disabled for task ':flutter_secure_storage:compileDebugJavaWithJavac' because:
[        ]   Build cache is disabled
[        ] Skipping task ':flutter_secure_storage:compileDebugJavaWithJavac' as it is up-to-date.
[        ] No compile result for :flutter_secure_storage:compileDebugJavaWithJavac
[        ] No compile result for :flutter_secure_storage:compileDebugJavaWithJavac
[        ] Resolve mutations for :flutter_secure_storage:bundleLibCompileToJarDebug (Thread[#62,Execution worker Thread 2,5,main]) started.
[        ] :flutter_secure_storage:bundleLibCompileToJarDebug (Thread[#62,Execution worker Thread 2,5,main]) started.
[        ] > Task :flutter_secure_storage:bundleLibCompileToJarDebug UP-TO-DATE
[        ] Caching disabled for task ':flutter_secure_storage:bundleLibCompileToJarDebug' because:
[        ]   Build cache is disabled
[        ]   Simple merging task
[        ] Skipping task ':flutter_secure_storage:bundleLibCompileToJarDebug' as it is up-to-date.
[        ] work action resolve classes.jar (project :flutter_secure_storage) (Thread[#62,Execution worker Thread 2,5,main]) started.
[        ] Resolve mutations for :fluttertoast:checkKotlinGradlePluginConfigurationErrors (Thread[#62,Execution worker Thread 2,5,main]) started.
[ +103 ms] :fluttertoast:checkKotlinGradlePluginConfigurationErrors (Thread[#103,included builds Thread 2,5,main]) started.
[   +1 ms] > Task :fluttertoast:checkKotlinGradlePluginConfigurationErrors SKIPPED
[        ] Skipping task ':fluttertoast:checkKotlinGradlePluginConfigurationErrors' as task onlyIf 'errorDiagnostics are present' is false.
[        ] Resolve mutations for :fluttertoast:compileDebugKotlin (Thread[#103,included builds Thread 2,5,main]) started.
[        ] :fluttertoast:compileDebugKotlin (Thread[#103,included builds Thread 2,5,main]) started.
[ +595 ms] > Task :fluttertoast:compileDebugKotlin UP-TO-DATE
[        ] Adding -Xuse-inline-scopes-numbers Kotlin compiler flag for task :fluttertoast:compileDebugAndroidTestKotlin
[        ] Caching disabled for task ':fluttertoast:compileDebugKotlin' because:
[        ]   Build cache is disabled
[        ] Skipping task ':fluttertoast:compileDebugKotlin' as it is up-to-date.
[        ] Resolve mutations for :fluttertoast:javaPreCompileDebug (Thread[#103,included builds Thread 2,5,main]) started.
[        ] :fluttertoast:javaPreCompileDebug (Thread[#103,included builds Thread 2,5,main]) started.
[        ] > Task :fluttertoast:javaPreCompileDebug UP-TO-DATE
[        ] Caching disabled for task ':fluttertoast:javaPreCompileDebug' because:
[        ]   Build cache is disabled
[        ] Skipping task ':fluttertoast:javaPreCompileDebug' as it is up-to-date.
[        ] Resolve mutations for :fluttertoast:compileDebugJavaWithJavac (Thread[#103,included builds Thread 2,5,main]) started.
[        ] :fluttertoast:compileDebugJavaWithJavac (Thread[#103,included builds Thread 2,5,main]) started.
[        ] > Task :fluttertoast:compileDebugJavaWithJavac NO-SOURCE
[        ] Skipping task ':fluttertoast:compileDebugJavaWithJavac' as it has no source files and no previous output files.
[        ] Resolve mutations for :fluttertoast:bundleLibCompileToJarDebug (Thread[#103,included builds Thread 2,5,main]) started.
[        ] :fluttertoast:bundleLibCompileToJarDebug (Thread[#103,included builds Thread 2,5,main]) started.
[        ] > Task :fluttertoast:bundleLibCompileToJarDebug UP-TO-DATE
[        ] Caching disabled for task ':fluttertoast:bundleLibCompileToJarDebug' because:
[        ]   Build cache is disabled
[        ]   Simple merging task
[        ] Skipping task ':fluttertoast:bundleLibCompileToJarDebug' as it is up-to-date.
[        ] work action resolve classes.jar (project :fluttertoast) (Thread[#103,included builds Thread 2,5,main]) started.
[        ] Resolve mutations for :image_picker_android:javaPreCompileDebug (Thread[#61,Execution worker,5,main]) started.
[        ] :image_picker_android:javaPreCompileDebug (Thread[#61,Execution worker,5,main]) started.
[        ] > Task :image_picker_android:javaPreCompileDebug UP-TO-DATE
[        ] Caching disabled for task ':image_picker_android:javaPreCompileDebug' because:
[        ]   Build cache is disabled
[        ] Skipping task ':image_picker_android:javaPreCompileDebug' as it is up-to-date.
[        ] Resolve mutations for :image_picker_android:compileDebugJavaWithJavac (Thread[#61,Execution worker,5,main]) started.
[        ] :image_picker_android:compileDebugJavaWithJavac (Thread[#61,Execution worker,5,main]) started.
[ +199 ms] > Task :image_picker_android:compileDebugJavaWithJavac UP-TO-DATE
[        ] Custom actions are attached to task ':image_picker_android:compileDebugJavaWithJavac'.
[        ] Caching disabled for task ':image_picker_android:compileDebugJavaWithJavac' because:
[        ]   Build cache is disabled
[        ] Skipping task ':image_picker_android:compileDebugJavaWithJavac' as it is up-to-date.
[   +1 ms] No compile result for :image_picker_android:compileDebugJavaWithJavac
[        ] No compile result for :image_picker_android:compileDebugJavaWithJavac
[        ] Resolve mutations for :image_picker_android:bundleLibCompileToJarDebug (Thread[#61,Execution worker,5,main]) started.
[        ] :image_picker_android:bundleLibCompileToJarDebug (Thread[#61,Execution worker,5,main]) started.
[        ] > Task :image_picker_android:bundleLibCompileToJarDebug UP-TO-DATE
[        ] Caching disabled for task ':image_picker_android:bundleLibCompileToJarDebug' because:
[   +1 ms]   Build cache is disabled
[        ]   Simple merging task
[        ] Skipping task ':image_picker_android:bundleLibCompileToJarDebug' as it is up-to-date.
[   +3 ms] work action resolve classes.jar (project :image_picker_android) (Thread[#61,Execution worker,5,main]) started.
[        ] Resolve mutations for :path_provider_android:javaPreCompileDebug (Thread[#61,Execution worker,5,main]) started.
[        ] :path_provider_android:javaPreCompileDebug (Thread[#61,Execution worker,5,main]) started.
[        ] > Task :path_provider_android:javaPreCompileDebug UP-TO-DATE
[        ] Caching disabled for task ':path_provider_android:javaPreCompileDebug' because:
[        ]   Build cache is disabled
[        ] Skipping task ':path_provider_android:javaPreCompileDebug' as it is up-to-date.
[        ] Resolve mutations for :path_provider_android:compileDebugJavaWithJavac (Thread[#61,Execution worker,5,main]) started.
[        ] :path_provider_android:compileDebugJavaWithJavac (Thread[#61,Execution worker,5,main]) started.
[ +185 ms] > Task :path_provider_android:compileDebugJavaWithJavac UP-TO-DATE
[        ] Custom actions are attached to task ':path_provider_android:compileDebugJavaWithJavac'.
[        ] Caching disabled for task ':path_provider_android:compileDebugJavaWithJavac' because:
[        ]   Build cache is disabled
[        ] Skipping task ':path_provider_android:compileDebugJavaWithJavac' as it is up-to-date.
[        ] No compile result for :path_provider_android:compileDebugJavaWithJavac
[        ] No compile result for :path_provider_android:compileDebugJavaWithJavac
[        ] Resolve mutations for :path_provider_android:bundleLibCompileToJarDebug (Thread[#61,Execution worker,5,main]) started.
[        ] :path_provider_android:bundleLibCompileToJarDebug (Thread[#61,Execution worker,5,main]) started.
[        ] > Task :path_provider_android:bundleLibCompileToJarDebug UP-TO-DATE
[        ] Caching disabled for task ':path_provider_android:bundleLibCompileToJarDebug' because:
[        ]   Build cache is disabled
[        ]   Simple merging task
[        ] Skipping task ':path_provider_android:bundleLibCompileToJarDebug' as it is up-to-date.
[        ] work action resolve classes.jar (project :path_provider_android) (Thread[#61,Execution worker,5,main]) started.
[        ] Resolve mutations for :shared_preferences_android:checkKotlinGradlePluginConfigurationErrors (Thread[#61,Execution worker,5,main]) started.
[        ] :shared_preferences_android:checkKotlinGradlePluginConfigurationErrors (Thread[#61,Execution worker,5,main]) started.
[        ] > Task :shared_preferences_android:checkKotlinGradlePluginConfigurationErrors SKIPPED
[        ] Skipping task ':shared_preferences_android:checkKotlinGradlePluginConfigurationErrors' as task onlyIf 'errorDiagnostics are present' is false.
[        ] Resolve mutations for :shared_preferences_android:compileDebugKotlin (Thread[#61,Execution worker,5,main]) started.
[        ] :shared_preferences_android:compileDebugKotlin (Thread[#61,Execution worker,5,main]) started.
[ +798 ms] > Task :shared_preferences_android:compileDebugKotlin UP-TO-DATE
[        ] Adding -Xuse-inline-scopes-numbers Kotlin compiler flag for task :shared_preferences_android:compileDebugAndroidTestKotlin
[        ] Caching disabled for task ':shared_preferences_android:compileDebugKotlin' because:
[        ]   Build cache is disabled
[        ] Skipping task ':shared_preferences_android:compileDebugKotlin' as it is up-to-date.
[        ] Resolve mutations for :shared_preferences_android:javaPreCompileDebug (Thread[#61,Execution worker,5,main]) started.
[        ] :shared_preferences_android:javaPreCompileDebug (Thread[#61,Execution worker,5,main]) started.
[        ] > Task :shared_preferences_android:javaPreCompileDebug UP-TO-DATE
[        ] Caching disabled for task ':shared_preferences_android:javaPreCompileDebug' because:
[        ]   Build cache is disabled
[        ] Skipping task ':shared_preferences_android:javaPreCompileDebug' as it is up-to-date.
[        ] Resolve mutations for :shared_preferences_android:compileDebugJavaWithJavac (Thread[#61,Execution worker,5,main]) started.
[        ] :shared_preferences_android:compileDebugJavaWithJavac (Thread[#61,Execution worker,5,main]) started.
[  +91 ms] > Task :shared_preferences_android:compileDebugJavaWithJavac UP-TO-DATE
[        ] Custom actions are attached to task ':shared_preferences_android:compileDebugJavaWithJavac'.
[        ] Caching disabled for task ':shared_preferences_android:compileDebugJavaWithJavac' because:
[        ]   Build cache is disabled
[        ] Skipping task ':shared_preferences_android:compileDebugJavaWithJavac' as it is up-to-date.
[        ] No compile result for :shared_preferences_android:compileDebugJavaWithJavac
[        ] No compile result for :shared_preferences_android:compileDebugJavaWithJavac
[        ] Resolve mutations for :shared_preferences_android:bundleLibCompileToJarDebug (Thread[#61,Execution worker,5,main]) started.
[  +91 ms] :shared_preferences_android:bundleLibCompileToJarDebug (Thread[#63,Execution worker Thread 3,5,main]) started.
[        ] > Task :shared_preferences_android:bundleLibCompileToJarDebug UP-TO-DATE
[        ] Caching disabled for task ':shared_preferences_android:bundleLibCompileToJarDebug' because:
[        ]   Build cache is disabled
[        ]   Simple merging task
[        ] Skipping task ':shared_preferences_android:bundleLibCompileToJarDebug' as it is up-to-date.
[   +1 ms] work action resolve classes.jar (project :shared_preferences_android) (Thread[#63,Execution worker Thread 3,5,main]) started.
[        ] Resolve mutations for :app:compileDebugKotlin (Thread[#63,Execution worker Thread 3,5,main]) started.
[        ] :app:compileDebugKotlin (Thread[#63,Execution worker Thread 3,5,main]) started.
[+2017 ms] > Task :app:compileDebugKotlin
[        ] Caching disabled for IdentityTransform: E:\projects\karan\build\app\intermediates\flutter\debug\libs.jar because:
[        ]   Build cache is disabled
[        ]   Caching not enabled.
[  +54 ms] Adding -Xuse-inline-scopes-numbers Kotlin compiler flag for task :app:compileDebugAndroidTestKotlin
[        ] Caching disabled for BuildToolsApiClasspathEntrySnapshotTransform: E:\projects\karan\build\app\intermediates\flutter\debug\libs.jar because:
[        ]   Build cache is disabled
[+5228 ms] Caching disabled for task ':app:compileDebugKotlin' because:
[   +1 ms]   Build cache is disabled
[        ] Task ':app:compileDebugKotlin' is not up-to-date because:
[        ]   Input property 'classpathSnapshotProperties.classpathSnapshot' file C:\Users\Karan Jain\.gradle\caches\8.14\transforms\a86c9aa532628a83b3e69c53565307a2\transformed\arm64_v8a_debug-1_0_0-e4b8dca3f1b4ede4c30371002441c88c12187ed6_jar-snapshot.bin has been added.
[        ]   Input property 'classpathSnapshotProperties.classpathSnapshot' file C:\Users\Karan Jain\.gradle\caches\8.14\transforms\f68643c4d808b4224c05ffb09c2037a3\transformed\annotations-23_0_0_jar-snapshot.bin has been removed.
[        ]   Input property 'classpathSnapshotProperties.classpathSnapshot' file C:\Users\Karan Jain\.gradle\caches\8.14\transforms\729ce84a7f220e3215247ef366d69924\transformed\x86_64_debug-1_0_0-e4b8dca3f1b4ede4c30371002441c88c12187ed6_jar-snapshot.bin has been added.
[        ]   and more...
[+7499 ms] file or directory 'E:\projects\karan\android\app\src\debug\kotlin', not found
[        ] file or directory 'E:\projects\karan\android\app\src\debug\java', not found
[        ] file or directory 'E:\projects\karan\android\app\src\debug\kotlin', not found
[        ] file or directory 'E:\projects\karan\android\app\src\debug\kotlin', not found
[        ] file or directory 'E:\projects\karan\android\app\src\debug\java', not found
[  +91 ms] file or directory 'E:\projects\karan\android\app\src\debug\java', not found
[ +108 ms] file or directory 'E:\projects\karan\android\app\src\debug\kotlin', not found
[        ] file or directory 'E:\projects\karan\android\app\src\debug\java', not found
[        ] file or directory 'E:\projects\karan\android\app\src\debug\kotlin', not found
[        ] file or directory 'E:\projects\karan\android\app\src\debug\kotlin', not found
[        ] file or directory 'E:\projects\karan\android\app\src\debug\java', not found
[        ] file or directory 'E:\projects\karan\android\app\src\debug\java', not found
[        ] file or directory 'E:\projects\karan\android\app\src\debug\kotlin', not found
[        ] file or directory 'E:\projects\karan\android\app\src\debug\java', not found
[        ] file or directory 'E:\projects\karan\android\app\src\debug\kotlin', not found
[        ] file or directory 'E:\projects\karan\android\app\src\debug\kotlin', not found
[        ] file or directory 'E:\projects\karan\android\app\src\debug\java', not found
[  +97 ms] file or directory 'E:\projects\karan\android\app\src\debug\java', not found
[   +1 ms] file or directory 'E:\projects\karan\android\app\src\debug\kotlin', not found
[        ] file or directory 'E:\projects\karan\android\app\src\debug\java', not found
[   +1 ms] file or directory 'E:\projects\karan\android\app\src\debug\kotlin', not found
[        ] file or directory 'E:\projects\karan\android\app\src\debug\kotlin', not found
[        ] file or directory 'E:\projects\karan\android\app\src\debug\java', not found
[        ] file or directory 'E:\projects\karan\android\app\src\debug\java', not found
[        ] Kotlin source files: E:\projects\karan\android\app\src\main\kotlin\com\example\karan\MainActivity.kt
[        ] Java source files: E:\projects\karan\android\app\src\main\java\io\flutter\plugins\GeneratedPluginRegistrant.java
[        ] Script source files: 
[        ] Script file extensions: 
[  +97 ms] [KOTLIN] Kotlin compilation 'jdkHome' argument: null
[+4228 ms] Resolve mutations for :app:javaPreCompileDebug (Thread[#103,included builds Thread 2,5,main]) started.
[        ] :app:javaPreCompileDebug (Thread[#103,included builds Thread 2,5,main]) started.
[        ] > Task :app:javaPreCompileDebug UP-TO-DATE
[        ] Caching disabled for task ':app:javaPreCompileDebug' because:
[   +3 ms]   Build cache is disabled
[        ] Skipping task ':app:javaPreCompileDebug' as it is up-to-date.
[        ] Resolve mutations for :app:compressDebugAssets (Thread[#103,included builds Thread 2,5,main]) started.
[        ] :app:compressDebugAssets (Thread[#103,included builds Thread 2,5,main]) started.
[ +161 ms] > Task :app:compressDebugAssets UP-TO-DATE
[   +1 ms] Caching disabled for task ':app:compressDebugAssets' because:
[        ]   Build cache is disabled
[        ] Skipping task ':app:compressDebugAssets' as it is up-to-date.
[        ] Resolve mutations for :image_picker_android:bundleLibRuntimeToJarDebug (Thread[#103,included builds Thread 2,5,main]) started.
[        ] :image_picker_android:bundleLibRuntimeToJarDebug (Thread[#103,included builds Thread 2,5,main]) started.
[        ] > Task :image_picker_android:bundleLibRuntimeToJarDebug UP-TO-DATE
[        ] Caching disabled for task ':image_picker_android:bundleLibRuntimeToJarDebug' because:
[        ]   Build cache is disabled
[        ]   Simple merging task
[        ] Skipping task ':image_picker_android:bundleLibRuntimeToJarDebug' as it is up-to-date.
[        ] work action resolve classes.jar (project :image_picker_android) (Thread[#62,Execution worker Thread 2,5,main]) started.
[        ] Resolve mutations for :flutter_plugin_android_lifecycle:bundleLibRuntimeToJarDebug (Thread[#103,included builds Thread 2,5,main]) started.
[        ] :flutter_plugin_android_lifecycle:bundleLibRuntimeToJarDebug (Thread[#103,included builds Thread 2,5,main]) started.
[        ] IdentityTransform (Thread[#62,Execution worker Thread 2,5,main]) started.
[        ] > Task :flutter_plugin_android_lifecycle:bundleLibRuntimeToJarDebug UP-TO-DATE
[   +6 ms] Caching disabled for task ':flutter_plugin_android_lifecycle:bundleLibRuntimeToJarDebug' because:
[   +2 ms]   Build cache is disabled
[        ]   Simple merging task
[   +4 ms] Skipping task ':flutter_plugin_android_lifecycle:bundleLibRuntimeToJarDebug' as it is up-to-date.
[  +13 ms] work action resolve classes.jar (project :flutter_plugin_android_lifecycle) (Thread[#103,included builds Thread 2,5,main]) started.
[   +7 ms] IdentityTransform (Thread[#103,included builds Thread 2,5,main]) started.
[   +1 ms] Resolve mutations for :flutter_secure_storage:bundleLibRuntimeToJarDebug (Thread[#61,Execution worker,5,main]) started.
[   +3 ms] :flutter_secure_storage:bundleLibRuntimeToJarDebug (Thread[#61,Execution worker,5,main]) started.
[  +10 ms] DexingNoClasspathTransform (Thread[#62,Execution worker Thread 2,5,main]) started.
[   +8 ms] > Task :flutter_secure_storage:bundleLibRuntimeToJarDebug UP-TO-DATE
[  +14 ms] Caching disabled for task ':flutter_secure_storage:bundleLibRuntimeToJarDebug' because:
[  +28 ms]   Build cache is disabled
[  +11 ms]   Simple merging task
[        ] Skipping task ':flutter_secure_storage:bundleLibRuntimeToJarDebug' as it is up-to-date.
[        ] work action resolve classes.jar (project :flutter_secure_storage) (Thread[#61,Execution worker,5,main]) started.
[        ] IdentityTransform (Thread[#61,Execution worker,5,main]) started.
[  +58 ms] DexingNoClasspathTransform (Thread[#61,Execution worker,5,main]) started.
[ +745 ms] DexingNoClasspathTransform (Thread[#103,included builds Thread 2,5,main]) started.
[        ] > Transform classes.jar (project :flutter_plugin_android_lifecycle) with DexingNoClasspathTransform
[        ] Caching disabled for DexingNoClasspathTransform: E:\projects\karan\build\flutter_plugin_android_lifecycle\intermediates\runtime_library_classes_jar\debug\bundleLibRuntimeToJarDebug\classes.jar because:
[        ]   Build cache is disabled
[        ] Skipping DexingNoClasspathTransform: E:\projects\karan\build\flutter_plugin_android_lifecycle\intermediates\runtime_library_classes_jar\debug\bundleLibRuntimeToJarDebug\classes.jar as it is up-to-date.
[        ] DexingOutputSplitTransform (Thread[#103,included builds Thread 2,5,main]) started.
[        ] > Transform classes.jar (project :image_picker_android) with DexingNoClasspathTransform
[        ] Caching disabled for DexingNoClasspathTransform: E:\projects\karan\build\image_picker_android\intermediates\runtime_library_classes_jar\debug\bundleLibRuntimeToJarDebug\classes.jar because:
[        ]   Build cache is disabled
[   +2 ms] Skipping DexingNoClasspathTransform: E:\projects\karan\build\image_picker_android\intermediates\runtime_library_classes_jar\debug\bundleLibRuntimeToJarDebug\classes.jar as it is up-to-date.
[        ] DexingOutputSplitTransform (Thread[#62,Execution worker Thread 2,5,main]) started.
[        ] Resolve mutations for :fluttertoast:bundleLibRuntimeToJarDebug (Thread[#103,included builds Thread 2,5,main]) started.
[        ] :fluttertoast:bundleLibRuntimeToJarDebug (Thread[#103,included builds Thread 2,5,main]) started.
[        ] > Transform classes.jar (project :flutter_secure_storage) with DexingNoClasspathTransform
[ +542 ms] Caching disabled for DexingNoClasspathTransform: E:\projects\karan\build\flutter_secure_storage\intermediates\runtime_library_classes_jar\debug\bundleLibRuntimeToJarDebug\classes.jar because:
[        ]   Build cache is disabled
[   +1 ms] Skipping DexingNoClasspathTransform: E:\projects\karan\build\flutter_secure_storage\intermediates\runtime_library_classes_jar\debug\bundleLibRuntimeToJarDebug\classes.jar as it is up-to-date.
[   +1 ms] DexingOutputSplitTransform (Thread[#61,Execution worker,5,main]) started.
[        ] > Task :fluttertoast:bundleLibRuntimeToJarDebug UP-TO-DATE
[   +1 ms] Caching disabled for task ':fluttertoast:bundleLibRuntimeToJarDebug' because:
[   +1 ms]   Build cache is disabled
[        ]   Simple merging task
[        ] Skipping task ':fluttertoast:bundleLibRuntimeToJarDebug' as it is up-to-date.
[        ] work action resolve classes.jar (project :fluttertoast) (Thread[#103,included builds Thread 2,5,main]) started.
[        ] IdentityTransform (Thread[#103,included builds Thread 2,5,main]) started.
[        ] Resolve mutations for :path_provider_android:bundleLibRuntimeToJarDebug (Thread[#62,Execution worker Thread 2,5,main]) started.
[        ] :path_provider_android:bundleLibRuntimeToJarDebug (Thread[#62,Execution worker Thread 2,5,main]) started.
[        ] DexingNoClasspathTransform (Thread[#103,included builds Thread 2,5,main]) started.
[  +36 ms] > Task :path_provider_android:bundleLibRuntimeToJarDebug UP-TO-DATE
[        ] Caching disabled for task ':path_provider_android:bundleLibRuntimeToJarDebug' because:
[        ]   Build cache is disabled
[        ]   Simple merging task
[        ] Skipping task ':path_provider_android:bundleLibRuntimeToJarDebug' as it is up-to-date.
[        ] work action resolve classes.jar (project :path_provider_android) (Thread[#62,Execution worker Thread 2,5,main]) started.
[        ] IdentityTransform (Thread[#62,Execution worker Thread 2,5,main]) started.
[        ] Resolve mutations for :shared_preferences_android:bundleLibRuntimeToJarDebug (Thread[#61,Execution worker,5,main]) started.
[        ] :shared_preferences_android:bundleLibRuntimeToJarDebug (Thread[#61,Execution worker,5,main]) started.
[        ] DexingNoClasspathTransform (Thread[#62,Execution worker Thread 2,5,main]) started.
[        ] > Transform classes.jar (project :fluttertoast) with DexingNoClasspathTransform
[  +58 ms] Caching disabled for DexingNoClasspathTransform: E:\projects\karan\build\fluttertoast\intermediates\runtime_library_classes_jar\debug\bundleLibRuntimeToJarDebug\classes.jar because:
[ +158 ms]   Build cache is disabled
[        ] Skipping DexingNoClasspathTransform: E:\projects\karan\build\fluttertoast\intermediates\runtime_library_classes_jar\debug\bundleLibRuntimeToJarDebug\classes.jar as it is up-to-date.
[        ] DexingOutputSplitTransform (Thread[#103,included builds Thread 2,5,main]) started.
[        ] > Task :shared_preferences_android:bundleLibRuntimeToJarDebug UP-TO-DATE
[        ] Caching disabled for task ':shared_preferences_android:bundleLibRuntimeToJarDebug' because:
[        ]   Build cache is disabled
[        ]   Simple merging task
[        ] Skipping task ':shared_preferences_android:bundleLibRuntimeToJarDebug' as it is up-to-date.
[        ] work action resolve classes.jar (project :shared_preferences_android) (Thread[#61,Execution worker,5,main]) started.
[        ] > Transform classes.jar (project :path_provider_android) with DexingNoClasspathTransform
[        ] Caching disabled for DexingNoClasspathTransform: E:\projects\karan\build\path_provider_android\intermediates\runtime_library_classes_jar\debug\bundleLibRuntimeToJarDebug\classes.jar because:
[   +4 ms]   Build cache is disabled
[        ] Skipping DexingNoClasspathTransform: E:\projects\karan\build\path_provider_android\intermediates\runtime_library_classes_jar\debug\bundleLibRuntimeToJarDebug\classes.jar as it is up-to-date.
[        ] DexingOutputSplitTransform (Thread[#62,Execution worker Thread 2,5,main]) started.
[  +63 ms] IdentityTransform (Thread[#103,included builds Thread 2,5,main]) started.
[   +1 ms] Resolve mutations for :app:desugarDebugFileDependencies (Thread[#61,Execution worker,5,main]) started.
[        ] DexingNoClasspathTransform (Thread[#103,included builds Thread 2,5,main]) started.
[        ] :app:desugarDebugFileDependencies (Thread[#61,Execution worker,5,main]) started.
[        ] > Transform classes.jar (project :shared_preferences_android) with DexingNoClasspathTransform
[        ] Caching disabled for DexingNoClasspathTransform: E:\projects\karan\build\shared_preferences_android\intermediates\runtime_library_classes_jar\debug\bundleLibRuntimeToJarDebug\classes.jar because:
[        ]   Build cache is disabled
[        ] Skipping DexingNoClasspathTransform: E:\projects\karan\build\shared_preferences_android\intermediates\runtime_library_classes_jar\debug\bundleLibRuntimeToJarDebug\classes.jar as it is up-to-date.
[        ] DexingOutputSplitTransform (Thread[#103,included builds Thread 2,5,main]) started.
[        ] > Task :app:desugarDebugFileDependencies UP-TO-DATE
[   +1 ms] Caching disabled for task ':app:desugarDebugFileDependencies' because:
[        ]   Build cache is disabled
[        ] Skipping task ':app:desugarDebugFileDependencies' as it is up-to-date.
[        ] Resolve mutations for :flutter_plugin_android_lifecycle:processDebugJavaRes (Thread[#103,included builds Thread 2,5,main]) started.
[   +1 ms] :flutter_plugin_android_lifecycle:processDebugJavaRes (Thread[#61,Execution worker,5,main]) started.
[        ] > Task :flutter_plugin_android_lifecycle:processDebugJavaRes NO-SOURCE
[        ] file or directory 'C:\Users\Karan Jain\AppData\Local\Pub\Cache\hosted\pub.dev\flutter_plugin_android_lifecycle-2.0.33\android\src\main\resources', not found
[        ] file or directory 'C:\Users\Karan Jain\AppData\Local\Pub\Cache\hosted\pub.dev\flutter_plugin_android_lifecycle-2.0.33\android\src\debug\resources', not found
[        ] Skipping task ':flutter_plugin_android_lifecycle:processDebugJavaRes' as it has no source files and no previous output files.
[        ] work action resolve out (project :flutter_plugin_android_lifecycle) (Thread[#61,Execution worker,5,main]) started.
[  +52 ms] Resolve mutations for :flutter_secure_storage:processDebugJavaRes (Thread[#61,Execution worker,5,main]) started.
[        ] :flutter_secure_storage:processDebugJavaRes (Thread[#61,Execution worker,5,main]) started.
[        ] > Task :flutter_secure_storage:processDebugJavaRes NO-SOURCE
[   +7 ms] file or directory 'C:\Users\Karan Jain\AppData\Local\Pub\Cache\hosted\pub.dev\flutter_secure_storage-9.2.4\android\src\main\resources', not found
[        ] file or directory 'C:\Users\Karan Jain\AppData\Local\Pub\Cache\hosted\pub.dev\flutter_secure_storage-9.2.4\android\src\debug\resources', not found
[        ] Skipping task ':flutter_secure_storage:processDebugJavaRes' as it has no source files and no previous output files.
[        ] work action resolve out (project :flutter_secure_storage) (Thread[#61,Execution worker,5,main]) started.
[        ] Resolve mutations for :fluttertoast:processDebugJavaRes (Thread[#61,Execution worker,5,main]) started.
[  +13 ms] :fluttertoast:processDebugJavaRes (Thread[#61,Execution worker,5,main]) started.
[        ] > Task :fluttertoast:processDebugJavaRes UP-TO-DATE
[        ] file or directory 'C:\Users\Karan Jain\AppData\Local\Pub\Cache\hosted\pub.dev\fluttertoast-9.0.0\android\src\main\resources', not found
[        ] file or directory 'C:\Users\Karan Jain\AppData\Local\Pub\Cache\hosted\pub.dev\fluttertoast-9.0.0\android\src\debug\resources', not found
[        ] file or directory 'C:\Users\Karan Jain\AppData\Local\Pub\Cache\hosted\pub.dev\fluttertoast-9.0.0\android\src\main\resources', not found
[        ] file or directory 'C:\Users\Karan Jain\AppData\Local\Pub\Cache\hosted\pub.dev\fluttertoast-9.0.0\android\src\debug\resources', not found
[        ] Caching disabled for task ':fluttertoast:processDebugJavaRes' because:
[        ]   Build cache is disabled
[        ]   Caching has been disabled for the task
[        ] Skipping task ':fluttertoast:processDebugJavaRes' as it is up-to-date.
[        ] work action resolve out (project :fluttertoast) (Thread[#61,Execution worker,5,main]) started.
[        ] Resolve mutations for :image_picker_android:processDebugJavaRes (Thread[#61,Execution worker,5,main]) started.
[        ] :image_picker_android:processDebugJavaRes (Thread[#61,Execution worker,5,main]) started.
[ +105 ms] > Task :image_picker_android:processDebugJavaRes NO-SOURCE
[        ] file or directory 'C:\Users\Karan Jain\AppData\Local\Pub\Cache\hosted\pub.dev\image_picker_android-0.8.13+14\android\src\main\resources', not found
[        ] file or directory 'C:\Users\Karan Jain\AppData\Local\Pub\Cache\hosted\pub.dev\image_picker_android-0.8.13+14\android\src\debug\resources', not found
[        ] Skipping task ':image_picker_android:processDebugJavaRes' as it has no source files and no previous output files.
[        ] work action resolve out (project :image_picker_android) (Thread[#61,Execution worker,5,main]) started.
[        ] Resolve mutations for :path_provider_android:processDebugJavaRes (Thread[#61,Execution worker,5,main]) started.
[        ] :path_provider_android:processDebugJavaRes (Thread[#61,Execution worker,5,main]) started.
[        ] > Task :path_provider_android:processDebugJavaRes NO-SOURCE
[        ] file or directory 'C:\Users\Karan Jain\AppData\Local\Pub\Cache\hosted\pub.dev\path_provider_android-2.2.22\android\src\main\resources', not found
[        ] file or directory 'C:\Users\Karan Jain\AppData\Local\Pub\Cache\hosted\pub.dev\path_provider_android-2.2.22\android\src\debug\resources', not found
[   +1 ms] Skipping task ':path_provider_android:processDebugJavaRes' as it has no source files and no previous output files.
[        ] work action resolve out (project :path_provider_android) (Thread[#61,Execution worker,5,main]) started.
[        ] Resolve mutations for :shared_preferences_android:processDebugJavaRes (Thread[#61,Execution worker,5,main]) started.
[   +1 ms] :shared_preferences_android:processDebugJavaRes (Thread[#61,Execution worker,5,main]) started.
[ +194 ms] > Task :shared_preferences_android:processDebugJavaRes UP-TO-DATE
[        ] file or directory 'C:\Users\Karan Jain\AppData\Local\Pub\Cache\hosted\pub.dev\shared_preferences_android-2.4.21\android\src\main\resources', not found
[        ] file or directory 'C:\Users\Karan Jain\AppData\Local\Pub\Cache\hosted\pub.dev\shared_preferences_android-2.4.21\android\src\debug\resources', not found
[        ] file or directory 'C:\Users\Karan Jain\AppData\Local\Pub\Cache\hosted\pub.dev\shared_preferences_android-2.4.21\android\src\main\resources', not found
[   +3 ms] file or directory 'C:\Users\Karan Jain\AppData\Local\Pub\Cache\hosted\pub.dev\shared_preferences_android-2.4.21\android\src\debug\resources', not found
[        ] Caching disabled for task ':shared_preferences_android:processDebugJavaRes' because:
[        ]   Build cache is disabled
[        ]   Caching has been disabled for the task
[   +2 ms] Skipping task ':shared_preferences_android:processDebugJavaRes' as it is up-to-date.
[        ] work action resolve out (project :shared_preferences_android) (Thread[#61,Execution worker,5,main]) started.
[        ] Resolve mutations for :app:checkDebugDuplicateClasses (Thread[#61,Execution worker,5,main]) started.
[        ] :app:checkDebugDuplicateClasses (Thread[#61,Execution worker,5,main]) started.
[+2090 ms] > Task :app:checkDebugDuplicateClasses
[   +1 ms] Caching disabled for EnumerateClassesTransform: E:\projects\karan\build\app\intermediates\flutter\debug\libs.jar because:
[        ]   Build cache is disabled
[+5994 ms] Caching disabled for task ':app:checkDebugDuplicateClasses' because:
[   +2 ms]   Build cache is disabled
[        ]   Caching has been disabled for the task
[        ] Task ':app:checkDebugDuplicateClasses' is not up-to-date because:
[        ]   Input property 'enumeratedClasses' file C:\Users\Karan Jain\.gradle\caches\8.14\transforms\38841fbdcbc16464baaffc82c524cc8c\transformed\armeabi_v7a_debug-1.0.0-e4b8dca3f1b4ede4c30371002441c88c12187ed6 has been added.
[        ]   Input property 'enumeratedClasses' file C:\Users\Karan Jain\.gradle\caches\8.14\transforms\e51eded213e6ccf4880798d844f9bc67\transformed\arm64_v8a_debug-1.0.0-e4b8dca3f1b4ede4c30371002441c88c12187ed6 has been added.
[  +90 ms] Resolve mutations for :image_picker_android:bundleLibRuntimeToDirDebug (Thread[#62,Execution worker Thread 2,5,main]) started.
[        ] :image_picker_android:bundleLibRuntimeToDirDebug (Thread[#62,Execution worker Thread 2,5,main]) started.
[        ] > Task :image_picker_android:bundleLibRuntimeToDirDebug UP-TO-DATE
[        ] Caching disabled for task ':image_picker_android:bundleLibRuntimeToDirDebug' because:
[        ]   Build cache is disabled
[        ]   Simple merging task
[        ] Skipping task ':image_picker_android:bundleLibRuntimeToDirDebug' as it is up-to-date.
[        ] work action resolve bundleLibRuntimeToDirDebug (project :image_picker_android) (Thread[#62,Execution worker Thread 2,5,main]) started.
[        ] ClassesDirToClassesTransform (Thread[#62,Execution worker Thread 2,5,main]) started.
[        ] Resolve mutations for :flutter_plugin_android_lifecycle:bundleLibRuntimeToDirDebug (Thread[#103,included builds Thread 2,5,main]) started.
[        ] :flutter_plugin_android_lifecycle:bundleLibRuntimeToDirDebug (Thread[#103,included builds Thread 2,5,main]) started.
[ +107 ms] > Task :flutter_plugin_android_lifecycle:bundleLibRuntimeToDirDebug UP-TO-DATE
[        ] Caching disabled for task ':flutter_plugin_android_lifecycle:bundleLibRuntimeToDirDebug' because:
[        ]   Build cache is disabled
[        ]   Simple merging task
[        ] Skipping task ':flutter_plugin_android_lifecycle:bundleLibRuntimeToDirDebug' as it is up-to-date.
[        ] work action resolve bundleLibRuntimeToDirDebug (project :flutter_plugin_android_lifecycle) (Thread[#103,included builds Thread 2,5,main]) started.
[        ] ClassesDirToClassesTransform (Thread[#103,included builds Thread 2,5,main]) started.
[ +209 ms] DexingNoClasspathTransform (Thread[#62,Execution worker Thread 2,5,main]) started.
[        ] DexingNoClasspathTransform (Thread[#103,included builds Thread 2,5,main]) started.
[  +83 ms] > Transform bundleLibRuntimeToDirDebug (project :flutter_plugin_android_lifecycle) with DexingNoClasspathTransform
[   +1 ms] Caching disabled for DexingNoClasspathTransform: E:\projects\karan\build\flutter_plugin_android_lifecycle\intermediates\runtime_library_classes_dir\debug\bundleLibRuntimeToDirDebug because:
[        ]   Build cache is disabled
[        ] Skipping DexingNoClasspathTransform: E:\projects\karan\build\flutter_plugin_android_lifecycle\intermediates\runtime_library_classes_dir\debug\bundleLibRuntimeToDirDebug as it is up-to-date.
[        ] DexingOutputSplitTransform (Thread[#103,included builds Thread 2,5,main]) started.
[        ] > Transform bundleLibRuntimeToDirDebug (project :image_picker_android) with DexingNoClasspathTransform
[   +2 ms] Caching disabled for DexingNoClasspathTransform: E:\projects\karan\build\image_picker_android\intermediates\runtime_library_classes_dir\debug\bundleLibRuntimeToDirDebug because:
[        ]   Build cache is disabled
[   +3 ms] Skipping DexingNoClasspathTransform: E:\projects\karan\build\image_picker_android\intermediates\runtime_library_classes_dir\debug\bundleLibRuntimeToDirDebug as it is up-to-date.
[        ] DexingOutputSplitTransform (Thread[#62,Execution worker Thread 2,5,main]) started.
[        ] Resolve mutations for :flutter_secure_storage:bundleLibRuntimeToDirDebug (Thread[#103,included builds Thread 2,5,main]) started.
[        ] :flutter_secure_storage:bundleLibRuntimeToDirDebug (Thread[#103,included builds Thread 2,5,main]) started.
[        ] > Task :flutter_secure_storage:bundleLibRuntimeToDirDebug UP-TO-DATE
[   +1 ms] Caching disabled for task ':flutter_secure_storage:bundleLibRuntimeToDirDebug' because:
[        ]   Build cache is disabled
[        ]   Simple merging task
[        ] Skipping task ':flutter_secure_storage:bundleLibRuntimeToDirDebug' as it is up-to-date.
[        ] work action resolve bundleLibRuntimeToDirDebug (project :flutter_secure_storage) (Thread[#103,included builds Thread 2,5,main]) started.
[        ] ClassesDirToClassesTransform (Thread[#103,included builds Thread 2,5,main]) started.
[        ] Resolve mutations for :fluttertoast:bundleLibRuntimeToDirDebug (Thread[#62,Execution worker Thread 2,5,main]) started.
[        ] :fluttertoast:bundleLibRuntimeToDirDebug (Thread[#62,Execution worker Thread 2,5,main]) started.
[        ] DexingNoClasspathTransform (Thread[#103,included builds Thread 2,5,main]) started.
[  +81 ms] > Task :fluttertoast:bundleLibRuntimeToDirDebug UP-TO-DATE
[        ] Caching disabled for task ':fluttertoast:bundleLibRuntimeToDirDebug' because:
[        ]   Build cache is disabled
[        ]   Simple merging task
[        ] Skipping task ':fluttertoast:bundleLibRuntimeToDirDebug' as it is up-to-date.
[        ] work action resolve bundleLibRuntimeToDirDebug (project :fluttertoast) (Thread[#62,Execution worker Thread 2,5,main]) started.
[        ] ClassesDirToClassesTransform (Thread[#62,Execution worker Thread 2,5,main]) started.
[        ] DexingNoClasspathTransform (Thread[#62,Execution worker Thread 2,5,main]) started.
[        ] > Transform bundleLibRuntimeToDirDebug (project :fluttertoast) with DexingNoClasspathTransform
[        ] Caching disabled for DexingNoClasspathTransform: E:\projects\karan\build\fluttertoast\intermediates\runtime_library_classes_dir\debug\bundleLibRuntimeToDirDebug because:
[        ]   Build cache is disabled
[        ] Skipping DexingNoClasspathTransform: E:\projects\karan\build\fluttertoast\intermediates\runtime_library_classes_dir\debug\bundleLibRuntimeToDirDebug as it is up-to-date.
[        ] DexingOutputSplitTransform (Thread[#62,Execution worker Thread 2,5,main]) started.
[        ] > Transform bundleLibRuntimeToDirDebug (project :flutter_secure_storage) with DexingNoClasspathTransform
[        ] Caching disabled for DexingNoClasspathTransform: E:\projects\karan\build\flutter_secure_storage\intermediates\runtime_library_classes_dir\debug\bundleLibRuntimeToDirDebug because:
[        ]   Build cache is disabled
[        ] Skipping DexingNoClasspathTransform: E:\projects\karan\build\flutter_secure_storage\intermediates\runtime_library_classes_dir\debug\bundleLibRuntimeToDirDebug as it is up-to-date.
[        ] DexingOutputSplitTransform (Thread[#103,included builds Thread 2,5,main]) started.
[        ] Resolve mutations for :path_provider_android:bundleLibRuntimeToDirDebug (Thread[#62,Execution worker Thread 2,5,main]) started.
[        ] :path_provider_android:bundleLibRuntimeToDirDebug (Thread[#62,Execution worker Thread 2,5,main]) started.
[        ] > Task :path_provider_android:bundleLibRuntimeToDirDebug UP-TO-DATE
[        ] Caching disabled for task ':path_provider_android:bundleLibRuntimeToDirDebug' because:
[        ]   Build cache is disabled
[        ]   Simple merging task
[        ] Skipping task ':path_provider_android:bundleLibRuntimeToDirDebug' as it is up-to-date.
[        ] work action resolve bundleLibRuntimeToDirDebug (project :path_provider_android) (Thread[#62,Execution worker Thread 2,5,main]) started.
[        ] ClassesDirToClassesTransform (Thread[#62,Execution worker Thread 2,5,main]) started.
[        ] Resolve mutations for :shared_preferences_android:bundleLibRuntimeToDirDebug (Thread[#103,included builds Thread 2,5,main]) started.
[        ] :shared_preferences_android:bundleLibRuntimeToDirDebug (Thread[#103,included builds Thread 2,5,main]) started.
[        ] DexingNoClasspathTransform (Thread[#62,Execution worker Thread 2,5,main]) started.
[ +167 ms] > Transform bundleLibRuntimeToDirDebug (project :path_provider_android) with DexingNoClasspathTransform
[  +13 ms] Caching disabled for DexingNoClasspathTransform: E:\projects\karan\build\path_provider_android\intermediates\runtime_library_classes_dir\debug\bundleLibRuntimeToDirDebug because:
[   +9 ms]   Build cache is disabled
[   +5 ms] Skipping DexingNoClasspathTransform: E:\projects\karan\build\path_provider_android\intermediates\runtime_library_classes_dir\debug\bundleLibRuntimeToDirDebug as it is up-to-date.
[   +3 ms] DexingOutputSplitTransform (Thread[#62,Execution worker Thread 2,5,main]) started.
[  +15 ms] > Task :shared_preferences_android:bundleLibRuntimeToDirDebug UP-TO-DATE
[   +4 ms] Caching disabled for task ':shared_preferences_android:bundleLibRuntimeToDirDebug' because:
[  +15 ms]   Build cache is disabled
[        ]   Simple merging task
[        ] Skipping task ':shared_preferences_android:bundleLibRuntimeToDirDebug' as it is up-to-date.
[   +2 ms] work action resolve bundleLibRuntimeToDirDebug (project :shared_preferences_android) (Thread[#103,included builds Thread 2,5,main]) started.
[        ] ClassesDirToClassesTransform (Thread[#103,included builds Thread 2,5,main]) started.
[        ] Resolve mutations for :app:configureCMakeDebug[arm64-v8a] (Thread[#62,Execution worker Thread 2,5,main]) started.
[   +2 ms] DexingNoClasspathTransform (Thread[#103,included builds Thread 2,5,main]) started.
[ +417 ms] :app:configureCMakeDebug[arm64-v8a] (Thread[#62,Execution worker Thread 2,5,main]) started.
[ +448 ms] > Transform bundleLibRuntimeToDirDebug (project :shared_preferences_android) with DexingNoClasspathTransform
[   +1 ms] Caching disabled for DexingNoClasspathTransform: E:\projects\karan\build\shared_preferences_android\intermediates\runtime_library_classes_dir\debug\bundleLibRuntimeToDirDebug because:
[        ]   Build cache is disabled
[  +49 ms] Skipping DexingNoClasspathTransform: E:\projects\karan\build\shared_preferences_android\intermediates\runtime_library_classes_dir\debug\bundleLibRuntimeToDirDebug as it is up-to-date.
[ +219 ms] DexingOutputSplitTransform (Thread[#61,Execution worker,5,main]) started.
[ +919 ms] > Task :app:configureCMakeDebug[arm64-v8a]
[        ] Caching disabled for task ':app:configureCMakeDebug[arm64-v8a]' because:
[        ]   Build cache is disabled
[  +16 ms]   Caching has been disabled for the task
[        ] Task ':app:configureCMakeDebug[arm64-v8a]' is not up-to-date because:
[        ]   Task.upToDateWhen is false.
[+12083 ms] C/C++: SDK Manager found the following installed packages: build-tools;35.0.0 build-tools;36.1.0 cmake;3.22.1 emulator ndk;28.2.13676358 platform-tools platforms;android-34 platforms;android-36 platforms;android-36.1 sources;android-36.1 system-images;android-36;default;x86_64 system-images;android-36;google_apis;x86_64
[+1297 ms] C/C++: E:\flutter\packages\flutter_tools\gradle\src\main\scripts\CMakeLists.txt debug|arm64-v8a : Start JSON generation. Platform version: 24 min SDK version: arm64-v8a
[+2811 ms] C/C++: E:\flutter\packages\flutter_tools\gradle\src\main\scripts\CMakeLists.txt debug|arm64-v8a : JSON generation completed with problem. Exception: java.io.FileNotFoundException: E:\projects\karan\build\app\intermediates\cxx\debug\rm1g485j\logs\arm64-v8a\generate_cxx_metadata_62_timing.txt (The process cannot access the file because it is being used by another process)
[ +971 ms] C/C++: E:\flutter\packages\flutter_tools\gradle\src\main\scripts\CMakeLists.txt debug|arm64-v8a : Writing build model to E:\projects\karan\build\app\intermediates\cxx\debug\rm1g485j\logs\arm64-v8a\build_model.json
[+5620 ms] > Task :app:configureCMakeDebug[arm64-v8a] FAILED
[+51259 ms] > Task :app:compileDebugKotlin
[  +10 ms] Finished executing kotlin compiler using IN_PROCESS strategy
[+2138 ms] Build b9bf8db9-18d1-4c67-af21-3fffb131bfec is closed
[ +702 ms] [Incubating] Problems report is available at: file:///E:/projects/karan/build/reports/problems/problems-report.html
flutter : [ +333 ms] FAILURE: Build failed with an exception.
At line:1 char:35
+ ... roid\jbr" ; flutter build apk --debug -v > build_output.txt 2>&1 ; ex ...
+                 ~~~~~~~~~~~~~~~~~~~~~~~~~~~~~~~~~~~~~~~~~~~~~~~~~~~~
    + CategoryInfo          : NotSpecified: ([ +333 ms] FAIL...h an exception. 
   :String) [], RemoteException
    + FullyQualifiedErrorId : NativeCommandError
 
[ +153 ms] * What went wrong:
[   +3 ms] Execution failed for task ':app:configureCMakeDebug[arm64-v8a]'.
[        ] > java.io.FileNotFoundException: E:\projects\karan\build\app\interme
diates\cxx\debug\rm1g485j\logs\arm64-v8a\generate_cxx_metadata_62_timing.txt 
(The process cannot access the file because it is being used by another 
process)
[        ] * Try:
[        ] > Run with --debug option to get more log output.
[        ] > Run with --scan to get full insights.
[   +1 ms] > Get more help at https://help.gradle.org.
[        ] * Exception is:
[        ] org.gradle.api.tasks.TaskExecutionException: Execution failed for 
task ':app:configureCMakeDebug[arm64-v8a]'.
[        ] 	at org.gradle.api.internal.tasks.execution.ExecuteActionsTaskExecut
er.lambda$executeIfValid$1(ExecuteActionsTaskExecuter.java:130)
[        ] 	at org.gradle.internal.Try$Failure.ifSuccessfulOrElse(Try.java:293)
[        ] 	at org.gradle.api.internal.tasks.execution.ExecuteActionsTaskExecut
er.executeIfValid(ExecuteActionsTaskExecuter.java:128)
[        ] 	at org.gradle.api.internal.tasks.execution.ExecuteActionsTaskExecut
er.execute(ExecuteActionsTaskExecuter.java:116)
[        ] 	at org.gradle.api.internal.tasks.execution.ProblemsTaskPathTracking
TaskExecuter.execute(ProblemsTaskPathTrackingTaskExecuter.java:41)
[        ] 	at org.gradle.api.internal.tasks.execution.FinalizePropertiesTaskEx
ecuter.execute(FinalizePropertiesTaskExecuter.java:46)
[        ] 	at org.gradle.api.internal.tasks.execution.ResolveTaskExecutionMode
Executer.execute(ResolveTaskExecutionModeExecuter.java:51)
[        ] 	at org.gradle.api.internal.tasks.execution.SkipTaskWithNoActionsExe
cuter.execute(SkipTaskWithNoActionsExecuter.java:57)
[        ] 	at org.gradle.api.internal.tasks.execution.SkipOnlyIfTaskExecuter.e
xecute(SkipOnlyIfTaskExecuter.java:74)
[        ] 	at org.gradle.api.internal.tasks.execution.CatchExceptionTaskExecut
er.execute(CatchExceptionTaskExecuter.java:36)
[   +2 ms] 	at org.gradle.api.internal.tasks.execution.EventFiringTaskExecuter$
1.executeTask(EventFiringTaskExecuter.java:77)
[        ] 	at org.gradle.api.internal.tasks.execution.EventFiringTaskExecuter$
1.call(EventFiringTaskExecuter.java:55)
[        ] 	at org.gradle.api.internal.tasks.execution.EventFiringTaskExecuter$
1.call(EventFiringTaskExecuter.java:52)
[        ] 	at org.gradle.internal.operations.DefaultBuildOperationRunner$Calla
bleBuildOperationWorker.execute(DefaultBuildOperationRunner.java:210)
[        ] 	at org.gradle.internal.operations.DefaultBuildOperationRunner$Calla
bleBuildOperationWorker.execute(DefaultBuildOperationRunner.java:205)
[        ] 	at org.gradle.internal.operations.DefaultBuildOperationRunner$2.exe
cute(DefaultBuildOperationRunner.java:67)
[        ] 	at org.gradle.internal.operations.DefaultBuildOperationRunner$2.exe
cute(DefaultBuildOperationRunner.java:60)
[        ] 	at org.gradle.internal.operations.DefaultBuildOperationRunner.execu
te(DefaultBuildOperationRunner.java:167)
[        ] 	at org.gradle.internal.operations.DefaultBuildOperationRunner.execu
te(DefaultBuildOperationRunner.java:60)
[        ] 	at org.gradle.internal.operations.DefaultBuildOperationRunner.call(
DefaultBuildOperationRunner.java:54)
[        ] 	at org.gradle.api.internal.tasks.execution.EventFiringTaskExecuter.
execute(EventFiringTaskExecuter.java:52)
[   +9 ms] 	at org.gradle.execution.plan.LocalTaskNodeExecutor.execute(LocalTas
kNodeExecutor.java:42)
[        ] 	at org.gradle.execution.taskgraph.DefaultTaskExecutionGraph$InvokeN
odeExecutorsAction.execute(DefaultTaskExecutionGraph.java:331)
[        ] 	at org.gradle.execution.taskgraph.DefaultTaskExecutionGraph$InvokeN
odeExecutorsAction.execute(DefaultTaskExecutionGraph.java:318)
[        ] 	at org.gradle.execution.taskgraph.DefaultTaskExecutionGraph$BuildOp
erationAwareExecutionAction.lambda$execute$0(DefaultTaskExecutionGraph.java:314
)
[        ] 	at org.gradle.internal.operations.CurrentBuildOperationRef.with(Cur
rentBuildOperationRef.java:85)
[        ] 	at org.gradle.execution.taskgraph.DefaultTaskExecutionGraph$BuildOp
erationAwareExecutionAction.execute(DefaultTaskExecutionGraph.java:314)
[        ] 	at org.gradle.execution.taskgraph.DefaultTaskExecutionGraph$BuildOp
erationAwareExecutionAction.execute(DefaultTaskExecutionGraph.java:303)
[        ] 	at org.gradle.execution.plan.DefaultPlanExecutor$ExecutorWorker.exe
cute(DefaultPlanExecutor.java:459)
[        ] 	at org.gradle.execution.plan.DefaultPlanExecutor$ExecutorWorker.run
(DefaultPlanExecutor.java:376)
[        ] 	at org.gradle.internal.concurrent.ExecutorPolicy$CatchAndRecordFail
ures.onExecute(ExecutorPolicy.java:64)
[        ] 	at org.gradle.internal.concurrent.AbstractManagedExecutor$1.run(Abs
tractManagedExecutor.java:48)
[        ] 	at 
java.base/java.util.concurrent.ThreadPoolExecutor.runWorker(Unknown Source)
[        ] 	at 
java.base/java.util.concurrent.ThreadPoolExecutor$Worker.run(Unknown Source)
[        ] 	at java.base/java.lang.Thread.run(Unknown Source)
[        ] Caused by: org.gradle.api.UncheckedIOException: 
java.io.FileNotFoundException: E:\projects\karan\build\app\intermediates\cxx\de
bug\rm1g485j\logs\arm64-v8a\generate_cxx_metadata_62_timing.txt (The process 
cannot access the file because it is being used by another process)
[        ] 	at org.gradle.internal.UncheckedException.throwAsUncheckedException
(UncheckedException.java:63)
[        ] 	at org.gradle.internal.UncheckedException.throwAsUncheckedException
(UncheckedException.java:42)
[        ] 	at 
org.gradle.internal.reflect.JavaMethod.invoke(JavaMethod.java:128)
[        ] 	at org.gradle.api.internal.project.taskfactory.StandardTaskAction.d
oExecute(StandardTaskAction.java:58)
[        ] 	at org.gradle.api.internal.project.taskfactory.StandardTaskAction.e
xecute(StandardTaskAction.java:51)
[        ] 	at org.gradle.api.internal.project.taskfactory.StandardTaskAction.e
xecute(StandardTaskAction.java:29)
[        ] 	at org.gradle.api.internal.tasks.execution.TaskExecution$3.run(Task
Execution.java:244)
[        ] 	at org.gradle.internal.operations.DefaultBuildOperationRunner$1.exe
cute(DefaultBuildOperationRunner.java:30)
[        ] 	at org.gradle.internal.operations.DefaultBuildOperationRunner$1.exe
cute(DefaultBuildOperationRunner.java:27)
[        ] 	at org.gradle.internal.operations.DefaultBuildOperationRunner$2.exe
cute(DefaultBuildOperationRunner.java:67)
[        ] 	at org.gradle.internal.operations.DefaultBuildOperationRunner$2.exe
cute(DefaultBuildOperationRunner.java:60)
[        ] 	at org.gradle.internal.operations.DefaultBuildOperationRunner.execu
te(DefaultBuildOperationRunner.java:167)
[        ] 	at org.gradle.internal.operations.DefaultBuildOperationRunner.execu
te(DefaultBuildOperationRunner.java:60)
[        ] 	at org.gradle.internal.operations.DefaultBuildOperationRunner.run(D
efaultBuildOperationRunner.java:48)
[        ] 	at org.gradle.api.internal.tasks.execution.TaskExecution.executeAct
ion(TaskExecution.java:229)
[        ] 	at org.gradle.api.internal.tasks.execution.TaskExecution.executeAct
ions(TaskExecution.java:212)
[ +299 ms] 	at org.gradle.api.internal.tasks.execution.TaskExecution.executeWit
hPreviousOutputFiles(TaskExecution.java:195)
[   +1 ms] 	at org.gradle.api.internal.tasks.execution.TaskExecution.execute(Ta
skExecution.java:162)
[        ] 	at org.gradle.internal.execution.steps.ExecuteStep.executeInternal(
ExecuteStep.java:105)
[        ] 	at 
org.gradle.internal.execution.steps.ExecuteStep.access$000(ExecuteStep.java:44)
[        ] 	at 
org.gradle.internal.execution.steps.ExecuteStep$1.call(ExecuteStep.java:59)
[        ] 	at 
org.gradle.internal.execution.steps.ExecuteStep$1.call(ExecuteStep.java:56)
[        ] 	at org.gradle.internal.operations.DefaultBuildOperationRunner$Calla
bleBuildOperationWorker.execute(DefaultBuildOperationRunner.java:210)
[        ] 	at org.gradle.internal.operations.DefaultBuildOperationRunner$Calla
bleBuildOperationWorker.execute(DefaultBuildOperationRunner.java:205)
[        ] 	at org.gradle.internal.operations.DefaultBuildOperationRunner$2.exe
cute(DefaultBuildOperationRunner.java:67)
[        ] 	at org.gradle.internal.operations.DefaultBuildOperationRunner$2.exe
cute(DefaultBuildOperationRunner.java:60)
[        ] 	at org.gradle.internal.operations.DefaultBuildOperationRunner.execu
te(DefaultBuildOperationRunner.java:167)
[        ] 	at org.gradle.internal.operations.DefaultBuildOperationRunner.execu
te(DefaultBuildOperationRunner.java:60)
[        ] 	at org.gradle.internal.operations.DefaultBuildOperationRunner.call(
DefaultBuildOperationRunner.java:54)
[        ] 	at 
org.gradle.internal.execution.steps.ExecuteStep.execute(ExecuteStep.java:56)
[        ] 	at 
org.gradle.internal.execution.steps.ExecuteStep.execute(ExecuteStep.java:44)
[        ] 	at org.gradle.internal.execution.steps.CancelExecutionStep.execute(
CancelExecutionStep.java:42)
[   +7 ms] 	at org.gradle.internal.execution.steps.TimeoutStep.executeWithoutTi
meout(TimeoutStep.java:75)
[        ] 	at 
org.gradle.internal.execution.steps.TimeoutStep.execute(TimeoutStep.java:55)
[        ] 	at org.gradle.internal.execution.steps.PreCreateOutputParentsStep.e
xecute(PreCreateOutputParentsStep.java:50)
[        ] 	at org.gradle.internal.execution.steps.PreCreateOutputParentsStep.e
xecute(PreCreateOutputParentsStep.java:28)
[   +1 ms] 	at org.gradle.internal.execution.steps.RemovePreviousOutputsStep.ex
ecute(RemovePreviousOutputsStep.java:67)
[        ] 	at org.gradle.internal.execution.steps.RemovePreviousOutputsStep.ex
ecute(RemovePreviousOutputsStep.java:37)
[        ] 	at org.gradle.internal.execution.steps.BroadcastChangingOutputsStep
.execute(BroadcastChangingOutputsStep.java:61)
[        ] 	at org.gradle.internal.execution.steps.BroadcastChangingOutputsStep
.execute(BroadcastChangingOutputsStep.java:26)
[        ] 	at org.gradle.internal.execution.steps.CaptureOutputsAfterExecution
Step.execute(CaptureOutputsAfterExecutionStep.java:69)
[        ] 	at org.gradle.internal.execution.steps.CaptureOutputsAfterExecution
Step.execute(CaptureOutputsAfterExecutionStep.java:46)
[        ] 	at org.gradle.internal.execution.steps.ResolveInputChangesStep.exec
ute(ResolveInputChangesStep.java:40)
[        ] 	at org.gradle.internal.execution.steps.ResolveInputChangesStep.exec
ute(ResolveInputChangesStep.java:29)
[        ] 	at org.gradle.internal.execution.steps.BuildCacheStep.executeWithou
tCache(BuildCacheStep.java:189)
[        ] 	at org.gradle.internal.execution.steps.BuildCacheStep.lambda$execut
e$1(BuildCacheStep.java:75)
[        ] 	at org.gradle.internal.Either$Right.fold(Either.java:175)
[        ] 	at 
org.gradle.internal.execution.caching.CachingState.fold(CachingState.java:62)
[        ] 	at org.gradle.internal.execution.steps.BuildCacheStep.execute(Build
CacheStep.java:73)
[        ] 	at org.gradle.internal.execution.steps.BuildCacheStep.execute(Build
CacheStep.java:48)
[        ] 	at org.gradle.internal.execution.steps.StoreExecutionStateStep.exec
ute(StoreExecutionStateStep.java:46)
[        ] 	at org.gradle.internal.execution.steps.StoreExecutionStateStep.exec
ute(StoreExecutionStateStep.java:35)
[        ] 	at org.gradle.internal.execution.steps.SkipUpToDateStep.executeBeca
use(SkipUpToDateStep.java:75)
[        ] 	at org.gradle.internal.execution.steps.SkipUpToDateStep.lambda$exec
ute$2(SkipUpToDateStep.java:53)
[        ] 	at java.base/java.util.Optional.orElseGet(Unknown Source)
[        ] 	at org.gradle.internal.execution.steps.SkipUpToDateStep.execute(Ski
pUpToDateStep.java:53)
[        ] 	at org.gradle.internal.execution.steps.SkipUpToDateStep.execute(Ski
pUpToDateStep.java:35)
[        ] 	at org.gradle.internal.execution.steps.legacy.MarkSnapshottingInput
sFinishedStep.execute(MarkSnapshottingInputsFinishedStep.java:37)
[        ] 	at org.gradle.internal.execution.steps.legacy.MarkSnapshottingInput
sFinishedStep.execute(MarkSnapshottingInputsFinishedStep.java:27)
[        ] 	at org.gradle.internal.execution.steps.ResolveIncrementalCachingSta
teStep.executeDelegate(ResolveIncrementalCachingStateStep.java:49)
[        ] 	at org.gradle.internal.execution.steps.ResolveIncrementalCachingSta
teStep.executeDelegate(ResolveIncrementalCachingStateStep.java:27)
[        ] 	at org.gradle.internal.execution.steps.AbstractResolveCachingStateS
tep.execute(AbstractResolveCachingStateStep.java:71)
[        ] 	at org.gradle.internal.execution.steps.AbstractResolveCachingStateS
tep.execute(AbstractResolveCachingStateStep.java:39)
[        ] 	at org.gradle.internal.execution.steps.ResolveChangesStep.execute(R
esolveChangesStep.java:65)
[        ] 	at org.gradle.internal.execution.steps.ResolveChangesStep.execute(R
esolveChangesStep.java:36)
[        ] 	at 
org.gradle.internal.execution.steps.ValidateStep.execute(ValidateStep.java:107)
[        ] 	at 
org.gradle.internal.execution.steps.ValidateStep.execute(ValidateStep.java:56)
[        ] 	at org.gradle.internal.execution.steps.AbstractCaptureStateBeforeEx
ecutionStep.execute(AbstractCaptureStateBeforeExecutionStep.java:64)
[        ] 	at org.gradle.internal.execution.steps.AbstractCaptureStateBeforeEx
ecutionStep.execute(AbstractCaptureStateBeforeExecutionStep.java:43)
[   +1 ms] 	at org.gradle.internal.execution.steps.AbstractSkipEmptyWorkStep.ex
ecuteWithNonEmptySources(AbstractSkipEmptyWorkStep.java:125)
[        ] 	at org.gradle.internal.execution.steps.AbstractSkipEmptyWorkStep.ex
ecute(AbstractSkipEmptyWorkStep.java:56)
[        ] 	at org.gradle.internal.execution.steps.AbstractSkipEmptyWorkStep.ex
ecute(AbstractSkipEmptyWorkStep.java:36)
[        ] 	at org.gradle.internal.execution.steps.legacy.MarkSnapshottingInput
sStartedStep.execute(MarkSnapshottingInputsStartedStep.java:38)
[        ] 	at org.gradle.internal.execution.steps.LoadPreviousExecutionStateSt
ep.execute(LoadPreviousExecutionStateStep.java:36)
[        ] 	at org.gradle.internal.execution.steps.LoadPreviousExecutionStateSt
ep.execute(LoadPreviousExecutionStateStep.java:23)
[        ] 	at org.gradle.internal.execution.steps.HandleStaleOutputsStep.execu
te(HandleStaleOutputsStep.java:75)
[        ] 	at org.gradle.internal.execution.steps.HandleStaleOutputsStep.execu
te(HandleStaleOutputsStep.java:41)
[        ] 	at org.gradle.internal.execution.steps.AssignMutableWorkspaceStep.l
ambda$execute$0(AssignMutableWorkspaceStep.java:35)
[        ] 	at org.gradle.api.internal.tasks.execution.TaskExecution$4.withWork
space(TaskExecution.java:289)
[        ] 	at org.gradle.internal.execution.steps.AssignMutableWorkspaceStep.e
xecute(AssignMutableWorkspaceStep.java:31)
[        ] 	at org.gradle.internal.execution.steps.AssignMutableWorkspaceStep.e
xecute(AssignMutableWorkspaceStep.java:22)
[        ] 	at org.gradle.internal.execution.steps.ChoosePipelineStep.execute(C
hoosePipelineStep.java:40)
[   +2 ms] 	at org.gradle.internal.execution.steps.ChoosePipelineStep.execute(C
hoosePipelineStep.java:23)
[   +3 ms] 	at org.gradle.internal.execution.steps.ExecuteWorkBuildOperationFir
ingStep.lambda$execute$2(ExecuteWorkBuildOperationFiringStep.java:67)
[        ] 	at java.base/java.util.Optional.orElseGet(Unknown Source)
[        ] 	at org.gradle.internal.execution.steps.ExecuteWorkBuildOperationFir
ingStep.execute(ExecuteWorkBuildOperationFiringStep.java:67)
[        ] 	at org.gradle.internal.execution.steps.ExecuteWorkBuildOperationFir
ingStep.execute(ExecuteWorkBuildOperationFiringStep.java:39)
[        ] 	at org.gradle.internal.execution.steps.IdentityCacheStep.execute(Id
entityCacheStep.java:46)
[        ] 	at org.gradle.internal.execution.steps.IdentityCacheStep.execute(Id
entityCacheStep.java:34)
[        ] 	at 
org.gradle.internal.execution.steps.IdentifyStep.execute(IdentifyStep.java:48)
[        ] 	at 
org.gradle.internal.execution.steps.IdentifyStep.execute(IdentifyStep.java:35)
[        ] 	at org.gradle.internal.execution.impl.DefaultExecutionEngine$1.exec
ute(DefaultExecutionEngine.java:64)
[        ] 	at org.gradle.api.internal.tasks.execution.ExecuteActionsTaskExecut
er.executeIfValid(ExecuteActionsTaskExecuter.java:127)
[        ] 	at org.gradle.api.internal.tasks.execution.ExecuteActionsTaskExecut
er.execute(ExecuteActionsTaskExecuter.java:116)
[        ] 	at org.gradle.api.internal.tasks.execution.ProblemsTaskPathTracking
TaskExecuter.execute(ProblemsTaskPathTrackingTaskExecuter.java:41)
[        ] 	at org.gradle.api.internal.tasks.execution.FinalizePropertiesTaskEx
ecuter.execute(FinalizePropertiesTaskExecuter.java:46)
[        ] 	at org.gradle.api.internal.tasks.execution.ResolveTaskExecutionMode
Executer.execute(ResolveTaskExecutionModeExecuter.java:51)
[        ] 	at org.gradle.api.internal.tasks.execution.SkipTaskWithNoActionsExe
cuter.execute(SkipTaskWithNoActionsExecuter.java:57)
[        ] 	at org.gradle.api.internal.tasks.execution.SkipOnlyIfTaskExecuter.e
xecute(SkipOnlyIfTaskExecuter.java:74)
[        ] 	at org.gradle.api.internal.tasks.execution.CatchExceptionTaskExecut
er.execute(CatchExceptionTaskExecuter.java:36)
[        ] 	at org.gradle.api.internal.tasks.execution.EventFiringTaskExecuter$
1.executeTask(EventFiringTaskExecuter.java:77)
[        ] 	at org.gradle.api.internal.tasks.execution.EventFiringTaskExecuter$
1.call(EventFiringTaskExecuter.java:55)
[        ] 	at org.gradle.api.internal.tasks.execution.EventFiringTaskExecuter$
1.call(EventFiringTaskExecuter.java:52)
[        ] 	at org.gradle.internal.operations.DefaultBuildOperationRunner$Calla
bleBuildOperationWorker.execute(DefaultBuildOperationRunner.java:210)
[        ] 	at org.gradle.internal.operations.DefaultBuildOperationRunner$Calla
bleBuildOperationWorker.execute(DefaultBuildOperationRunner.java:205)
[        ] 	at org.gradle.internal.operations.DefaultBuildOperationRunner$2.exe
cute(DefaultBuildOperationRunner.java:67)
[   +2 ms] 	at org.gradle.internal.operations.DefaultBuildOperationRunner$2.exe
cute(DefaultBuildOperationRunner.java:60)
[        ] 	at org.gradle.internal.operations.DefaultBuildOperationRunner.execu
te(DefaultBuildOperationRunner.java:167)
[        ] 	at org.gradle.internal.operations.DefaultBuildOperationRunner.execu
te(DefaultBuildOperationRunner.java:60)
[        ] 	at org.gradle.internal.operations.DefaultBuildOperationRunner.call(
DefaultBuildOperationRunner.java:54)
[        ] 	at org.gradle.api.internal.tasks.execution.EventFiringTaskExecuter.
execute(EventFiringTaskExecuter.java:52)
[        ] 	at org.gradle.execution.plan.LocalTaskNodeExecutor.execute(LocalTas
kNodeExecutor.java:42)
[        ] 	at org.gradle.execution.taskgraph.DefaultTaskExecutionGraph$InvokeN
odeExecutorsAction.execute(DefaultTaskExecutionGraph.java:331)
[   +2 ms] 	at org.gradle.execution.taskgraph.DefaultTaskExecutionGraph$InvokeN
odeExecutorsAction.execute(DefaultTaskExecutionGraph.java:318)
[        ] 	at org.gradle.execution.taskgraph.DefaultTaskExecutionGraph$BuildOp
erationAwareExecutionAction.lambda$execute$0(DefaultTaskExecutionGraph.java:314
)
[        ] 	at org.gradle.internal.operations.CurrentBuildOperationRef.with(Cur
rentBuildOperationRef.java:85)
[        ] 	at org.gradle.execution.taskgraph.DefaultTaskExecutionGraph$BuildOp
erationAwareExecutionAction.execute(DefaultTaskExecutionGraph.java:314)
[+1265 ms] 	at org.gradle.execution.taskgraph.DefaultTaskExecutionGraph$BuildOp
erationAwareExecutionAction.execute(DefaultTaskExecutionGraph.java:303)
[        ] 	at org.gradle.execution.plan.DefaultPlanExecutor$ExecutorWorker.exe
cute(DefaultPlanExecutor.java:459)
[        ] 	at org.gradle.execution.plan.DefaultPlanExecutor$ExecutorWorker.run
(DefaultPlanExecutor.java:376)
[        ] 	at org.gradle.internal.concurrent.ExecutorPolicy$CatchAndRecordFail
ures.onExecute(ExecutorPolicy.java:64)
[        ] 	at org.gradle.internal.concurrent.AbstractManagedExecutor$1.run(Abs
tractManagedExecutor.java:48)
[        ] 	at 
java.base/java.util.concurrent.ThreadPoolExecutor.runWorker(Unknown Source)
[        ] 	at 
java.base/java.util.concurrent.ThreadPoolExecutor$Worker.run(Unknown Source)
[        ] 	at java.base/java.lang.Thread.run(Unknown Source)
[        ] Caused by: java.io.FileNotFoundException: E:\projects\karan\build\ap
p\intermediates\cxx\debug\rm1g485j\logs\arm64-v8a\generate_cxx_metadata_62_timi
ng.txt (The process cannot access the file because it is being used by another 
process)
[        ] 	at 
java.base/java.io.IoOverNioFileSystem.convertNioToIoExceptionInStreams(Unknown 
Source)
[        ] 	at 
java.base/java.io.IoOverNioFileSystem.initializeStreamsUsingNio0(Unknown 
Source)
[        ] 	at 
java.base/java.io.IoOverNioFileSystem.initializeStreamUsingNio(Unknown Source)
[        ] 	at java.base/java.io.FileOutputStream.<init>(Unknown Source)
[        ] 	at 
kotlin.io.FilesKt__FileReadWriteKt.appendText(FileReadWrite.kt:150)
[        ] Deprecated Gradle features were used in this build, making it incompatible with Gradle 9.0.
[        ] You can use '--warning-mode all' to show the individual deprecation warnings and determine if they come from your own scripts or plugins.
[        ] For more on this, please refer to https://docs.gradle.org/8.14/userguide/command_line_interface.html#sec:command_line_warnings in the Gradle documentation.
[        ] 131 actionable tasks: 9 executed, 122 up-to-date
[        ] Watched directory hierarchies: [E:\flutter\packages\flutter_tools\gradle, E:\projects\karan\android]
[        ] 	at 
kotlin.io.FilesKt__FileReadWriteKt.appendText$default(FileReadWrite.kt:149)
[        ] 	at com.android.build.gradle.internal.cxx.timing.TimingEnvironment$C
ompanion.closeTimingScope$gradle_core(TimingEnvironment.kt:208)
[        ] 	at com.android.build.gradle.internal.cxx.timing.TimingEnvironmentKt
.time(TimingEnvironment.kt:34)
[        ] 	at com.android.build.gradle.tasks.ExternalNativeJsonGenerator.confi
gureOneAbi(ExternalNativeJsonGenerator.kt:177)
[        ] 	at com.android.build.gradle.tasks.ExternalNativeJsonGenerator.confi
gure(ExternalNativeJsonGenerator.kt:113)
[        ] 	at com.android.build.gradle.tasks.ExternalNativeBuildJsonTask.doTas
kAction(ExternalNativeBuildJsonTask.kt:89)
[        ] 	at com.android.build.gradle.internal.tasks.UnsafeOutputsTask$taskAc
tion$$inlined$recordTaskAction$1.invoke(BaseTask.kt:59)
[        ] 	at 
com.android.build.gradle.internal.tasks.Blocks.recordSpan(Blocks.java:51)
[        ] 	at com.android.build.gradle.internal.tasks.UnsafeOutputsTask.taskAc
tion(UnsafeOutputsTask.kt:81)
[        ] 	at 
java.base/jdk.internal.reflect.DirectMethodHandleAccessor.invoke(Unknown 
Source)
[        ] 	at java.base/java.lang.reflect.Method.invoke(Unknown Source)
[        ] 	at 
org.gradle.internal.reflect.JavaMethod.invoke(JavaMethod.java:125)
[        ] 	... 122 more
[        ] Caused by: java.nio.file.FileSystemException: E:\projects\karan\buil
d\app\intermediates\cxx\debug\rm1g485j\logs\arm64-v8a\generate_cxx_metadata_62_
timing.txt: The process cannot access the file because it is being used by 
another process
[        ] 	at 
java.base/sun.nio.fs.WindowsException.translateToIOException(Unknown Source)
[        ] 	at 
java.base/sun.nio.fs.WindowsException.rethrowAsIOException(Unknown Source)
[        ] 	at 
java.base/sun.nio.fs.WindowsException.rethrowAsIOException(Unknown Source)
[   +1 ms] 	at 
java.base/sun.nio.fs.WindowsFileSystemProvider.newFileChannel(Unknown Source)
[        ] 	... 138 more
[        ] BUILD FAILED in 14m 43s
[+16118 ms] Running Gradle task 'assembleDebug'... (completed in 904.2s)
[ +304 ms] [!] Gradle threw an error while downloading artifacts from the 
network.
[  +29 ms] Retrying Gradle Build: #1, wait time: 100ms
[ +131 ms] LocalFile: 'E:\projects\karan\android\build.gradle.kts' doesn't provide an AGP version. Checking settings.
[   +5 ms] LocalFile: 'E:\projects\karan\android\settings.gradle.kts' provides AGP version: 8.11.1
[  +19 ms] Running Gradle task 'assembleDebug'...
[   +3 ms] executing: [E:\projects\karan\android/] E:\projects\karan\android\gradlew.bat --full-stacktrace --info -Pverbose=true -Ptarget-platform=android-arm,android-arm64,android-x64 -Ptarget=lib\main.dart -Pbase-application-name=android.app.Application -Pdart-defines=RkxVVFRFUl9WRVJTSU9OPTMuNDEuNA==,RkxVVFRFUl9DSEFOTkVMPXN0YWJsZQ==,RkxVVFRFUl9HSVRfVVJMPWh0dHBzOi8vZ2l0aHViLmNvbS9mbHV0dGVyL2ZsdXR0ZXIuZ2l0,RkxVVFRFUl9GUkFNRVdPUktfUkVWSVNJT049ZmYzN2JlZjYwMw==,RkxVVFRFUl9FTkdJTkVfUkVWSVNJT049ZTRiOGRjYTNmMQ==,RkxVVFRFUl9EQVJUX1ZFUlNJT049My4xMS4x -Pdart-obfuscation=false -Ptrack-widget-creation=true -Ptree-shake-icons=false assembleDebug
[+10924 ms] Initialized native services in: C:\Users\Karan Jain\.gradle\native
[  +30 ms] Initialized jansi services in: C:\Users\Karan Jain\.gradle\native
[+2692 ms] Found daemon DaemonInfo{pid=18468, address=[55feb2d7-e7c1-47c1-b040-c0d1298f54a9 port:62656, addresses:[/127.0.0.1]], state=Idle, lastBusy=1771226066213, context=DefaultDaemonContext[uid=751dbade-d52b-45be-8de1-c1e618551a4f,javaHome=C:\Program Files\Android\Android Studio\jbr,javaVersion=21,javaVendor=JetBrains s.r.o.,daemonRegistryDir=C:\Users\Karan Jain\.gradle\daemon,pid=18468,idleTimeout=10800000,priority=NORMAL,applyInstrumentationAgent=true,nativeServicesMode=ENABLED,daemonOpts=-XX:MaxMetaspaceSize=4G,-XX:ReservedCodeCacheSize=512m,-XX:+HeapDumpOnOutOfMemoryError,-Xmx8G,-Dfile.encoding=UTF-8,-Duser.country=US,-Duser.language=en,-Duser.variant]} however its context does not match the desired criteria.
[        ] JVM is incompatible.
[        ] Wanted: DaemonRequestContext{jvmCriteria=E:\Android\jbr (no JDK specified, using current Java home), daemonOpts=[-XX:MaxMetaspaceSize=4G, -XX:ReservedCodeCacheSize=512m, -XX:+HeapDumpOnOutOfMemoryError, -Xmx8G, -Dfile.encoding=UTF-8, -Duser.country=US, -Duser.language=en, -Duser.variant], applyInstrumentationAgent=true, nativeServicesMode=ENABLED, priority=NORMAL}
[   +2 ms] Actual: DefaultDaemonContext[uid=751dbade-d52b-45be-8de1-c1e618551a4f,javaHome=C:\Program Files\Android\Android Studio\jbr,javaVersion=21,javaVendor=JetBrains s.r.o.,daemonRegistryDir=C:\Users\Karan Jain\.gradle\daemon,pid=18468,idleTimeout=10800000,priority=NORMAL,applyInstrumentationAgent=true,nativeServicesMode=ENABLED,daemonOpts=-XX:MaxMetaspaceSize=4G,-XX:ReservedCodeCacheSize=512m,-XX:+HeapDumpOnOutOfMemoryError,-Xmx8G,-Dfile.encoding=UTF-8,-Duser.country=US,-Duser.language=en,-Duser.variant]
[        ]   Looking for a different daemon...
[+1177 ms] The client will now receive all logging from the daemon (pid: 18916). The daemon log file: C:\Users\Karan Jain\.gradle\daemon\8.14\daemon-18916.out.log
[ +330 ms] Starting 2nd build in daemon [uptime: 13 mins 59.139 secs, performance: 100%, GC rate: 0.00/s, heap usage: 0% of 8 GiB, non-heap usage: 4% of 4 GiB]
[ +280 ms] Using 4 worker leases.
[ +868 ms] Now considering [E:\projects\karan\android, E:\flutter\packages\flutter_tools\gradle] as hierarchies to watch
[ +691 ms] Watching the file system is configured to be enabled if available
[ +119 ms] File system watching is active
[ +179 ms] Starting Build
[+1129 ms] Now considering [E:\flutter\packages\flutter_tools\gradle, E:\projects\karan\android] as hierarchies to watch
[+2783 ms] > Configure project :gradle
[   +1 ms] Evaluating project ':gradle' using build file 'E:\flutter\packages\flutter_tools\gradle\build.gradle.kts'.
[        ] Resolved plugin [id: 'org.gradle.java-gradle-plugin']
[        ] Resolved plugin [id: 'org.gradle.groovy']
[        ] Resolved plugin [id: 'org.gradle.kotlin.kotlin-dsl', version: '5.2.0']
[        ] Resolved plugin [id: 'org.jetbrains.kotlin.jvm', version: '1.9.20']
[+1697 ms] Using Kotlin Gradle Plugin gradle85 variant
[ +291 ms] kotlin scripting plugin: created the scripting discovery configuration: kotlinScriptDef
[   +2 ms] kotlin scripting plugin: created the scripting discovery configuration: testKotlinScriptDef
[+1100 ms] file or directory 'E:\flutter\packages\flutter_tools\gradle\src\main\java', not found
[+1929 ms] Resolved plugin [id: 'dev.flutter.flutter-plugin-loader', version: '1.0.0']
[ +170 ms] Resolved plugin [id: 'com.android.application', version: '8.11.1', apply: false]
[ +113 ms] Resolved plugin [id: 'org.jetbrains.kotlin.android', version: '2.2.20', apply: false]
[ +393 ms] Resolve mutations for :gradle:checkKotlinGradlePluginConfigurationErrors (Thread[#135,included builds,5,main]) started.
[   +8 ms] :gradle:checkKotlinGradlePluginConfigurationErrors (Thread[#135,included builds,5,main]) started.
[   +5 ms] > Task :gradle:checkKotlinGradlePluginConfigurationErrors SKIPPED
[        ] Skipping task ':gradle:checkKotlinGradlePluginConfigurationErrors' as task onlyIf 'errorDiagnostics are present' is false.
[        ] Resolve mutations for :gradle:compileKotlin (Thread[#135,included builds,5,main]) started.
[        ] :gradle:compileKotlin (Thread[#135,included builds,5,main]) started.
[ +879 ms] > Task :gradle:compileKotlin UP-TO-DATE
[        ] Caching disabled for task ':gradle:compileKotlin' because:
[        ]   Build cache is disabled
[   +1 ms] Skipping task ':gradle:compileKotlin' as it is up-to-date.
[        ] Resolve mutations for :gradle:compileJava (Thread[#135,included builds,5,main]) started.
[        ] :gradle:compileJava (Thread[#135,included builds,5,main]) started.
[        ] > Task :gradle:compileJava NO-SOURCE
[        ] Skipping task ':gradle:compileJava' as it has no source files and no previous output files.
[   +2 ms] Resolve mutations for :gradle:compileGroovy (Thread[#135,included builds,5,main]) started.
[        ] :gradle:compileGroovy (Thread[#135,included builds,5,main]) started.
[   +1 ms] > Task :gradle:compileGroovy NO-SOURCE
[        ] Skipping task ':gradle:compileGroovy' as it has no source files and no previous output files.
[        ] Resolve mutations for :gradle:pluginDescriptors (Thread[#135,included builds,5,main]) started.
[        ] :gradle:pluginDescriptors (Thread[#137,Execution worker Thread 2,5,main]) started.
[        ] > Task :gradle:pluginDescriptors UP-TO-DATE
[        ] Caching disabled for task ':gradle:pluginDescriptors' because:
[        ]   Build cache is disabled
[        ]   Not worth caching
[   +2 ms] Skipping task ':gradle:pluginDescriptors' as it is up-to-date.
[        ] Resolve mutations for :gradle:processResources (Thread[#137,Execution worker Thread 2,5,main]) started.
[        ] :gradle:processResources (Thread[#137,Execution worker Thread 2,5,main]) started.
[ +104 ms] > Task :gradle:processResources UP-TO-DATE
[  +10 ms] Caching disabled for task ':gradle:processResources' because:
[   +1 ms]   Build cache is disabled
[        ]   Not worth caching
[   +1 ms] Skipping task ':gradle:processResources' as it is up-to-date.
[   +1 ms] Resolve mutations for :gradle:classes (Thread[#137,Execution worker Thread 2,5,main]) started.
[  +10 ms] :gradle:classes (Thread[#137,Execution worker Thread 2,5,main]) started.
[  +14 ms] > Task :gradle:classes UP-TO-DATE
[        ] Skipping task ':gradle:classes' as it has no actions.
[        ] Resolve mutations for :gradle:jar (Thread[#137,Execution worker Thread 2,5,main]) started.
[        ] :gradle:jar (Thread[#137,Execution worker Thread 2,5,main]) started.
[        ] > Task :gradle:jar UP-TO-DATE
[        ] Caching disabled for task ':gradle:jar' because:
[        ]   Build cache is disabled
[        ]   Not worth caching
[        ] Skipping task ':gradle:jar' as it is up-to-date.
[+2064 ms] Settings evaluated using settings file 'E:\projects\karan\android\settings.gradle.kts'.
[ +428 ms] Projects loaded. Root project using build file 'E:\projects\karan\android\build.gradle.kts'.
[   +2 ms] Included projects: [root project 'android', project ':app', project ':flutter_plugin_android_lifecycle', project ':flutter_secure_storage', project ':fluttertoast', project ':image_picker_android', project ':path_provider_android', project ':shared_preferences_android']
[+1985 ms] > Configure project :
[  +12 ms] Evaluating root project 'android' using build file 'E:\projects\karan\android\build.gradle.kts'.
[+2550 ms] > Configure project :app
[   +1 ms] Evaluating project ':app' using build file 'E:\projects\karan\android\app\build.gradle.kts'.
[        ] Resolved plugin [id: 'com.android.application']
[   +1 ms] Resolved plugin [id: 'kotlin-android']
[  +22 ms] Resolved plugin [id: 'dev.flutter.flutter-gradle-plugin']
[        ] Using default execution profile
[        ] Build 30aa338e-ec86-4767-b0ba-49ff180ec020 is started
[   +6 ms] Using Kotlin Gradle Plugin gradle813 variant
[   +1 ms] C/C++: android.ndkVersion from module build.gradle is [28.2.13676358]
[        ] C/C++: android.ndkPath from module build.gradle is not set
[        ] C/C++: ndk.dir in local.properties is not set
[   +1 ms] C/C++: Not considering ANDROID_NDK_HOME because support was removed after deprecation period.
[        ] C/C++: sdkFolder is C:\Users\Karan Jain\AppData\Local\Android\Sdk
[        ] C/C++: android.ndkVersion from module build.gradle is [28.2.13676358]
[        ] C/C++: android.ndkPath from module build.gradle is not set
[        ] C/C++: ndk.dir in local.properties is not set
[        ] C/C++: Not considering ANDROID_NDK_HOME because support was removed after deprecation period.
[        ] C/C++: sdkFolder is C:\Users\Karan Jain\AppData\Local\Android\Sdk
[        ] C/C++: android.ndkVersion from module build.gradle is [28.2.13676358]
[   +1 ms] C/C++: android.ndkPath from module build.gradle is not set
[        ] C/C++: ndk.dir in local.properties is not set
[   +3 ms] C/C++: Not considering ANDROID_NDK_HOME because support was removed after deprecation period.
[        ] C/C++: sdkFolder is C:\Users\Karan Jain\AppData\Local\Android\Sdk
[        ] C/C++: android.ndkVersion from module build.gradle is [28.2.13676358]
[        ] C/C++: android.ndkPath from module build.gradle is not set
[        ] C/C++: ndk.dir in local.properties is not set
[        ] C/C++: Not considering ANDROID_NDK_HOME because support was removed after deprecation period.
[        ] C/C++: sdkFolder is C:\Users\Karan Jain\AppData\Local\Android\Sdk
[        ] C/C++: android.ndkVersion from module build.gradle is [28.2.13676358]
[        ] C/C++: android.ndkPath from module build.gradle is not set
[        ] C/C++: ndk.dir in local.properties is not set
[        ] C/C++: Not considering ANDROID_NDK_HOME because support was removed after deprecation period.
[        ] C/C++: sdkFolder is C:\Users\Karan Jain\AppData\Local\Android\Sdk
[        ] C/C++: android.ndkVersion from module build.gradle is [28.2.13676358]
[        ] C/C++: android.ndkPath from module build.gradle is not set
[        ] C/C++: ndk.dir in local.properties is not set
[        ] C/C++: Not considering ANDROID_NDK_HOME because support was removed after deprecation period.
[        ] C/C++: sdkFolder is C:\Users\Karan Jain\AppData\Local\Android\Sdk
[        ] C/C++: android.ndkVersion from module build.gradle is [28.2.13676358]
[        ] C/C++: android.ndkPath from module build.gradle is not set
[        ] C/C++: ndk.dir in local.properties is not set
[        ] C/C++: Not considering ANDROID_NDK_HOME because support was removed after deprecation period.
[        ] C/C++: sdkFolder is C:\Users\Karan Jain\AppData\Local\Android\Sdk
[        ] C/C++: android.ndkVersion from module build.gradle is [28.2.13676358]
[        ] C/C++: android.ndkPath from module build.gradle is not set
[        ] C/C++: ndk.dir in local.properties is not set
[        ] C/C++: Not considering ANDROID_NDK_HOME because support was removed after deprecation period.
[        ] C/C++: sdkFolder is C:\Users\Karan Jain\AppData\Local\Android\Sdk
[        ] C/C++: android.ndkVersion from module build.gradle is [28.2.13676358]
[        ] C/C++: android.ndkPath from module build.gradle is not set
[        ] C/C++: ndk.dir in local.properties is not set
[        ] C/C++: Not considering ANDROID_NDK_HOME because support was removed after deprecation period.
[        ] C/C++: sdkFolder is C:\Users\Karan Jain\AppData\Local\Android\Sdk
[        ] C/C++: android.ndkVersion from module build.gradle is [28.2.13676358]
[        ] C/C++: android.ndkPath from module build.gradle is not set
[        ] C/C++: ndk.dir in local.properties is not set
[        ] C/C++: Not considering ANDROID_NDK_HOME because support was removed after deprecation period.
[        ] C/C++: sdkFolder is C:\Users\Karan Jain\AppData\Local\Android\Sdk
[        ] C/C++: android.ndkVersion from module build.gradle is [28.2.13676358]
[        ] C/C++: android.ndkPath from module build.gradle is not set
[        ] C/C++: ndk.dir in local.properties is not set
[  +31 ms] C/C++: Not considering ANDROID_NDK_HOME because support was removed after deprecation period.
[   +1 ms] C/C++: sdkFolder is C:\Users\Karan Jain\AppData\Local\Android\Sdk
[        ] C/C++: android.ndkVersion from module build.gradle is [28.2.13676358]
[        ] C/C++: android.ndkPath from module build.gradle is not set
[        ] C/C++: ndk.dir in local.properties is not set
[        ] C/C++: Not considering ANDROID_NDK_HOME because support was removed after deprecation period.
[        ] C/C++: sdkFolder is C:\Users\Karan Jain\AppData\Local\Android\Sdk
[        ] C/C++: android.ndkVersion from module build.gradle is [28.2.13676358]
[        ] C/C++: android.ndkPath from module build.gradle is not set
[        ] C/C++: ndk.dir in local.properties is not set
[        ] C/C++: Not considering ANDROID_NDK_HOME because support was removed after deprecation period.
[        ] C/C++: sdkFolder is C:\Users\Karan Jain\AppData\Local\Android\Sdk
[   +2 ms] C/C++: android.ndkVersion from module build.gradle is [28.2.13676358]
[        ] C/C++: android.ndkPath from module build.gradle is not set
[        ] C/C++: ndk.dir in local.properties is not set
[   +1 ms] C/C++: Not considering ANDROID_NDK_HOME because support was removed after deprecation period.
[        ] C/C++: sdkFolder is C:\Users\Karan Jain\AppData\Local\Android\Sdk
[        ] C/C++: android.ndkVersion from module build.gradle is [28.2.13676358]
[        ] C/C++: android.ndkPath from module build.gradle is not set
[        ] C/C++: ndk.dir in local.properties is not set
[        ] C/C++: Not considering ANDROID_NDK_HOME because support was removed after deprecation period.
[        ] C/C++: sdkFolder is C:\Users\Karan Jain\AppData\Local\Android\Sdk
[        ] C/C++: android.ndkVersion from module build.gradle is [28.2.13676358]
[        ] C/C++: android.ndkPath from module build.gradle is not set
[        ] C/C++: ndk.dir in local.properties is not set
[        ] C/C++: Not considering ANDROID_NDK_HOME because support was removed after deprecation period.
[        ] C/C++: sdkFolder is C:\Users\Karan Jain\AppData\Local\Android\Sdk
[        ] C/C++: android.ndkVersion from module build.gradle is [28.2.13676358]
[        ] C/C++: android.ndkPath from module build.gradle is not set
[        ] C/C++: ndk.dir in local.properties is not set
[        ] C/C++: Not considering ANDROID_NDK_HOME because support was removed after deprecation period.
[        ] C/C++: sdkFolder is C:\Users\Karan Jain\AppData\Local\Android\Sdk
[        ] C/C++: android.ndkVersion from module build.gradle is [28.2.13676358]
[        ] C/C++: android.ndkPath from module build.gradle is not set
[        ] C/C++: ndk.dir in local.properties is not set
[        ] C/C++: Not considering ANDROID_NDK_HOME because support was removed after deprecation period.
[        ] C/C++: sdkFolder is C:\Users\Karan Jain\AppData\Local\Android\Sdk
[        ] C/C++: android.ndkVersion from module build.gradle is [28.2.13676358]
[        ] C/C++: android.ndkPath from module build.gradle is not set
[        ] C/C++: ndk.dir in local.properties is not set
[        ] C/C++: Not considering ANDROID_NDK_HOME because support was removed after deprecation period.
[        ] C/C++: sdkFolder is C:\Users\Karan Jain\AppData\Local\Android\Sdk
[+1996 ms] > Configure project :flutter_plugin_android_lifecycle
[   +3 ms] Evaluating project ':flutter_plugin_android_lifecycle' using build file 'C:\Users\Karan Jain\AppData\Local\Pub\Cache\hosted\pub.dev\flutter_plugin_android_lifecycle-2.0.33\android\build.gradle'.
[+2298 ms] Using default execution profile
[+2717 ms] > Configure project :flutter_secure_storage
[   +1 ms] Evaluating project ':flutter_secure_storage' using build file 'C:\Users\Karan Jain\AppData\Local\Pub\Cache\hosted\pub.dev\flutter_secure_storage-9.2.4\android\build.gradle'.
[   +6 ms] Using default execution profile
[+1481 ms] > Configure project :fluttertoast
[        ] Evaluating project ':fluttertoast' using build file 'C:\Users\Karan Jain\AppData\Local\Pub\Cache\hosted\pub.dev\fluttertoast-9.0.0\android\build.gradle'.
[        ] Using default execution profile
[        ] Using Kotlin Gradle Plugin gradle813 variant
[ +382 ms] > Configure project :image_picker_android
[   +1 ms] Evaluating project ':image_picker_android' using build file 'C:\Users\Karan Jain\AppData\Local\Pub\Cache\hosted\pub.dev\image_picker_android-0.8.13+14\android\build.gradle'.
[        ] Using default execution profile
[ +676 ms] > Configure project :path_provider_android
[        ] Evaluating project ':path_provider_android' using build file 'C:\Users\Karan Jain\AppData\Local\Pub\Cache\hosted\pub.dev\path_provider_android-2.2.22\android\build.gradle'.
[        ] Using default execution profile
[+2287 ms] > Configure project :shared_preferences_android
[   +1 ms] Evaluating project ':shared_preferences_android' using build file 'C:\Users\Karan Jain\AppData\Local\Pub\Cache\hosted\pub.dev\shared_preferences_android-2.4.21\android\build.gradle'.
[ +233 ms] Using default execution profile
[  +99 ms] Using Kotlin Gradle Plugin gradle813 variant
[+2019 ms] All projects evaluated.
[+1081 ms] Task name matched 'assembleDebug'
[        ] Selected primary task 'assembleDebug' from project :
[+2790 ms] Adding -Xuse-inline-scopes-numbers Kotlin compiler flag for task :app:compileDebugKotlin
[+3010 ms] Tasks to be executed: [task ':app:DebugMinSdkCheck', task ':app:preBuild', task ':app:preDebugBuild', task ':app:mergeDebugNativeDebugMetadata', task ':app:checkKotlinGradlePluginConfigurationErrors', task ':app:compileFlutterBuildDebug', task ':app:packJniLibsflutterBuildDebug', task ':flutter_plugin_android_lifecycle:preBuild', task ':flutter_plugin_android_lifecycle:preDebugBuild', task ':flutter_plugin_android_lifecycle:writeDebugAarMetadata', task ':flutter_secure_storage:preBuild', task ':flutter_secure_storage:preDebugBuild', task ':flutter_secure_storage:writeDebugAarMetadata', task ':fluttertoast:preBuild', task ':fluttertoast:preDebugBuild', task ':fluttertoast:writeDebugAarMetadata', task ':image_picker_android:preBuild', task ':image_picker_android:preDebugBuild', task ':image_picker_android:writeDebugAarMetadata', task ':path_provider_android:preBuild', task ':path_provider_android:preDebugBuild', task ':path_provider_android:writeDebugAarMetadata', task ':shared_preferences_android:preBuild', task ':shared_preferences_android:preDebugBuild', task ':shared_preferences_android:writeDebugAarMetadata', task ':app:checkDebugAarMetadata', task ':app:cleanMergeDebugAssets', task ':app:mergeDebugShaders', task ':app:compileDebugShaders', task ':app:generateDebugAssets', task ':flutter_plugin_android_lifecycle:mergeDebugShaders', task ':flutter_plugin_android_lifecycle:compileDebugShaders', task ':flutter_plugin_android_lifecycle:generateDebugAssets', task ':flutter_plugin_android_lifecycle:mergeDebugAssets', task ':flutter_secure_storage:mergeDebugShaders', task ':flutter_secure_storage:compileDebugShaders', task ':flutter_secure_storage:generateDebugAssets', task ':flutter_secure_storage:mergeDebugAssets', task ':fluttertoast:mergeDebugShaders', task ':fluttertoast:compileDebugShaders', task ':fluttertoast:generateDebugAssets', task ':fluttertoast:mergeDebugAssets', task ':image_picker_android:mergeDebugShaders', task ':image_picker_android:compileDebugShaders', task ':image_picker_android:generateDebugAssets', task ':image_picker_android:mergeDebugAssets', task ':path_provider_android:mergeDebugShaders', task ':path_provider_android:compileDebugShaders', task ':path_provider_android:generateDebugAssets', task ':path_provider_android:mergeDebugAssets', task ':shared_preferences_android:mergeDebugShaders', task ':shared_preferences_android:compileDebugShaders', task ':shared_preferences_android:generateDebugAssets', task ':shared_preferences_android:mergeDebugAssets', task ':app:mergeDebugAssets', task ':app:copyFlutterAssetsDebug', task ':app:generateDebugResValues', task ':flutter_plugin_android_lifecycle:generateDebugResValues', task ':flutter_plugin_android_lifecycle:generateDebugResources', task ':flutter_plugin_android_lifecycle:packageDebugResources', task ':flutter_secure_storage:generateDebugResValues', task ':flutter_secure_storage:generateDebugResources', task ':flutter_secure_storage:packageDebugResources', task ':fluttertoast:generateDebugResValues', task ':fluttertoast:generateDebugResources', task ':fluttertoast:packageDebugResources', task ':image_picker_android:generateDebugResValues', task ':image_picker_android:generateDebugResources', task ':image_picker_android:packageDebugResources', task ':path_provider_android:generateDebugResValues', task ':path_provider_android:generateDebugResources', task ':path_provider_android:packageDebugResources', task ':shared_preferences_android:generateDebugResValues', task ':shared_preferences_android:generateDebugResources', task ':shared_preferences_android:packageDebugResources', task ':app:mapDebugSourceSetPaths', task ':app:generateDebugResources', task ':app:mergeDebugResources', task ':app:packageDebugResources', task ':app:parseDebugLocalResources', task ':app:createDebugCompatibleScreenManifests', task ':app:extractDeepLinksDebug', task ':flutter_plugin_android_lifecycle:extractDeepLinksDebug', task ':flutter_plugin_android_lifecycle:processDebugManifest', task ':flutter_secure_storage:extractDeepLinksDebug', task ':flutter_secure_storage:processDebugManifest', task ':fluttertoast:extractDeepLinksDebug', task ':fluttertoast:processDebugManifest', task ':image_picker_android:extractDeepLinksDebug', task ':image_picker_android:processDebugManifest', task ':path_provider_android:extractDeepLinksDebug', task ':path_provider_android:processDebugManifest', task ':shared_preferences_android:extractDeepLinksDebug', task ':shared_preferences_android:processDebugManifest', task ':app:processDebugMainManifest', task ':app:outputDebugAppLinkSettings', task ':app:processDebugManifest', task ':app:processDebugManifestForPackage', task ':flutter_plugin_android_lifecycle:compileDebugLibraryResources', task ':flutter_plugin_android_lifecycle:parseDebugLocalResources', task ':flutter_plugin_android_lifecycle:generateDebugRFile', task ':flutter_secure_storage:compileDebugLibraryResources', task ':flutter_secure_storage:parseDebugLocalResources', task ':flutter_secure_storage:generateDebugRFile', task ':fluttertoast:compileDebugLibraryResources', task ':fluttertoast:parseDebugLocalResources', task ':fluttertoast:generateDebugRFile', task ':image_picker_android:compileDebugLibraryResources', task ':image_picker_android:parseDebugLocalResources', task ':image_picker_android:generateDebugRFile', task ':path_provider_android:compileDebugLibraryResources', task ':path_provider_android:parseDebugLocalResources', task ':path_provider_android:generateDebugRFile', task ':shared_preferences_android:compileDebugLibraryResources', task ':shared_preferences_android:parseDebugLocalResources', task ':shared_preferences_android:generateDebugRFile', task ':app:processDebugResources', task ':flutter_plugin_android_lifecycle:javaPreCompileDebug', task ':flutter_plugin_android_lifecycle:compileDebugJavaWithJavac', task ':flutter_plugin_android_lifecycle:bundleLibCompileToJarDebug', task ':flutter_secure_storage:generateDebugBuildConfig', task ':flutter_secure_storage:javaPreCompileDebug', task ':flutter_secure_storage:compileDebugJavaWithJavac', task ':flutter_secure_storage:bundleLibCompileToJarDebug', task ':fluttertoast:checkKotlinGradlePluginConfigurationErrors', task ':fluttertoast:compileDebugKotlin', task ':fluttertoast:javaPreCompileDebug', task ':fluttertoast:compileDebugJavaWithJavac', task ':fluttertoast:bundleLibCompileToJarDebug', task ':image_picker_android:javaPreCompileDebug', task ':image_picker_android:compileDebugJavaWithJavac', task ':image_picker_android:bundleLibCompileToJarDebug', task ':path_provider_android:javaPreCompileDebug', task ':path_provider_android:compileDebugJavaWithJavac', task ':path_provider_android:bundleLibCompileToJarDebug', task ':shared_preferences_android:checkKotlinGradlePluginConfigurationErrors', task ':shared_preferences_android:compileDebugKotlin', task ':shared_preferences_android:javaPreCompileDebug', task ':shared_preferences_android:compileDebugJavaWithJavac', task ':shared_preferences_android:bundleLibCompileToJarDebug', task ':app:compileDebugKotlin', task ':app:javaPreCompileDebug', task ':app:compileDebugJavaWithJavac', task ':app:compressDebugAssets', task ':image_picker_android:bundleLibRuntimeToJarDebug', task ':flutter_plugin_android_lifecycle:bundleLibRuntimeToJarDebug', task ':flutter_secure_storage:bundleLibRuntimeToJarDebug', task ':fluttertoast:bundleLibRuntimeToJarDebug', task ':path_provider_android:bundleLibRuntimeToJarDebug', task ':shared_preferences_android:bundleLibRuntimeToJarDebug', task ':app:desugarDebugFileDependencies', task ':app:dexBuilderDebug', task ':app:mergeDebugGlobalSynthetics', task ':app:processDebugJavaRes', task ':flutter_plugin_android_lifecycle:processDebugJavaRes', task ':flutter_secure_storage:processDebugJavaRes', task ':fluttertoast:processDebugJavaRes', task ':image_picker_android:processDebugJavaRes', task ':path_provider_android:processDebugJavaRes', task ':shared_preferences_android:processDebugJavaRes', task ':app:mergeDebugJavaResource', task ':app:checkDebugDuplicateClasses', task ':app:mergeExtDexDebug', task ':image_picker_android:bundleLibRuntimeToDirDebug', task ':flutter_plugin_android_lifecycle:bundleLibRuntimeToDirDebug', task ':flutter_secure_storage:bundleLibRuntimeToDirDebug', task ':fluttertoast:bundleLibRuntimeToDirDebug', task ':path_provider_android:bundleLibRuntimeToDirDebug', task ':shared_preferences_android:bundleLibRuntimeToDirDebug', task ':app:mergeLibDexDebug', task ':app:mergeProjectDexDebug', task ':app:configureCMakeDebug[arm64-v8a]', task ':app:buildCMakeDebug[arm64-v8a]', task ':app:configureCMakeDebug[armeabi-v7a]', task ':app:buildCMakeDebug[armeabi-v7a]', task ':app:configureCMakeDebug[x86_64]', task ':app:buildCMakeDebug[x86_64]', task ':app:mergeDebugJniLibFolders', task ':flutter_plugin_android_lifecycle:mergeDebugJniLibFolders', task ':flutter_plugin_android_lifecycle:mergeDebugNativeLibs', task ':flutter_plugin_android_lifecycle:copyDebugJniLibsProjectOnly', task ':flutter_secure_storage:mergeDebugJniLibFolders', task ':flutter_secure_storage:mergeDebugNativeLibs', task ':flutter_secure_storage:copyDebugJniLibsProjectOnly', task ':fluttertoast:mergeDebugJniLibFolders', task ':fluttertoast:mergeDebugNativeLibs', task ':fluttertoast:copyDebugJniLibsProjectOnly', task ':image_picker_android:mergeDebugJniLibFolders', task ':image_picker_android:mergeDebugNativeLibs', task ':image_picker_android:copyDebugJniLibsProjectOnly', task ':path_provider_android:mergeDebugJniLibFolders', task ':path_provider_android:mergeDebugNativeLibs', task ':path_provider_android:copyDebugJniLibsProjectOnly', task ':shared_preferences_android:mergeDebugJniLibFolders', task ':shared_preferences_android:mergeDebugNativeLibs', task ':shared_preferences_android:copyDebugJniLibsProjectOnly', task ':app:mergeDebugNativeLibs', task ':app:stripDebugDebugSymbols', task ':app:validateSigningDebug', task ':app:writeDebugAppMetadata', task ':app:writeDebugSigningConfigVersions', task ':app:packageDebug', task ':app:createDebugApkListingFileRedirect', task ':app:assembleDebug', task ':flutter_plugin_android_lifecycle:stripDebugDebugSymbols', task ':flutter_plugin_android_lifecycle:copyDebugJniLibsProjectAndLocalJars', task ':flutter_plugin_android_lifecycle:extractDebugAnnotations', task ':flutter_plugin_android_lifecycle:extractDeepLinksForAarDebug', task ':flutter_plugin_android_lifecycle:mergeDebugGeneratedProguardFiles', task ':flutter_plugin_android_lifecycle:mergeDebugConsumerProguardFiles', task ':flutter_plugin_android_lifecycle:prepareDebugArtProfile', task ':flutter_plugin_android_lifecycle:prepareLintJarForPublish', task ':flutter_plugin_android_lifecycle:mergeDebugJavaResource', task ':flutter_plugin_android_lifecycle:syncDebugLibJars', task ':flutter_plugin_android_lifecycle:bundleDebugAar', task ':flutter_plugin_android_lifecycle:assembleDebug', task ':flutter_secure_storage:stripDebugDebugSymbols', task ':flutter_secure_storage:copyDebugJniLibsProjectAndLocalJars', task ':flutter_secure_storage:extractDebugAnnotations', task ':flutter_secure_storage:extractDeepLinksForAarDebug', task ':flutter_secure_storage:mergeDebugGeneratedProguardFiles', task ':flutter_secure_storage:mergeDebugConsumerProguardFiles', task ':flutter_secure_storage:prepareDebugArtProfile', task ':flutter_secure_storage:prepareLintJarForPublish', task ':flutter_secure_storage:mergeDebugJavaResource', task ':flutter_secure_storage:syncDebugLibJars', task ':flutter_secure_storage:bundleDebugAar', task ':flutter_secure_storage:assembleDebug', task ':fluttertoast:stripDebugDebugSymbols', task ':fluttertoast:copyDebugJniLibsProjectAndLocalJars', task ':fluttertoast:extractDebugAnnotations', task ':fluttertoast:extractDeepLinksForAarDebug', task ':fluttertoast:mergeDebugGeneratedProguardFiles', task ':fluttertoast:mergeDebugConsumerProguardFiles', task ':fluttertoast:prepareDebugArtProfile', task ':fluttertoast:prepareLintJarForPublish', task ':fluttertoast:mergeDebugJavaResource', task ':fluttertoast:syncDebugLibJars', task ':fluttertoast:bundleDebugAar', task ':fluttertoast:assembleDebug', task ':image_picker_android:stripDebugDebugSymbols', task ':image_picker_android:copyDebugJniLibsProjectAndLocalJars', task ':image_picker_android:extractDebugAnnotations', task ':image_picker_android:extractDeepLinksForAarDebug', task ':image_picker_android:mergeDebugGeneratedProguardFiles', task ':image_picker_android:mergeDebugConsumerProguardFiles', task ':image_picker_android:prepareDebugArtProfile', task ':image_picker_android:prepareLintJarForPublish', task ':image_picker_android:mergeDebugJavaResource', task ':image_picker_android:syncDebugLibJars', task ':image_picker_android:bundleDebugAar', task ':image_picker_android:assembleDebug', task ':path_provider_android:stripDebugDebugSymbols', task ':path_provider_android:copyDebugJniLibsProjectAndLocalJars', task ':path_provider_android:extractDebugAnnotations', task ':path_provider_android:extractDeepLinksForAarDebug', task ':path_provider_android:mergeDebugGeneratedProguardFiles', task ':path_provider_android:mergeDebugConsumerProguardFiles', task ':path_provider_android:prepareDebugArtProfile', task ':path_provider_android:prepareLintJarForPublish', task ':path_provider_android:mergeDebugJavaResource', task ':path_provider_android:syncDebugLibJars', task ':path_provider_android:bundleDebugAar', task ':path_provider_android:assembleDebug', task ':shared_preferences_android:stripDebugDebugSymbols', task ':shared_preferences_android:copyDebugJniLibsProjectAndLocalJars', task ':shared_preferences_android:extractDebugAnnotations', task ':shared_preferences_android:extractDeepLinksForAarDebug', task ':shared_preferences_android:mergeDebugGeneratedProguardFiles', task ':shared_preferences_android:mergeDebugConsumerProguardFiles', task ':shared_preferences_android:prepareDebugArtProfile', task ':shared_preferences_android:prepareLintJarForPublish', task ':shared_preferences_android:mergeDebugJavaResource', task ':shared_preferences_android:syncDebugLibJars', task ':shared_preferences_android:bundleDebugAar', task ':shared_preferences_android:assembleDebug']
[   +5 ms] Tasks that were excluded: []
[        ] work action Parameters of IdentityTransform (Thread[#135,included builds,5,main]) started.
[  +85 ms] work action Parameters of DexingNoClasspathTransform (Thread[#135,included builds,5,main]) started.
[   +3 ms] work action Parameters of DexingOutputSplitTransform (Thread[#135,included builds,5,main]) started.
[   +1 ms] work action Parameters of ClassesDirToClassesTransform (Thread[#135,included builds,5,main]) started.
[        ] work action Parameters of DexingOutputSplitTransform (Thread[#136,Execution worker,5,main]) started.
[        ] Resolve mutations for :app:DebugMinSdkCheck (Thread[#136,Execution worker,5,main]) started.
[        ] :app:DebugMinSdkCheck (Thread[#136,Execution worker,5,main]) started.
[        ] > Task :app:DebugMinSdkCheck
[        ] Caching disabled for task ':app:DebugMinSdkCheck' because:
[        ]   Build cache is disabled
[        ] Task ':app:DebugMinSdkCheck' is not up-to-date because:
[        ]   Task has not declared any outputs despite executing actions.
[        ] Resolve mutations for :app:preBuild (Thread[#136,Execution worker,5,main]) started.
[        ] :app:preBuild (Thread[#136,Execution worker,5,main]) started.
[        ] > Task :app:preBuild UP-TO-DATE
[   +2 ms] Skipping task ':app:preBuild' as it has no actions.
[   +2 ms] Resolve mutations for :app:preDebugBuild (Thread[#136,Execution worker,5,main]) started.
[   +2 ms] :app:preDebugBuild (Thread[#136,Execution worker,5,main]) started.
[        ] > Task :app:preDebugBuild UP-TO-DATE
[        ] Skipping task ':app:preDebugBuild' as it has no actions.
[        ] Resolve mutations for :app:mergeDebugNativeDebugMetadata (Thread[#136,Execution worker,5,main]) started.
[        ] :app:mergeDebugNativeDebugMetadata (Thread[#135,included builds,5,main]) started.
[        ] > Task :app:mergeDebugNativeDebugMetadata NO-SOURCE
[        ] Skipping task ':app:mergeDebugNativeDebugMetadata' as it has no source files and no previous output files.
[        ] Resolve mutations for :app:checkKotlinGradlePluginConfigurationErrors (Thread[#135,included builds,5,main]) started.
[        ] :app:checkKotlinGradlePluginConfigurationErrors (Thread[#135,included builds,5,main]) started.
[        ] > Task :app:checkKotlinGradlePluginConfigurationErrors SKIPPED
[        ] Skipping task ':app:checkKotlinGradlePluginConfigurationErrors' as task onlyIf 'errorDiagnostics are present' is false.
[        ] Resolve mutations for :app:compileFlutterBuildDebug (Thread[#135,included builds,5,main]) started.
[        ] :app:compileFlutterBuildDebug (Thread[#135,included builds,5,main]) started.
[+1996 ms] > Task :app:compileFlutterBuildDebug
[   +6 ms] Caching disabled for task ':app:compileFlutterBuildDebug' because:
[  +11 ms]   Build cache is disabled
[   +2 ms]   Caching has not been enabled for the task
[   +6 ms] Task ':app:compileFlutterBuildDebug' is not up-to-date because:
[        ]   Output property 'outputFiles$1' has been removed for task ':app:compileFlutterBuildDebug'
[        ]   Output property 'outputFiles$10' has been removed for task ':app:compileFlutterBuildDebug'
[        ]   Output property 'outputFiles$11' has been removed for task ':app:compileFlutterBuildDebug'
[        ]   and more...
[        ] Starting process 'command 'E:\flutter\bin\flutter.bat''. Working directory: E:\projects\karan Command: E:\flutter\bin\flutter.bat --verbose assemble --no-version-check --depfile E:\projects\karan\build\app\intermediates\flutter\debug/flutter_build.d --output E:\projects\karan\build\app\intermediates\flutter\debug -dTargetFile=lib\main.dart -dTargetPlatform=android -dBuildMode=debug -dTrackWidgetCreation=true --DartDefines=RkxVVFRFUl9WRVJTSU9OPTMuNDEuNA==,RkxVVFRFUl9DSEFOTkVMPXN0YWJsZQ==,RkxVVFRFUl9HSVRfVVJMPWh0dHBzOi8vZ2l0aHViLmNvbS9mbHV0dGVyL2ZsdXR0ZXIuZ2l0,RkxVVFRFUl9GUkFNRVdPUktfUkVWSVNJT049ZmYzN2JlZjYwMw==,RkxVVFRFUl9FTkdJTkVfUkVWSVNJT049ZTRiOGRjYTNmMQ==,RkxVVFRFUl9EQVJUX1ZFUlNJT049My4xMS4x -dFlavor= -dAndroidArchs=android-arm android-arm64 android-x64 -dMinSdkVersion=24 debug_android_application
[ +408 ms] Successfully started process 'command 'E:\flutter\bin\flutter.bat''
[+55638 ms] [ +906 ms] Artifact Instance of 'MaterialFonts' is not required, skipping update.
[   +6 ms] [   +2 ms] Artifact Instance of 'GradleWrapper' is not required, skipping update.
[        ] [   +1 ms] Artifact Instance of 'AndroidGenSnapshotArtifacts' is not required, skipping update.
[        ] [        ] Artifact Instance of 'AndroidInternalBuildArtifacts' is not required, skipping update.
[        ] [        ] Artifact Instance of 'IOSEngineArtifacts' is not required, skipping update.
[        ] [        ] Artifact Instance of 'FlutterWebSdk' is not required, skipping update.
[        ] [   +2 ms] Artifact Instance of 'LegacyCanvasKitRemover' is not required, skipping update.
[        ] [        ] Artifact Instance of 'FlutterSdk' is not required, skipping update.
[        ] [        ] Artifact Instance of 'WindowsEngineArtifacts' is not required, skipping update.
[        ] [        ] Artifact Instance of 'MacOSEngineArtifacts' is not required, skipping update.
[        ] [        ] Artifact Instance of 'LinuxEngineArtifacts' is not required, skipping update.
[        ] [        ] Artifact Instance of 'LinuxFuchsiaSDKArtifacts' is not required, skipping update.
[        ] [        ] Artifact Instance of 'MacOSFuchsiaSDKArtifacts' is not required, skipping update.
[   +1 ms] [        ] Artifact Instance of 'FlutterRunnerSDKArtifacts' is not required, skipping update.
[        ] [        ] Artifact Instance of 'FlutterRunnerDebugSymbols' is not required, skipping update.
[        ] [        ] Artifact Instance of 'IosUsbArtifacts' is not required, skipping update.
[        ] [        ] Artifact Instance of 'IosUsbArtifacts' is not required, skipping update.
[        ] [        ] Artifact Instance of 'IosUsbArtifacts' is not required, skipping update.
[        ] [        ] Artifact Instance of 'IosUsbArtifacts' is not required, skipping update.
[        ] [        ] Artifact Instance of 'IosUsbArtifacts' is not required, skipping update.
[        ] [        ] Artifact Instance of 'IosUsbArtifacts' is not required, skipping update.
[        ] [        ] Artifact Instance of 'FontSubsetArtifacts' is not required, skipping update.
[        ] [        ] Artifact Instance of 'PubDependencies' is not required, skipping update.
[        ] [  +39 ms] Artifact Instance of 'AndroidGenSnapshotArtifacts' is not required, skipping update.
[        ] [        ] Artifact Instance of 'AndroidInternalBuildArtifacts' is not required, skipping update.
[        ] [        ] Artifact Instance of 'IOSEngineArtifacts' is not required, skipping update.
[        ] [        ] Artifact Instance of 'FlutterWebSdk' is not required, skipping update.
[        ] [        ] Artifact Instance of 'FlutterEngineStamp' is not required, skipping update.
[        ] [        ] Artifact Instance of 'LegacyCanvasKitRemover' is not required, skipping update.
[        ] [  +10 ms] Artifact Instance of 'WindowsEngineArtifacts' is not required, skipping update.
[        ] [        ] Artifact Instance of 'MacOSEngineArtifacts' is not required, skipping update.
[        ] [        ] Artifact Instance of 'LinuxEngineArtifacts' is not required, skipping update.
[        ] [        ] Artifact Instance of 'LinuxFuchsiaSDKArtifacts' is not required, skipping update.
[        ] [        ] Artifact Instance of 'MacOSFuchsiaSDKArtifacts' is not required, skipping update.
[        ] [        ] Artifact Instance of 'FlutterRunnerSDKArtifacts' is not required, skipping update.
[        ] [        ] Artifact Instance of 'FlutterRunnerDebugSymbols' is not required, skipping update.
[  +95 ms] [ +379 ms] Artifact Instance of 'MaterialFonts' is not required, skipping update.
[   +4 ms] [        ] Artifact Instance of 'GradleWrapper' is not required, skipping update.
[        ] [  +17 ms] Artifact Instance of 'AndroidInternalBuildArtifacts' is not required, skipping update.
[        ] [   +1 ms] Artifact Instance of 'IOSEngineArtifacts' is not required, skipping update.
[        ] [        ] Artifact Instance of 'FlutterWebSdk' is not required, skipping update.
[        ] [        ] Artifact Instance of 'FlutterEngineStamp' is not required, skipping update.
[        ] [        ] Artifact Instance of 'LegacyCanvasKitRemover' is not required, skipping update.
[        ] [        ] Artifact Instance of 'FlutterSdk' is not required, skipping update.
[        ] [        ] Artifact Instance of 'WindowsEngineArtifacts' is not required, skipping update.
[        ] [        ] Artifact Instance of 'MacOSEngineArtifacts' is not required, skipping update.
[        ] [        ] Artifact Instance of 'LinuxEngineArtifacts' is not required, skipping update.
[        ] [        ] Artifact Instance of 'LinuxFuchsiaSDKArtifacts' is not required, skipping update.
[        ] [        ] Artifact Instance of 'MacOSFuchsiaSDKArtifacts' is not required, skipping update.
[        ] [        ] Artifact Instance of 'FlutterRunnerSDKArtifacts' is not required, skipping update.
[        ] [        ] Artifact Instance of 'FlutterRunnerDebugSymbols' is not required, skipping update.
[        ] [        ] Artifact Instance of 'IosUsbArtifacts' is not required, skipping update.
[        ] [        ] Artifact Instance of 'IosUsbArtifacts' is not required, skipping update.
[        ] [        ] Artifact Instance of 'IosUsbArtifacts' is not required, skipping update.
[        ] [        ] Artifact Instance of 'IosUsbArtifacts' is not required, skipping update.
[        ] [        ] Artifact Instance of 'IosUsbArtifacts' is not required, skipping update.
[        ] [        ] Artifact Instance of 'IosUsbArtifacts' is not required, skipping update.
[        ] [        ] Artifact Instance of 'FontSubsetArtifacts' is not required, skipping update.
[        ] [        ] Artifact Instance of 'PubDependencies' is not required, skipping update.
[ +223 ms] [ +107 ms] Initializing file store
[   +4 ms] [ +115 ms] invalidated build due to missing files: E:\projects\karan\.dart_tool\package_config.json
[        ] [   +5 ms] dart_build: Starting due to {}
[        ] [   +5 ms] Skipping target: gen_localizations
[  +59 ms] [  +56 ms] gen_dart_plugin_registrant: Starting due to {InvalidatedReasonKind.inputMissing: The following inputs were missing: E:\projects\karan\.dart_tool\package_config.json}
[        ] [  +25 ms] Invalid argument (file): File cannot be read: "file:///E:/projects/karan/.dart_tool/package_config.json"
[   +3 ms] [   +1 ms] E:\projects\karan\.dart_tool\package_config.json does 
not exist.
[   +1 ms]            Did you run this command from the same directory as your 
pubspec.yaml file?
[ +102 ms] [   +5 ms] Invalid argument (file): File cannot be read: "file:///E:/projects/karan/.dart_tool/package_config.json"
[        ] [   +1 ms] Persisting file store
[        ] [  +13 ms] Done persisting file store
[   +1 ms] [        ] E:\projects\karan\.dart_tool\package_config.json does 
not exist.
[        ]            Did you run this command from the same directory as your 
pubspec.yaml file?
[        ] [  +14 ms] Target dart_build failed: Error: 
[        ]            #0      throwToolExit 
(package:flutter_tools/src/base/common.dart:34:3)
[        ]            #1      loadPackageConfigWithLogging 
(package:flutter_tools/src/dart/package_map.dart:94:5)
[        ]            <asynchronous suspension>
[        ]            #2      DartBuild.build 
(package:flutter_tools/src/build_system/targets/native_assets.dart:40:41)
[        ]            <asynchronous suspension>
[        ]            #3      _BuildInstance._invokeInternal 
(package:flutter_tools/src/build_system/build_system.dart:937:9)
[        ]            <asynchronous suspension>
[        ]            #4      Future.wait.<anonymous closure> 
(dart:async/future.dart:546:21)
[        ]            <asynchronous suspension>
[        ]            #5      _BuildInstance.invokeTarget 
(package:flutter_tools/src/build_system/build_system.dart:875:32)
[        ]            <asynchronous suspension>
[        ]            #6      Future.wait.<anonymous closure> 
(dart:async/future.dart:546:21)
[        ]            <asynchronous suspension>
[        ]            #7      _BuildInstance.invokeTarget 
(package:flutter_tools/src/build_system/build_system.dart:875:32)
[        ]            <asynchronous suspension>
[        ]            #8      FlutterBuildSystem.build 
(package:flutter_tools/src/build_system/build_system.dart:684:16)
[        ]            <asynchronous suspension>
[        ]            #9      AssembleCommand.runCommand 
(package:flutter_tools/src/commands/assemble.dart:365:32)
[        ]            <asynchronous suspension>
[        ]            #10     FlutterCommand.run.<anonymous closure> 
(package:flutter_tools/src/runner/flutter_command.dart:1590:27)
[        ]            <asynchronous suspension>
[        ]            #11     AppContext.run.<anonymous closure> 
(package:flutter_tools/src/base/context.dart:154:19)
[        ]            <asynchronous suspension>
[        ]            #12     CommandRunner.runCommand 
(package:args/command_runner.dart:212:13)
[        ]            <asynchronous suspension>
[        ]            #13     FlutterCommandRunner.runCommand.<anonymous 
closure> (package:flutter_tools/src/runner/flutter_command_runner.dart:496:9)
[        ]            <asynchronous suspension>
[        ]            #14     AppContext.run.<anonymous closure> 
(package:flutter_tools/src/base/context.dart:154:19)
[        ]            <asynchronous suspension>
[        ]            #15     FlutterCommandRunner.runCommand 
(package:flutter_tools/src/runner/flutter_command_runner.dart:431:5)
[        ]            <asynchronous suspension>
[        ]            #16     FlutterCommandRunner.run.<anonymous closure> 
(package:flutter_tools/src/runner/flutter_command_runner.dart:307:33)
[        ]            <asynchronous suspension>
[        ]            #17     run.<anonymous closure>.<anonymous closure> 
(package:flutter_tools/runner.dart:104:11)
[        ]            <asynchronous suspension>
[        ]            #18     AppContext.run.<anonymous closure> 
(package:flutter_tools/src/base/context.dart:154:19)
[        ]            <asynchronous suspension>
[        ]            #19     main 
(package:flutter_tools/executable.dart:103:3)
[        ]            <asynchronous suspension>
[        ] [   +1 ms] Target gen_dart_plugin_registrant failed: Error: 
[        ]            #0      throwToolExit 
(package:flutter_tools/src/base/common.dart:34:3)
[        ]            #1      loadPackageConfigWithLogging 
(package:flutter_tools/src/dart/package_map.dart:94:5)
[   +1 ms]            <asynchronous suspension>
[   +2 ms]            #2      DartPluginRegistrantTarget.build (package:flutter
_tools/src/build_system/targets/dart_plugin_registrant.dart:34:41)
[        ] [   +3 ms] "flutter assemble" took 808ms.
[        ]            <asynchronous suspension>
[        ]            #3      _BuildInstance._invokeInternal 
(package:flutter_tools/src/build_system/build_system.dart:937:9)
[        ]            <asynchronous suspension>
[        ]            #4      Future.wait.<anonymous closure> 
(dart:async/future.dart:546:21)
[        ]            <asynchronous suspension>
[        ]            #5      _BuildInstance.invokeTarget 
(package:flutter_tools/src/build_system/build_system.dart:875:32)
[        ]            <asynchronous suspension>
[        ]            #6      Future.wait.<anonymous closure> 
(dart:async/future.dart:546:21)
[        ]            <asynchronous suspension>
[        ]            #7      _BuildInstance.invokeTarget 
(package:flutter_tools/src/build_system/build_system.dart:875:32)
[        ]            <asynchronous suspension>
[        ]            #8      FlutterBuildSystem.build 
(package:flutter_tools/src/build_system/build_system.dart:684:16)
[        ]            <asynchronous suspension>
[        ]            #9      AssembleCommand.runCommand 
(package:flutter_tools/src/commands/assemble.dart:365:32)
[        ]            <asynchronous suspension>
[        ]            #10     FlutterCommand.run.<anonymous closure> 
(package:flutter_tools/src/runner/flutter_command.dart:1590:27)
[        ]            <asynchronous suspension>
[        ]            #11     AppContext.run.<anonymous closure> 
(package:flutter_tools/src/base/context.dart:154:19)
[        ]            <asynchronous suspension>
[        ]            #12     CommandRunner.runCommand 
(package:args/command_runner.dart:212:13)
[        ]            <asynchronous suspension>
[        ]            #13     FlutterCommandRunner.runCommand.<anonymous 
closure> (package:flutter_tools/src/runner/flutter_command_runner.dart:496:9)
[        ]            <asynchronous suspension>
[        ]            #14     AppContext.run.<anonymous closure> 
(package:flutter_tools/src/base/context.dart:154:19)
[        ]            <asynchronous suspension>
[        ]            #15     FlutterCommandRunner.runCommand 
(package:flutter_tools/src/runner/flutter_command_runner.dart:431:5)
[        ]            <asynchronous suspension>
[        ]            #16     FlutterCommandRunner.run.<anonymous closure> 
(package:flutter_tools/src/runner/flutter_command_runner.dart:307:33)
[        ]            <asynchronous suspension>
[        ]            #17     run.<anonymous closure>.<anonymous closure> 
(package:flutter_tools/runner.dart:104:11)
[        ]            <asynchronous suspension>
[        ]            #18     AppContext.run.<anonymous closure> 
(package:flutter_tools/src/base/context.dart:154:19)
[  +46 ms]            <asynchronous suspension>
[        ]            #19     main 
(package:flutter_tools/executable.dart:103:3)
[        ]            <asynchronous suspension>
[ +317 ms] [ +436 ms] 
[   +1 ms]            #0      throwToolExit 
(package:flutter_tools/src/base/common.dart:34:3)
[   +1 ms]            #1      AssembleCommand.runCommand 
(package:flutter_tools/src/commands/assemble.dart:383:7)
[        ]            <asynchronous suspension>
[        ]            #2      FlutterCommand.run.<anonymous closure> 
(package:flutter_tools/src/runner/flutter_command.dart:1590:27)
[        ]            <asynchronous suspension>
[        ]            #3      AppContext.run.<anonymous closure> 
(package:flutter_tools/src/base/context.dart:154:19)
[        ]            <asynchronous suspension>
[        ]            #4      CommandRunner.runCommand 
(package:args/command_runner.dart:212:13)
[        ]            <asynchronous suspension>
[        ]            #5      FlutterCommandRunner.runCommand.<anonymous 
closure> (package:flutter_tools/src/runner/flutter_command_runner.dart:496:9)
[        ]            <asynchronous suspension>
[        ]            #6      AppContext.run.<anonymous closure> 
(package:flutter_tools/src/base/context.dart:154:19)
[        ]            <asynchronous suspension>
[        ]            #7      FlutterCommandRunner.runCommand 
(package:flutter_tools/src/runner/flutter_command_runner.dart:431:5)
[        ]            <asynchronous suspension>
[        ]            #8      FlutterCommandRunner.run.<anonymous closure> 
(package:flutter_tools/src/runner/flutter_command_runner.dart:307:33)
[        ]            <asynchronous suspension>
[        ]            #9      run.<anonymous closure>.<anonymous closure> 
(package:flutter_tools/runner.dart:104:11)
[        ]            <asynchronous suspension>
[        ]            #10     AppContext.run.<anonymous closure> 
(package:flutter_tools/src/base/context.dart:154:19)
[        ]            <asynchronous suspension>
[        ]            #11     main 
(package:flutter_tools/executable.dart:103:3)
[        ]            <asynchronous suspension>
[        ] [        ] Running 1 shutdown hook
[        ] [   +1 ms] Shutdown hooks complete
[ +363 ms] [ +263 ms] exiting with code 1
[ +340 ms] > Task :app:compileFlutterBuildDebug FAILED
[ +886 ms] Build 30aa338e-ec86-4767-b0ba-49ff180ec020 is closed
[+1213 ms] [Incubating] Problems report is available at: file:///E:/projects/karan/build/reports/problems/problems-report.html
[  +98 ms] FAILURE: Build failed with an exception.
[   +5 ms] * What went wrong:
[        ] Execution failed for task ':app:compileFlutterBuildDebug'.
[   +1 ms] > Process 'command 'E:\flutter\bin\flutter.bat'' finished with 
non-zero exit value 1
[        ] * Try:
[        ] > Run with --debug option to get more log output.
[  +17 ms] > Run with --scan to get full insights.
[        ] > Get more help at https://help.gradle.org.
[        ] * Exception is:
[        ] org.gradle.api.tasks.TaskExecutionException: Execution failed for 
task ':app:compileFlutterBuildDebug'.
[   +2 ms] 	at org.gradle.api.internal.tasks.execution.ExecuteActionsTaskExecut
er.lambda$executeIfValid$1(ExecuteActionsTaskExecuter.java:130)
[        ] 	at org.gradle.internal.Try$Failure.ifSuccessfulOrElse(Try.java:293)
[        ] 	at org.gradle.api.internal.tasks.execution.ExecuteActionsTaskExecut
er.executeIfValid(ExecuteActionsTaskExecuter.java:128)
[        ] 	at org.gradle.api.internal.tasks.execution.ExecuteActionsTaskExecut
er.execute(ExecuteActionsTaskExecuter.java:116)
[        ] 	at org.gradle.api.internal.tasks.execution.ProblemsTaskPathTracking
TaskExecuter.execute(ProblemsTaskPathTrackingTaskExecuter.java:41)
[        ] 	at org.gradle.api.internal.tasks.execution.FinalizePropertiesTaskEx
ecuter.execute(FinalizePropertiesTaskExecuter.java:46)
[        ] 	at org.gradle.api.internal.tasks.execution.ResolveTaskExecutionMode
Executer.execute(ResolveTaskExecutionModeExecuter.java:51)
[        ] 	at org.gradle.api.internal.tasks.execution.SkipTaskWithNoActionsExe
cuter.execute(SkipTaskWithNoActionsExecuter.java:57)
[        ] 	at org.gradle.api.internal.tasks.execution.SkipOnlyIfTaskExecuter.e
xecute(SkipOnlyIfTaskExecuter.java:74)
[        ] 	at org.gradle.api.internal.tasks.execution.CatchExceptionTaskExecut
er.execute(CatchExceptionTaskExecuter.java:36)
[   +3 ms] 	at org.gradle.api.internal.tasks.execution.EventFiringTaskExecuter$
1.executeTask(EventFiringTaskExecuter.java:77)
[        ] 	at org.gradle.api.internal.tasks.execution.EventFiringTaskExecuter$
1.call(EventFiringTaskExecuter.java:55)
[        ] 	at org.gradle.api.internal.tasks.execution.EventFiringTaskExecuter$
1.call(EventFiringTaskExecuter.java:52)
[        ] 	at org.gradle.internal.operations.DefaultBuildOperationRunner$Calla
bleBuildOperationWorker.execute(DefaultBuildOperationRunner.java:210)
[        ] 	at org.gradle.internal.operations.DefaultBuildOperationRunner$Calla
bleBuildOperationWorker.execute(DefaultBuildOperationRunner.java:205)
[        ] 	at org.gradle.internal.operations.DefaultBuildOperationRunner$2.exe
cute(DefaultBuildOperationRunner.java:67)
[        ] 	at org.gradle.internal.operations.DefaultBuildOperationRunner$2.exe
cute(DefaultBuildOperationRunner.java:60)
[   +5 ms] 	at org.gradle.internal.operations.DefaultBuildOperationRunner.execu
te(DefaultBuildOperationRunner.java:167)
[   +1 ms] 	at org.gradle.internal.operations.DefaultBuildOperationRunner.execu
te(DefaultBuildOperationRunner.java:60)
[        ] 	at org.gradle.internal.operations.DefaultBuildOperationRunner.call(
DefaultBuildOperationRunner.java:54)
[        ] 	at org.gradle.api.internal.tasks.execution.EventFiringTaskExecuter.
execute(EventFiringTaskExecuter.java:52)
[        ] 	at org.gradle.execution.plan.LocalTaskNodeExecutor.execute(LocalTas
kNodeExecutor.java:42)
[        ] 	at org.gradle.execution.taskgraph.DefaultTaskExecutionGraph$InvokeN
odeExecutorsAction.execute(DefaultTaskExecutionGraph.java:331)
[        ] 	at org.gradle.execution.taskgraph.DefaultTaskExecutionGraph$InvokeN
odeExecutorsAction.execute(DefaultTaskExecutionGraph.java:318)
[        ] 	at org.gradle.execution.taskgraph.DefaultTaskExecutionGraph$BuildOp
erationAwareExecutionAction.lambda$execute$0(DefaultTaskExecutionGraph.java:314
)
[        ] 	at org.gradle.internal.operations.CurrentBuildOperationRef.with(Cur
rentBuildOperationRef.java:85)
[        ] 	at org.gradle.execution.taskgraph.DefaultTaskExecutionGraph$BuildOp
erationAwareExecutionAction.execute(DefaultTaskExecutionGraph.java:314)
[        ] 	at org.gradle.execution.taskgraph.DefaultTaskExecutionGraph$BuildOp
erationAwareExecutionAction.execute(DefaultTaskExecutionGraph.java:303)
[        ] 	at org.gradle.execution.plan.DefaultPlanExecutor$ExecutorWorker.exe
cute(DefaultPlanExecutor.java:459)
[        ] 	at org.gradle.execution.plan.DefaultPlanExecutor$ExecutorWorker.run
(DefaultPlanExecutor.java:376)
[   +2 ms] 	at org.gradle.execution.plan.DefaultPlanExecutor.process(DefaultPla
nExecutor.java:111)
[        ] 	at org.gradle.execution.taskgraph.DefaultTaskExecutionGraph.execute
WithServices(DefaultTaskExecutionGraph.java:138)
[   +1 ms] 	at org.gradle.execution.taskgraph.DefaultTaskExecutionGraph.execute
(DefaultTaskExecutionGraph.java:123)
[        ] 	at org.gradle.execution.SelectedTaskExecutionAction.execute(Selecte
dTaskExecutionAction.java:35)
[        ] 	at org.gradle.execution.DryRunBuildExecutionAction.execute(DryRunBu
ildExecutionAction.java:51)
[        ] 	at org.gradle.execution.BuildOperationFiringBuildWorkerExecutor$Exe
cuteTasks.call(BuildOperationFiringBuildWorkerExecutor.java:54)
[   +1 ms] 	at org.gradle.execution.BuildOperationFiringBuildWorkerExecutor$Exe
cuteTasks.call(BuildOperationFiringBuildWorkerExecutor.java:43)
[        ] 	at org.gradle.internal.operations.DefaultBuildOperationRunner$Calla
bleBuildOperationWorker.execute(DefaultBuildOperationRunner.java:210)
[        ] 	at org.gradle.internal.operations.DefaultBuildOperationRunner$Calla
bleBuildOperationWorker.execute(DefaultBuildOperationRunner.java:205)
[        ] 	at org.gradle.internal.operations.DefaultBuildOperationRunner$2.exe
cute(DefaultBuildOperationRunner.java:67)
[   +1 ms] 	at org.gradle.internal.operations.DefaultBuildOperationRunner$2.exe
cute(DefaultBuildOperationRunner.java:60)
[   +2 ms] 	at org.gradle.internal.operations.DefaultBuildOperationRunner.execu
te(DefaultBuildOperationRunner.java:167)
[        ] 	at org.gradle.internal.operations.DefaultBuildOperationRunner.execu
te(DefaultBuildOperationRunner.java:60)
[        ] 	at org.gradle.internal.operations.DefaultBuildOperationRunner.call(
DefaultBuildOperationRunner.java:54)
[        ] 	at org.gradle.execution.BuildOperationFiringBuildWorkerExecutor.exe
cute(BuildOperationFiringBuildWorkerExecutor.java:40)
[   +1 ms] 	at org.gradle.internal.build.DefaultBuildLifecycleController.lambda
$executeTasks$10(DefaultBuildLifecycleController.java:313)
[        ] 	at org.gradle.internal.model.StateTransitionController.doTransition
(StateTransitionController.java:266)
[   +5 ms] 	at org.gradle.internal.model.StateTransitionController.lambda$tryTr
ansition$8(StateTransitionController.java:177)
[   +3 ms] 	at org.gradle.internal.work.DefaultSynchronizer.withLock(DefaultSyn
chronizer.java:46)
[        ] 	at org.gradle.internal.model.StateTransitionController.tryTransitio
n(StateTransitionController.java:177)
[   +1 ms] 	at org.gradle.internal.build.DefaultBuildLifecycleController.execut
eTasks(DefaultBuildLifecycleController.java:304)
[        ] 	at org.gradle.internal.build.DefaultBuildWorkGraphController$Defaul
tBuildWorkGraph.runWork(DefaultBuildWorkGraphController.java:220)
[        ] 	at org.gradle.internal.work.DefaultWorkerLeaseService.withLocks(Def
aultWorkerLeaseService.java:263)
[        ] 	at org.gradle.internal.work.DefaultWorkerLeaseService.runAsWorkerTh
read(DefaultWorkerLeaseService.java:127)
[        ] 	at org.gradle.composite.internal.DefaultBuildController.doRun(Defau
ltBuildController.java:181)
[        ] 	at org.gradle.composite.internal.DefaultBuildController.access$000(
DefaultBuildController.java:50)
[        ] 	at org.gradle.composite.internal.DefaultBuildController$BuildOpRunn
able.lambda$run$0(DefaultBuildController.java:198)
[        ] 	at org.gradle.internal.operations.CurrentBuildOperationRef.with(Cur
rentBuildOperationRef.java:85)
[        ] 	at org.gradle.composite.internal.DefaultBuildController$BuildOpRunn
able.run(DefaultBuildController.java:198)
[        ] 	at 
java.base/java.util.concurrent.Executors$RunnableAdapter.call(Unknown Source)
[        ] 	at java.base/java.util.concurrent.FutureTask.run(Unknown Source)
[   +3 ms] 	at org.gradle.internal.concurrent.ExecutorPolicy$CatchAndRecordFail
ures.onExecute(ExecutorPolicy.java:64)
[        ] 	at org.gradle.internal.concurrent.AbstractManagedExecutor$1.run(Abs
tractManagedExecutor.java:48)
[        ] 	at 
java.base/java.util.concurrent.ThreadPoolExecutor.runWorker(Unknown Source)
[        ] 	at 
java.base/java.util.concurrent.ThreadPoolExecutor$Worker.run(Unknown Source)
[        ] 	at java.base/java.lang.Thread.run(Unknown Source)
[        ] Caused by: org.gradle.process.internal.ExecException: Process 
'command 'E:\flutter\bin\flutter.bat'' finished with non-zero exit value 1
[        ] 	at org.gradle.process.internal.DefaultExecHandle$ExecResultImpl.ass
ertNormalExitValue(DefaultExecHandle.java:442)
[        ] 	at org.gradle.process.internal.DefaultExecAction.execute(DefaultExe
cAction.java:49)
[        ] 	at org.gradle.process.internal.DefaultExecActionFactory.exec(Defaul
tExecActionFactory.java:216)
[        ] 	at org.gradle.process.internal.DefaultExecOperations.exec(DefaultEx
ecOperations.java:37)
[        ] 	at com.flutter.gradle.tasks.BaseFlutterTaskHelper.buildBundle(BaseF
lutterTaskHelper.kt:159)
[        ] 	at 
com.flutter.gradle.tasks.BaseFlutterTask.buildBundle(BaseFlutterTask.kt:143)
[        ] 	at com.flutter.gradle.tasks.FlutterTaskHelper.build$gradle(FlutterT
askHelper.kt:90)
[        ] 	at com.flutter.gradle.tasks.FlutterTask.build(FlutterTask.kt:51)
[        ] 	at 
java.base/jdk.internal.reflect.DirectMethodHandleAccessor.invoke(Unknown 
Source)
[        ] 	at java.base/java.lang.reflect.Method.invoke(Unknown Source)
[        ] 	at 
org.gradle.internal.reflect.JavaMethod.invoke(JavaMethod.java:125)
[        ] 	at org.gradle.api.internal.project.taskfactory.StandardTaskAction.d
oExecute(StandardTaskAction.java:58)
[        ] 	at org.gradle.api.internal.project.taskfactory.StandardTaskAction.e
xecute(StandardTaskAction.java:51)
[        ] 	at org.gradle.api.internal.project.taskfactory.StandardTaskAction.e
xecute(StandardTaskAction.java:29)
[        ] 	at org.gradle.api.internal.tasks.execution.TaskExecution$3.run(Task
Execution.java:244)
[        ] 	at org.gradle.internal.operations.DefaultBuildOperationRunner$1.exe
cute(DefaultBuildOperationRunner.java:30)
[        ] 	at org.gradle.internal.operations.DefaultBuildOperationRunner$1.exe
cute(DefaultBuildOperationRunner.java:27)
[        ] 	at org.gradle.internal.operations.DefaultBuildOperationRunner$2.exe
cute(DefaultBuildOperationRunner.java:67)
[        ] 	at org.gradle.internal.operations.DefaultBuildOperationRunner$2.exe
cute(DefaultBuildOperationRunner.java:60)
[        ] 	at org.gradle.internal.operations.DefaultBuildOperationRunner.execu
te(DefaultBuildOperationRunner.java:167)
[        ] 	at org.gradle.internal.operations.DefaultBuildOperationRunner.execu
te(DefaultBuildOperationRunner.java:60)
[        ] 	at org.gradle.internal.operations.DefaultBuildOperationRunner.run(D
efaultBuildOperationRunner.java:48)
[   +1 ms] 	at org.gradle.api.internal.tasks.execution.TaskExecution.executeAct
ion(TaskExecution.java:229)
[        ] 	at org.gradle.api.internal.tasks.execution.TaskExecution.executeAct
ions(TaskExecution.java:212)
[        ] 	at org.gradle.api.internal.tasks.execution.TaskExecution.executeWit
hPreviousOutputFiles(TaskExecution.java:195)
[        ] 	at org.gradle.api.internal.tasks.execution.TaskExecution.execute(Ta
skExecution.java:162)
[        ] 	at org.gradle.internal.execution.steps.ExecuteStep.executeInternal(
ExecuteStep.java:105)
[        ] 	at 
org.gradle.internal.execution.steps.ExecuteStep.access$000(ExecuteStep.java:44)
[        ] 	at 
org.gradle.internal.execution.steps.ExecuteStep$1.call(ExecuteStep.java:59)
[        ] 	at 
org.gradle.internal.execution.steps.ExecuteStep$1.call(ExecuteStep.java:56)
[        ] 	at org.gradle.internal.operations.DefaultBuildOperationRunner$Calla
bleBuildOperationWorker.execute(DefaultBuildOperationRunner.java:210)
[        ] 	at org.gradle.internal.operations.DefaultBuildOperationRunner$Calla
bleBuildOperationWorker.execute(DefaultBuildOperationRunner.java:205)
[        ] 	at org.gradle.internal.operations.DefaultBuildOperationRunner$2.exe
cute(DefaultBuildOperationRunner.java:67)
[        ] 	at org.gradle.internal.operations.DefaultBuildOperationRunner$2.exe
cute(DefaultBuildOperationRunner.java:60)
[        ] 	at org.gradle.internal.operations.DefaultBuildOperationRunner.execu
te(DefaultBuildOperationRunner.java:167)
[        ] 	at org.gradle.internal.operations.DefaultBuildOperationRunner.execu
te(DefaultBuildOperationRunner.java:60)
[        ] 	at org.gradle.internal.operations.DefaultBuildOperationRunner.call(
DefaultBuildOperationRunner.java:54)
[        ] 	at 
org.gradle.internal.execution.steps.ExecuteStep.execute(ExecuteStep.java:56)
[        ] 	at 
org.gradle.internal.execution.steps.ExecuteStep.execute(ExecuteStep.java:44)
[        ] 	at org.gradle.internal.execution.steps.CancelExecutionStep.execute(
CancelExecutionStep.java:42)
[        ] 	at org.gradle.internal.execution.steps.TimeoutStep.executeWithoutTi
meout(TimeoutStep.java:75)
[        ] 	at 
org.gradle.internal.execution.steps.TimeoutStep.execute(TimeoutStep.java:55)
[        ] 	at org.gradle.internal.execution.steps.PreCreateOutputParentsStep.e
xecute(PreCreateOutputParentsStep.java:50)
[        ] 	at org.gradle.internal.execution.steps.PreCreateOutputParentsStep.e
xecute(PreCreateOutputParentsStep.java:28)
[        ] 	at org.gradle.internal.execution.steps.RemovePreviousOutputsStep.ex
ecute(RemovePreviousOutputsStep.java:67)
[        ] 	at org.gradle.internal.execution.steps.RemovePreviousOutputsStep.ex
ecute(RemovePreviousOutputsStep.java:37)
[        ] 	at org.gradle.internal.execution.steps.BroadcastChangingOutputsStep
.execute(BroadcastChangingOutputsStep.java:61)
[        ] 	at org.gradle.internal.execution.steps.BroadcastChangingOutputsStep
.execute(BroadcastChangingOutputsStep.java:26)
[        ] 	at org.gradle.internal.execution.steps.CaptureOutputsAfterExecution
Step.execute(CaptureOutputsAfterExecutionStep.java:69)
[        ] 	at org.gradle.internal.execution.steps.CaptureOutputsAfterExecution
Step.execute(CaptureOutputsAfterExecutionStep.java:46)
[        ] 	at org.gradle.internal.execution.steps.ResolveInputChangesStep.exec
ute(ResolveInputChangesStep.java:40)
[        ] 	at org.gradle.internal.execution.steps.ResolveInputChangesStep.exec
ute(ResolveInputChangesStep.java:29)
[        ] 	at org.gradle.internal.execution.steps.BuildCacheStep.executeWithou
tCache(BuildCacheStep.java:189)
[        ] 	at org.gradle.internal.execution.steps.BuildCacheStep.lambda$execut
e$1(BuildCacheStep.java:75)
[        ] 	at org.gradle.internal.Either$Right.fold(Either.java:175)
[        ] 	at 
org.gradle.internal.execution.caching.CachingState.fold(CachingState.java:62)
[        ] 	at org.gradle.internal.execution.steps.BuildCacheStep.execute(Build
CacheStep.java:73)
[        ] 	at org.gradle.internal.execution.steps.BuildCacheStep.execute(Build
CacheStep.java:48)
[        ] 	at org.gradle.internal.execution.steps.StoreExecutionStateStep.exec
ute(StoreExecutionStateStep.java:46)
[        ] 	at org.gradle.internal.execution.steps.StoreExecutionStateStep.exec
ute(StoreExecutionStateStep.java:35)
[        ] 	at org.gradle.internal.execution.steps.SkipUpToDateStep.executeBeca
use(SkipUpToDateStep.java:75)
[   +1 ms] 	at org.gradle.internal.execution.steps.SkipUpToDateStep.lambda$exec
ute$2(SkipUpToDateStep.java:53)
[        ] 	at java.base/java.util.Optional.orElseGet(Unknown Source)
[        ] 	at org.gradle.internal.execution.steps.SkipUpToDateStep.execute(Ski
pUpToDateStep.java:53)
[        ] 	at org.gradle.internal.execution.steps.SkipUpToDateStep.execute(Ski
pUpToDateStep.java:35)
[        ] 	at org.gradle.internal.execution.steps.legacy.MarkSnapshottingInput
sFinishedStep.execute(MarkSnapshottingInputsFinishedStep.java:37)
[        ] 	at org.gradle.internal.execution.steps.legacy.MarkSnapshottingInput
sFinishedStep.execute(MarkSnapshottingInputsFinishedStep.java:27)
[        ] 	at org.gradle.internal.execution.steps.ResolveIncrementalCachingSta
teStep.executeDelegate(ResolveIncrementalCachingStateStep.java:49)
[        ] 	at org.gradle.internal.execution.steps.ResolveIncrementalCachingSta
teStep.executeDelegate(ResolveIncrementalCachingStateStep.java:27)
[        ] 	at org.gradle.internal.execution.steps.AbstractResolveCachingStateS
tep.execute(AbstractResolveCachingStateStep.java:71)
[   +7 ms] 	at org.gradle.internal.execution.steps.AbstractResolveCachingStateS
tep.execute(AbstractResolveCachingStateStep.java:39)
[        ] 	at org.gradle.internal.execution.steps.ResolveChangesStep.execute(R
esolveChangesStep.java:65)
[        ] 	at org.gradle.internal.execution.steps.ResolveChangesStep.execute(R
esolveChangesStep.java:36)
[        ] 	at 
org.gradle.internal.execution.steps.ValidateStep.execute(ValidateStep.java:107)
[        ] 	at 
org.gradle.internal.execution.steps.ValidateStep.execute(ValidateStep.java:56)
[   +2 ms] 	at org.gradle.internal.execution.steps.AbstractCaptureStateBeforeEx
ecutionStep.execute(AbstractCaptureStateBeforeExecutionStep.java:64)
[   +2 ms] 	at org.gradle.internal.execution.steps.AbstractCaptureStateBeforeEx
ecutionStep.execute(AbstractCaptureStateBeforeExecutionStep.java:43)
[        ] 	at org.gradle.internal.execution.steps.AbstractSkipEmptyWorkStep.ex
ecuteWithNonEmptySources(AbstractSkipEmptyWorkStep.java:125)
[        ] 	at org.gradle.internal.execution.steps.AbstractSkipEmptyWorkStep.ex
ecute(AbstractSkipEmptyWorkStep.java:56)
[        ] 	at org.gradle.internal.execution.steps.AbstractSkipEmptyWorkStep.ex
ecute(AbstractSkipEmptyWorkStep.java:36)
[        ] 	at org.gradle.internal.execution.steps.legacy.MarkSnapshottingInput
sStartedStep.execute(MarkSnapshottingInputsStartedStep.java:38)
[        ] 	at org.gradle.internal.execution.steps.LoadPreviousExecutionStateSt
ep.execute(LoadPreviousExecutionStateStep.java:36)
[   +1 ms] 	at org.gradle.internal.execution.steps.LoadPreviousExecutionStateSt
ep.execute(LoadPreviousExecutionStateStep.java:23)
[        ] 	at org.gradle.internal.execution.steps.HandleStaleOutputsStep.execu
te(HandleStaleOutputsStep.java:75)
[        ] 	at org.gradle.internal.execution.steps.HandleStaleOutputsStep.execu
te(HandleStaleOutputsStep.java:41)
[        ] 	at org.gradle.internal.execution.steps.AssignMutableWorkspaceStep.l
ambda$execute$0(AssignMutableWorkspaceStep.java:35)
[        ] 	at org.gradle.api.internal.tasks.execution.TaskExecution$4.withWork
space(TaskExecution.java:289)
[        ] 	at org.gradle.internal.execution.steps.AssignMutableWorkspaceStep.e
xecute(AssignMutableWorkspaceStep.java:31)
[        ] 	at org.gradle.internal.execution.steps.AssignMutableWorkspaceStep.e
xecute(AssignMutableWorkspaceStep.java:22)
[        ] 	at org.gradle.internal.execution.steps.ChoosePipelineStep.execute(C
hoosePipelineStep.java:40)
[        ] 	at org.gradle.internal.execution.steps.ChoosePipelineStep.execute(C
hoosePipelineStep.java:23)
[        ] 	at org.gradle.internal.execution.steps.ExecuteWorkBuildOperationFir
ingStep.lambda$execute$2(ExecuteWorkBuildOperationFiringStep.java:67)
[        ] 	at java.base/java.util.Optional.orElseGet(Unknown Source)
[        ] 	at org.gradle.internal.execution.steps.ExecuteWorkBuildOperationFir
ingStep.execute(ExecuteWorkBuildOperationFiringStep.java:67)
[        ] 	at org.gradle.internal.execution.steps.ExecuteWorkBuildOperationFir
ingStep.execute(ExecuteWorkBuildOperationFiringStep.java:39)
[   +1 ms] 	at org.gradle.internal.execution.steps.IdentityCacheStep.execute(Id
entityCacheStep.java:46)
[        ] 	at org.gradle.internal.execution.steps.IdentityCacheStep.execute(Id
entityCacheStep.java:34)
[        ] 	at 
org.gradle.internal.execution.steps.IdentifyStep.execute(IdentifyStep.java:48)
[        ] 	at 
org.gradle.internal.execution.steps.IdentifyStep.execute(IdentifyStep.java:35)
[        ] 	at org.gradle.internal.execution.impl.DefaultExecutionEngine$1.exec
ute(DefaultExecutionEngine.java:64)
[        ] 	at org.gradle.api.internal.tasks.execution.ExecuteActionsTaskExecut
er.executeIfValid(ExecuteActionsTaskExecuter.java:127)
[        ] 	at org.gradle.api.internal.tasks.execution.ExecuteActionsTaskExecut
er.execute(ExecuteActionsTaskExecuter.java:116)
[        ] 	at org.gradle.api.internal.tasks.execution.ProblemsTaskPathTracking
TaskExecuter.execute(ProblemsTaskPathTrackingTaskExecuter.java:41)
[        ] 	at org.gradle.api.internal.tasks.execution.FinalizePropertiesTaskEx
ecuter.execute(FinalizePropertiesTaskExecuter.java:46)
[        ] 	at org.gradle.api.internal.tasks.execution.ResolveTaskExecutionMode
Executer.execute(ResolveTaskExecutionModeExecuter.java:51)
[        ] 	at org.gradle.api.internal.tasks.execution.SkipTaskWithNoActionsExe
cuter.execute(SkipTaskWithNoActionsExecuter.java:57)
[        ] 	at org.gradle.api.internal.tasks.execution.SkipOnlyIfTaskExecuter.e
xecute(SkipOnlyIfTaskExecuter.java:74)
[        ] 	at org.gradle.api.internal.tasks.execution.CatchExceptionTaskExecut
er.execute(CatchExceptionTaskExecuter.java:36)
[        ] 	at org.gradle.api.internal.tasks.execution.EventFiringTaskExecuter$
1.executeTask(EventFiringTaskExecuter.java:77)
[        ] 	at org.gradle.api.internal.tasks.execution.EventFiringTaskExecuter$
1.call(EventFiringTaskExecuter.java:55)
[        ] 	at org.gradle.api.internal.tasks.execution.EventFiringTaskExecuter$
1.call(EventFiringTaskExecuter.java:52)
[        ] 	at org.gradle.internal.operations.DefaultBuildOperationRunner$Calla
bleBuildOperationWorker.execute(DefaultBuildOperationRunner.java:210)
[        ] 	at org.gradle.internal.operations.DefaultBuildOperationRunner$Calla
bleBuildOperationWorker.execute(DefaultBuildOperationRunner.java:205)
[        ] 	at org.gradle.internal.operations.DefaultBuildOperationRunner$2.exe
cute(DefaultBuildOperationRunner.java:67)
[        ] 	at org.gradle.internal.operations.DefaultBuildOperationRunner$2.exe
cute(DefaultBuildOperationRunner.java:60)
[        ] 	at org.gradle.internal.operations.DefaultBuildOperationRunner.execu
te(DefaultBuildOperationRunner.java:167)
[        ] 	at org.gradle.internal.operations.DefaultBuildOperationRunner.execu
te(DefaultBuildOperationRunner.java:60)
[        ] 	at org.gradle.internal.operations.DefaultBuildOperationRunner.call(
DefaultBuildOperationRunner.java:54)
[        ] 	at org.gradle.api.internal.tasks.execution.EventFiringTaskExecuter.
execute(EventFiringTaskExecuter.java:52)
[        ] 	at org.gradle.execution.plan.LocalTaskNodeExecutor.execute(LocalTas
kNodeExecutor.java:42)
[        ] 	at org.gradle.execution.taskgraph.DefaultTaskExecutionGraph$InvokeN
odeExecutorsAction.execute(DefaultTaskExecutionGraph.java:331)
[        ] 	at org.gradle.execution.taskgraph.DefaultTaskExecutionGraph$InvokeN
odeExecutorsAction.execute(DefaultTaskExecutionGraph.java:318)
[        ] 	at org.gradle.execution.taskgraph.DefaultTaskExecutionGraph$BuildOp
erationAwareExecutionAction.lambda$execute$0(DefaultTaskExecutionGraph.java:314
)
[        ] 	at org.gradle.internal.operations.CurrentBuildOperationRef.with(Cur
rentBuildOperationRef.java:85)
[        ] 	at org.gradle.execution.taskgraph.DefaultTaskExecutionGraph$BuildOp
erationAwareExecutionAction.execute(DefaultTaskExecutionGraph.java:314)
[        ] 	at org.gradle.execution.taskgraph.DefaultTaskExecutionGraph$BuildOp
erationAwareExecutionAction.execute(DefaultTaskExecutionGraph.java:303)
[        ] 	at org.gradle.execution.plan.DefaultPlanExecutor$ExecutorWorker.exe
cute(DefaultPlanExecutor.java:459)
[        ] 	at org.gradle.execution.plan.DefaultPlanExecutor$ExecutorWorker.run
(DefaultPlanExecutor.java:376)
[        ] 	at org.gradle.execution.plan.DefaultPlanExecutor.process(DefaultPla
nExecutor.java:111)
[        ] 	at org.gradle.execution.taskgraph.DefaultTaskExecutionGraph.execute
WithServices(DefaultTaskExecutionGraph.java:138)
[   +5 ms] 	at org.gradle.execution.taskgraph.DefaultTaskExecutionGraph.execute
(DefaultTaskExecutionGraph.java:123)
[        ] 	at org.gradle.execution.SelectedTaskExecutionAction.execute(Selecte
dTaskExecutionAction.java:35)
[        ] 	at org.gradle.execution.DryRunBuildExecutionAction.execute(DryRunBu
ildExecutionAction.java:51)
[   +3 ms] 	at org.gradle.execution.BuildOperationFiringBuildWorkerExecutor$Exe
cuteTasks.call(BuildOperationFiringBuildWorkerExecutor.java:54)
[        ] 	at org.gradle.execution.BuildOperationFiringBuildWorkerExecutor$Exe
cuteTasks.call(BuildOperationFiringBuildWorkerExecutor.java:43)
[        ] 	at org.gradle.internal.operations.DefaultBuildOperationRunner$Calla
bleBuildOperationWorker.execute(DefaultBuildOperationRunner.java:210)
[        ] 	at org.gradle.internal.operations.DefaultBuildOperationRunner$Calla
bleBuildOperationWorker.execute(DefaultBuildOperationRunner.java:205)
[        ] 	at org.gradle.internal.operations.DefaultBuildOperationRunner$2.exe
cute(DefaultBuildOperationRunner.java:67)
[        ] 	at org.gradle.internal.operations.DefaultBuildOperationRunner$2.exe
cute(DefaultBuildOperationRunner.java:60)
[        ] 	at org.gradle.internal.operations.DefaultBuildOperationRunner.execu
te(DefaultBuildOperationRunner.java:167)
[        ] 	at org.gradle.internal.operations.DefaultBuildOperationRunner.execu
te(DefaultBuildOperationRunner.java:60)
[        ] 	at org.gradle.internal.operations.DefaultBuildOperationRunner.call(
DefaultBuildOperationRunner.java:54)
[        ] 	at org.gradle.execution.BuildOperationFiringBuildWorkerExecutor.exe
cute(BuildOperationFiringBuildWorkerExecutor.java:40)
[        ] 	at org.gradle.internal.build.DefaultBuildLifecycleController.lambda
$executeTasks$10(DefaultBuildLifecycleController.java:313)
[        ] 	at org.gradle.internal.model.StateTransitionController.doTransition
(StateTransitionController.java:266)
[        ] 	at org.gradle.internal.model.StateTransitionController.lambda$tryTr
ansition$8(StateTransitionController.java:177)
[        ] 	at org.gradle.internal.work.DefaultSynchronizer.withLock(DefaultSyn
chronizer.java:46)
[        ] 	at org.gradle.internal.model.StateTransitionController.tryTransitio
n(StateTransitionController.java:177)
[        ] 	at org.gradle.internal.build.DefaultBuildLifecycleController.execut
eTasks(DefaultBuildLifecycleController.java:304)
[        ] 	at org.gradle.internal.build.DefaultBuildWorkGraphController$Defaul
tBuildWorkGraph.runWork(DefaultBuildWorkGraphController.java:220)
[   +1 ms] 	at org.gradle.internal.work.DefaultWorkerLeaseService.withLocks(Def
aultWorkerLeaseService.java:263)
[  +13 ms] 	at org.gradle.internal.work.DefaultWorkerLeaseService.runAsWorkerTh
read(DefaultWorkerLeaseService.java:127)
[  +17 ms] 	at org.gradle.composite.internal.DefaultBuildController.doRun(Defau
ltBuildController.java:181)
[        ] 	at org.gradle.composite.internal.DefaultBuildController.access$000(
DefaultBuildController.java:50)
[        ] 	at org.gradle.composite.internal.DefaultBuildController$BuildOpRunn
able.lambda$run$0(DefaultBuildController.java:198)
[        ] 	at org.gradle.internal.operations.CurrentBuildOperationRef.with(Cur
rentBuildOperationRef.java:85)
[  +31 ms] 	at org.gradle.composite.internal.DefaultBuildController$BuildOpRunn
able.run(DefaultBuildController.java:198)
[   +2 ms] 	at 
java.base/java.util.concurrent.Executors$RunnableAdapter.call(Unknown Source)
[        ] 	at java.base/java.util.concurrent.FutureTask.run(Unknown Source)
[        ] 	at org.gradle.internal.concurrent.ExecutorPolicy$CatchAndRecordFail
ures.onExecute(ExecutorPolicy.java:64)
[        ] 	at org.gradle.internal.concurrent.AbstractManagedExecutor$1.run(Abs
tractManagedExecutor.java:48)
[        ] 	at 
java.base/java.util.concurrent.ThreadPoolExecutor.runWorker(Unknown Source)
[        ] 	at 
java.base/java.util.concurrent.ThreadPoolExecutor$Worker.run(Unknown Source)
[        ] 	at java.base/java.lang.Thread.run(Unknown Source)
[        ] BUILD FAILED in 1m 55s
[        ] Deprecated Gradle features were used in this build, making it incompatible with Gradle 9.0.
[   +8 ms] You can use '--warning-mode all' to show the individual deprecation warnings and determine if they come from your own scripts or plugins.
[        ] For more on this, please refer to https://docs.gradle.org/8.14/userguide/command_line_interface.html#sec:command_line_warnings in the Gradle documentation.
[        ] 6 actionable tasks: 2 executed, 4 up-to-date
[ +268 ms] Watched directory hierarchies: [E:\flutter\packages\flutter_tools\gradle, E:\projects\karan\android]
[+1829 ms] Running Gradle task 'assembleDebug'... (completed in 120.5s)
[ +168 ms] "flutter apk" took 1,035,040ms.
[ +244 ms] Gradle task assembleDebug failed with exit code 1
[        ] 
           #0      throwToolExit 
(package:flutter_tools/src/base/common.dart:34:3)
           #1      AndroidGradleBuilder.buildGradleApp 
(package:flutter_tools/src/android/gradle.dart:592:7)
           <asynchronous suspension>
           #2      AndroidGradleBuilder.buildApk 
(package:flutter_tools/src/android/gradle.dart:234:5)
           <asynchronous suspension>
           #3      BuildApkCommand.runCommand 
(package:flutter_tools/src/commands/build_apk.dart:131:5)
           <asynchronous suspension>
           #4      FlutterCommand.run.<anonymous closure> 
(package:flutter_tools/src/runner/flutter_command.dart:1590:27)
           <asynchronous suspension>
           #5      AppContext.run.<anonymous closure> 
(package:flutter_tools/src/base/context.dart:154:19)
           <asynchronous suspension>
           #6      CommandRunner.runCommand 
(package:args/command_runner.dart:212:13)
           <asynchronous suspension>
           #7      FlutterCommandRunner.runCommand.<anonymous closure> 
(package:flutter_tools/src/runner/flutter_command_runner.dart:496:9)
           <asynchronous suspension>
           #8      AppContext.run.<anonymous closure> 
(package:flutter_tools/src/base/context.dart:154:19)
           <asynchronous suspension>
           #9      FlutterCommandRunner.runCommand 
(package:flutter_tools/src/runner/flutter_command_runner.dart:431:5)
           <asynchronous suspension>
           #10     FlutterCommandRunner.run.<anonymous closure> 
(package:flutter_tools/src/runner/flutter_command_runner.dart:307:33)
           <asynchronous suspension>
           #11     run.<anonymous closure>.<anonymous closure> 
(package:flutter_tools/runner.dart:104:11)
           <asynchronous suspension>
           #12     AppContext.run.<anonymous closure> 
(package:flutter_tools/src/base/context.dart:154:19)
           <asynchronous suspension>
           #13     main (package:flutter_tools/executable.dart:103:3)
           <asynchronous suspension>


[        ] Running 1 shutdown hook
[   +6 ms] Shutdown hooks complete
[ +279 ms] exiting with code 1
